ARM Linker, 5.03 [Build 76] [MDK-ARM Lite]

==============================================================================

Section Cross References

    startup_tm4c123.o(STACK) refers (Special) to heapauxi.o(.text) for __use_two_region_memory
    startup_tm4c123.o(HEAP) refers (Special) to heapauxi.o(.text) for __use_two_region_memory
    startup_tm4c123.o(RESET) refers (Special) to heapauxi.o(.text) for __use_two_region_memory
    startup_tm4c123.o(RESET) refers to startup_tm4c123.o(STACK) for __initial_sp
    startup_tm4c123.o(RESET) refers to startup_tm4c123.o(.text) for Reset_Handler
    startup_tm4c123.o(RESET) refers to main.o(.text) for GPIOF_Handler
    startup_tm4c123.o(.text) refers (Special) to heapauxi.o(.text) for __use_two_region_memory
    startup_tm4c123.o(.text) refers to main.o(.text) for SystemInit
    startup_tm4c123.o(.text) refers to __main.o(!!!main) for __main
    startup_tm4c123.o(.text) refers to startup_tm4c123.o(HEAP) for Heap_Mem
    startup_tm4c123.o(.text) refers to startup_tm4c123.o(STACK) for Stack_Mem
    main.o(.text) refers to rt_ctype_table.o(.text) for __rt_ctype_table
    main.o(.text) refers to dflt_clz.o(x$fpl$dflt) for __aeabi_i2d
    main.o(.text) refers to dmul.o(x$fpl$dmul) for __aeabi_dmul
    main.o(.text) refers to daddsub_clz.o(x$fpl$dadd) for __aeabi_dadd
    main.o(.text) refers to ddiv.o(x$fpl$ddiv) for __aeabi_ddiv
    main.o(.text) refers to feqf.o(x$fpl$feqf) for __aeabi_cfcmpeq
    main.o(.text) refers to faddsub_clz.o(x$fpl$fsub) for __aeabi_fsub
    main.o(.text) refers to f2d.o(x$fpl$f2d) for __aeabi_f2d
    main.o(.text) refers to cos.o(i.cos) for cos
    main.o(.text) refers to sin.o(i.sin) for sin
    main.o(.text) refers to acos.o(i.acos) for acos
    main.o(.text) refers to drleqf.o(x$fpl$drleqf) for __aeabi_cdrcmple
    main.o(.text) refers to d2f.o(x$fpl$d2f) for __aeabi_d2f
    main.o(.text) refers to systick.o(.text) for delay_milli
    main.o(.text) refers to uart.o(.text) for UART0_Write
    main.o(.text) refers to led.o(.text) for portF_Init
    main.o(.text) refers to lcd.o(.text) for LCD_init
    main.o(.text) refers to main.o(.data) for total_dist
    main.o(.text) refers to ffixu.o(x$fpl$ffixu) for __aeabi_f2uiz
    uart.o(.text) refers to fflt_clz.o(x$fpl$ffltu) for __aeabi_ui2f
    lcd.o(.text) refers to systick.o(.text) for delay_micro
    lcd.o(.text) refers to strlen.o(.text) for strlen
    lcd.o(.text) refers to dfixu.o(x$fpl$dfixu) for __aeabi_d2uiz
    lcd.o(.text) refers to dflt_clz.o(x$fpl$dfltu) for __aeabi_ui2d
    lcd.o(.text) refers to daddsub_clz.o(x$fpl$drsb) for __aeabi_drsub
    lcd.o(.text) refers to dmul.o(x$fpl$dmul) for __aeabi_dmul
    rt_ctype_table.o(.text) refers to rt_locale_intlibspace.o(.text) for __rt_locale
    rt_ctype_table.o(.text) refers to lc_ctype_c.o(locale$$code) for _get_lc_ctype
    __main.o(!!!main) refers to rtentry.o(.ARM.Collect$$rtentry$$00000000) for __rt_entry
    d2f.o(x$fpl$d2f) refers (Special) to usenofp.o(x$fpl$usenofp) for __I$use$fp
    d2f.o(x$fpl$d2f) refers to fretinf.o(x$fpl$fretinf) for __fpl_fretinf
    d2f.o(x$fpl$d2f) refers to dnaninf.o(x$fpl$dnaninf) for __fpl_dnaninf
    daddsub_clz.o(x$fpl$dadd) refers (Special) to usenofp.o(x$fpl$usenofp) for __I$use$fp
    daddsub_clz.o(x$fpl$dadd) refers to daddsub_clz.o(x$fpl$dsub) for _dsub1
    daddsub_clz.o(x$fpl$dadd) refers to dretinf.o(x$fpl$dretinf) for __fpl_dretinf
    daddsub_clz.o(x$fpl$dadd) refers to dnaninf.o(x$fpl$dnaninf) for __fpl_dnaninf
    daddsub_clz.o(x$fpl$drsb) refers (Special) to usenofp.o(x$fpl$usenofp) for __I$use$fp
    daddsub_clz.o(x$fpl$drsb) refers to daddsub_clz.o(x$fpl$dadd) for _dadd1
    daddsub_clz.o(x$fpl$drsb) refers to daddsub_clz.o(x$fpl$dsub) for _dsub1
    daddsub_clz.o(x$fpl$dsub) refers (Special) to usenofp.o(x$fpl$usenofp) for __I$use$fp
    daddsub_clz.o(x$fpl$dsub) refers to daddsub_clz.o(x$fpl$dadd) for _dadd1
    daddsub_clz.o(x$fpl$dsub) refers to dnaninf.o(x$fpl$dnaninf) for __fpl_dnaninf
    ddiv.o(x$fpl$drdiv) refers (Special) to usenofp.o(x$fpl$usenofp) for __I$use$fp
    ddiv.o(x$fpl$drdiv) refers to ddiv.o(x$fpl$ddiv) for ddiv_entry
    ddiv.o(x$fpl$ddiv) refers (Special) to usenofp.o(x$fpl$usenofp) for __I$use$fp
    ddiv.o(x$fpl$ddiv) refers to dretinf.o(x$fpl$dretinf) for __fpl_dretinf
    ddiv.o(x$fpl$ddiv) refers to dnaninf.o(x$fpl$dnaninf) for __fpl_dnaninf
    dfixu.o(x$fpl$dfixu) refers (Special) to usenofp.o(x$fpl$usenofp) for __I$use$fp
    dfixu.o(x$fpl$dfixu) refers to dnaninf.o(x$fpl$dnaninf) for __fpl_dnaninf
    dfixu.o(x$fpl$dfixur) refers (Special) to usenofp.o(x$fpl$usenofp) for __I$use$fp
    dfixu.o(x$fpl$dfixur) refers to dnaninf.o(x$fpl$dnaninf) for __fpl_dnaninf
    dflt_clz.o(x$fpl$dfltu) refers (Special) to usenofp.o(x$fpl$usenofp) for __I$use$fp
    dflt_clz.o(x$fpl$dflt) refers (Special) to usenofp.o(x$fpl$usenofp) for __I$use$fp
[...]
    lc_ctype_c.o(locale$$code) refers to strcmpv7m.o(.text) for strcmp
    lc_ctype_c.o(locale$$code) refers to lc_ctype_c.o(locale$$data) for __lcctype_c_name
    dleqf.o(x$fpl$dleqf) refers (Special) to usenofp.o(x$fpl$usenofp) for __I$use$fp
    dleqf.o(x$fpl$dleqf) refers to dnaninf.o(x$fpl$dnaninf) for __fpl_dnaninf
    dleqf.o(x$fpl$dleqf) refers to dcmpi.o(x$fpl$dcmpinf) for __fpl_dcmp_Inf
    dnaninf.o(x$fpl$dnaninf) refers (Special) to usenofp.o(x$fpl$usenofp) for __I$use$fp
    dretinf.o(x$fpl$dretinf) refers (Special) to usenofp.o(x$fpl$usenofp) for __I$use$fp
    fcmpi.o(x$fpl$fcmpinf) refers (Special) to usenofp.o(x$fpl$usenofp) for __I$use$fp
    fnaninf.o(x$fpl$fnaninf) refers (Special) to usenofp.o(x$fpl$usenofp) for __I$use$fp
    fretinf.o(x$fpl$fretinf) refers (Special) to usenofp.o(x$fpl$usenofp) for __I$use$fp
    scalbn.o(x$fpl$scalbn) refers (Special) to usenofp.o(x$fpl$usenofp) for __I$use$fp
    scalbn.o(x$fpl$scalbn) refers to dcheck1.o(x$fpl$dcheck1) for __fpl_dcheck_NaN1
    cos_i.o(i.__kernel_cos) refers (Special) to usenofp.o(x$fpl$usenofp) for __I$use$fp
    cos_i.o(i.__kernel_cos) refers to dfix.o(x$fpl$dfix) for __aeabi_d2iz
    cos_i.o(i.__kernel_cos) refers to dmul.o(x$fpl$dmul) for __aeabi_dmul
    cos_i.o(i.__kernel_cos) refers to poly.o(i.__kernel_poly) for __kernel_poly
    cos_i.o(i.__kernel_cos) refers to daddsub_clz.o(x$fpl$dsub) for __aeabi_dsub
    cos_i.o(i.__kernel_cos) refers to scalbn.o(x$fpl$scalbn) for __ARM_scalbn
    cos_i.o(i.__kernel_cos) refers to daddsub_clz.o(x$fpl$drsb) for __aeabi_drsub
    cos_i.o(i.__kernel_cos) refers to cos_i.o(.constdata) for .constdata
    cos_i.o(.constdata) refers (Special) to usenofp.o(x$fpl$usenofp) for __I$use$fp
    poly.o(i.__kernel_poly) refers (Special) to usenofp.o(x$fpl$usenofp) for __I$use$fp
    poly.o(i.__kernel_poly) refers to dmul.o(x$fpl$dmul) for __aeabi_dmul
    poly.o(i.__kernel_poly) refers to daddsub_clz.o(x$fpl$dadd) for __aeabi_dadd
    rred.o(i.__ieee754_rem_pio2) refers (Special) to usenofp.o(x$fpl$usenofp) for __I$use$fp
    rred.o(i.__ieee754_rem_pio2) refers to daddsub_clz.o(x$fpl$dsub) for __aeabi_dsub
    rred.o(i.__ieee754_rem_pio2) refers to daddsub_clz.o(x$fpl$dadd) for __aeabi_dadd
    rred.o(i.__ieee754_rem_pio2) refers to dmul.o(x$fpl$dmul) for __aeabi_dmul
    rred.o(i.__ieee754_rem_pio2) refers to dfix.o(x$fpl$dfix) for __aeabi_d2iz
    rred.o(i.__ieee754_rem_pio2) refers to dflt_clz.o(x$fpl$dflt) for __aeabi_i2d
    rred.o(i.__ieee754_rem_pio2) refers to daddsub_clz.o(x$fpl$drsb) for __aeabi_drsub
    rred.o(i.__ieee754_rem_pio2) refers to dflt_clz.o(x$fpl$dfltu) for __aeabi_ui2d
    rred.o(i.__ieee754_rem_pio2) refers to scalbn.o(x$fpl$scalbn) for __ARM_scalbn
    rred.o(i.__ieee754_rem_pio2) refers to rred.o(.constdata) for .constdata
    rred.o(i.__use_accurate_range_reduction) refers (Special) to usenofp.o(x$fpl$usenofp) for __I$use$fp
    rred.o(.constdata) refers (Special) to usenofp.o(x$fpl$usenofp) for __I$use$fp
    sin_i.o(i.__kernel_sin) refers (Special) to usenofp.o(x$fpl$usenofp) for __I$use$fp
    sin_i.o(i.__kernel_sin) refers to fpclassify.o(i.__ARM_fpclassify) for __ARM_fpclassify
    sin_i.o(i.__kernel_sin) refers to dunder.o(i.__mathlib_dbl_underflow) for __mathlib_dbl_underflow
    sin_i.o(i.__kernel_sin) refers to dmul.o(x$fpl$dmul) for __aeabi_dmul
    sin_i.o(i.__kernel_sin) refers to poly.o(i.__kernel_poly) for __kernel_poly
    sin_i.o(i.__kernel_sin) refers to scalbn.o(x$fpl$scalbn) for __ARM_scalbn
    sin_i.o(i.__kernel_sin) refers to daddsub_clz.o(x$fpl$dsub) for __aeabi_dsub
    sin_i.o(i.__kernel_sin) refers to daddsub_clz.o(x$fpl$drsb) for __aeabi_drsub
    sin_i.o(i.__kernel_sin) refers to daddsub_clz.o(x$fpl$dadd) for __aeabi_dadd
    sin_i.o(i.__kernel_sin) refers to sin_i.o(.constdata) for .constdata
    sin_i.o(.constdata) refers (Special) to usenofp.o(x$fpl$usenofp) for __I$use$fp
    sin_i_x.o(i.____kernel_sin$lsc) refers (Special) to usenofp.o(x$fpl$usenofp) for __I$use$fp
    sin_i_x.o(i.____kernel_sin$lsc) refers to dmul.o(x$fpl$dmul) for __aeabi_dmul
    sin_i_x.o(i.____kernel_sin$lsc) refers to poly.o(i.__kernel_poly) for __kernel_poly
    sin_i_x.o(i.____kernel_sin$lsc) refers to scalbn.o(x$fpl$scalbn) for __ARM_scalbn
    sin_i_x.o(i.____kernel_sin$lsc) refers to daddsub_clz.o(x$fpl$dsub) for __aeabi_dsub
    sin_i_x.o(i.____kernel_sin$lsc) refers to daddsub_clz.o(x$fpl$drsb) for __aeabi_drsub
    sin_i_x.o(i.____kernel_sin$lsc) refers to daddsub_clz.o(x$fpl$dadd) for __aeabi_dadd
    sin_i_x.o(i.____kernel_sin$lsc) refers to sin_i_x.o(.constdata) for .constdata
    sin_i_x.o(.constdata) refers (Special) to usenofp.o(x$fpl$usenofp) for __I$use$fp
    sqrt.o(i.__softfp_sqrt) refers (Special) to usenofp.o(x$fpl$usenofp) for __I$use$fp
    sqrt.o(i.__softfp_sqrt) refers to dsqrt_umaal.o(x$fpl$dsqrt) for _dsqrt
    sqrt.o(i.__softfp_sqrt) refers to _rserrno.o(.text) for __set_errno
    sqrt.o(i.sqrt) refers (Special) to usenofp.o(x$fpl$usenofp) for __I$use$fp
    sqrt.o(i.sqrt) refers to dsqrt_umaal.o(x$fpl$dsqrt) for _dsqrt
    sqrt.o(i.sqrt) refers to _rserrno.o(.text) for __set_errno
    sqrt_x.o(i.____softfp_sqrt$lsc) refers (Special) to usenofp.o(x$fpl$usenofp) for __I$use$fp
    sqrt_x.o(i.____softfp_sqrt$lsc) refers to dleqf.o(x$fpl$dleqf) for __aeabi_cdcmple
    sqrt_x.o(i.____softfp_sqrt$lsc) refers to _rserrno.o(.text) for __set_errno
    sqrt_x.o(i.____softfp_sqrt$lsc) refers to dsqrt_umaal.o(x$fpl$dsqrt) for _dsqrt
    sqrt_x.o(i.__sqrt$lsc) refers (Special) to usenofp.o(x$fpl$usenofp) for __I$use$fp
    sqrt_x.o(i.__sqrt$lsc) refers to dleqf.o(x$fpl$dleqf) for __aeabi_cdcmple
    sqrt_x.o(i.__sqrt$lsc) refers to _rserrno.o(.text) for __set_errno
    sqrt_x.o(i.__sqrt$lsc) refers to dsqrt_umaal.o(x$fpl$dsqrt) for _dsqrt
    libspace.o(.text) refers to libspace.o(.bss) for __libspace_start
    rtentry2.o(.ARM.Collect$$rtentry$$00000008) refers to boardinit2.o(.text) for _platform_post_stackheap_init
    rtentry2.o(.ARM.Collect$$rtentry$$0000000A) refers to libinit.o(.ARM.Collect$$libinit$$00000000) for __rt_lib_init
    rtentry2.o(.ARM.Collect$$rtentry$$0000000B) refers to boardinit3.o(.text) for _platform_post_lib_init
    rtentry2.o(.ARM.Collect$$rtentry$$0000000D) refers to main.o(.text) for main
    rtentry2.o(.ARM.Collect$$rtentry$$0000000D) refers to exit.o(.text) for exit
    rtentry2.o(.ARM.exidx) refers to rtentry2.o(.ARM.Collect$$rtentry$$00000001) for .ARM.Collect$$rtentry$$00000001
    rtentry2.o(.ARM.exidx) refers to rtentry2.o(.ARM.Collect$$rtentry$$00000008) for .ARM.Collect$$rtentry$$00000008
    rtentry2.o(.ARM.exidx) refers to rtentry2.o(.ARM.Collect$$rtentry$$0000000A) for .ARM.Collect$$rtentry$$0000000A
    rtentry2.o(.ARM.exidx) refers to rtentry2.o(.ARM.Collect$$rtentry$$0000000B) for .ARM.Collect$$rtentry$$0000000B
    rtentry2.o(.ARM.exidx) refers to rtentry2.o(.ARM.Collect$$rtentry$$0000000D) for .ARM.Collect$$rtentry$$0000000D
    rtentry4.o(.ARM.Collect$$rtentry$$00000004) refers to sys_stackheap_outer.o(.text) for __user_setup_stackheap
    rtentry4.o(.ARM.exidx) refers to rtentry4.o(.ARM.Collect$$rtentry$$00000004) for .ARM.Collect$$rtentry$$00000004
    rt_errno_addr.o(.text) refers to rt_errno_addr.o(.bss) for __aeabi_errno_addr_data
    rt_errno_addr_intlibspace.o(.text) refers to libspace.o(.bss) for __libspace_start
    libinit2.o(.ARM.Collect$$libinit$$0000000D) refers (Weak) to rt_locale_intlibspace.o(.text) for __rt_locale
    libinit2.o(.ARM.Collect$$libinit$$0000000E) refers to libinit2.o(.ARM.Collect$$libinit$$0000000D) for .ARM.Collect$$libinit$$0000000D
    libinit2.o(.ARM.Collect$$libinit$$00000010) refers to libinit2.o(.ARM.Collect$$libinit$$0000000D) for .ARM.Collect$$libinit$$0000000D
    libinit2.o(.ARM.Collect$$libinit$$00000010) refers (Weak) to lc_ctype_c.o(locale$$code) for _get_lc_ctype
    libinit2.o(.ARM.Collect$$libinit$$00000012) refers to libinit2.o(.ARM.Collect$$libinit$$0000000D) for .ARM.Collect$$libinit$$0000000D
    libinit2.o(.ARM.Collect$$libinit$$00000014) refers to libinit2.o(.ARM.Collect$$libinit$$0000000D) for .ARM.Collect$$libinit$$0000000D
    libinit2.o(.ARM.Collect$$libinit$$00000016) refers to libinit2.o(.ARM.Collect$$libinit$$0000000D) for .ARM.Collect$$libinit$$0000000D
    libinit2.o(.ARM.Collect$$libinit$$00000024) refers to argv_veneer.o(.emb_text) for __ARM_argv_veneer
    libinit2.o(.ARM.Collect$$libinit$$00000025) refers to argv_veneer.o(.emb_text) for __ARM_argv_veneer
    dcheck1.o(x$fpl$dcheck1) refers (Special) to usenofp.o(x$fpl$usenofp) for __I$use$fp
    dcheck1.o(x$fpl$dcheck1) refers to retnan.o(x$fpl$retnan) for __fpl_return_NaN
    dcmpi.o(x$fpl$dcmpinf) refers (Special) to usenofp.o(x$fpl$usenofp) for __I$use$fp
    dfix.o(x$fpl$dfix) refers (Special) to usenofp.o(x$fpl$usenofp) for __I$use$fp
    dfix.o(x$fpl$dfix) refers to dnaninf.o(x$fpl$dnaninf) for __fpl_dnaninf
    dfix.o(x$fpl$dfixr) refers (Special) to usenofp.o(x$fpl$usenofp) for __I$use$fp
    dfix.o(x$fpl$dfixr) refers to dnaninf.o(x$fpl$dnaninf) for __fpl_dnaninf
    dsqrt_umaal.o(x$fpl$dsqrt) refers (Special) to usenofp.o(x$fpl$usenofp) for __I$use$fp
    dsqrt_umaal.o(x$fpl$dsqrt) refers to dnaninf.o(x$fpl$dnaninf) for __fpl_dnaninf
    dunder.o(i.__mathlib_dbl_underflow) refers to scalbn.o(x$fpl$scalbn) for __ARM_scalbn
    fpclassify.o(i.__ARM_fpclassify) refers (Special) to usenofp.o(x$fpl$usenofp) for __I$use$fp
    sys_stackheap_outer.o(.text) refers to libspace.o(.text) for __user_perproc_libspace
    sys_stackheap_outer.o(.text) refers to startup_tm4c123.o(.text) for __user_initial_stackheap
    exit.o(.text) refers to rtexit.o(.ARM.Collect$$rtexit$$00000000) for __rt_exit
    argv_veneer.o(.emb_text) refers to no_argv.o(.text) for __ARM_get_argv
    libinit.o(.ARM.Collect$$libinit$$00000000) refers (Special) to libinit2.o(.ARM.Collect$$libinit$$0000002C) for __rt_lib_init_alloca_1
    libinit.o(.ARM.Collect$$libinit$$00000000) refers (Special) to libinit2.o(.ARM.Collect$$libinit$$0000002A) for __rt_lib_init_argv_1
    libinit.o(.ARM.Collect$$libinit$$00000000) refers (Special) to libinit2.o(.ARM.Collect$$libinit$$00000019) for __rt_lib_init_atexit_1
    libinit.o(.ARM.Collect$$libinit$$00000000) refers (Special) to libinit2.o(.ARM.Collect$$libinit$$0000001F) for __rt_lib_init_clock_1
    libinit.o(.ARM.Collect$$libinit$$00000000) refers (Special) to libinit2.o(.ARM.Collect$$libinit$$00000030) for __rt_lib_init_cpp_1
    libinit.o(.ARM.Collect$$libinit$$00000000) refers (Special) to libinit2.o(.ARM.Collect$$libinit$$0000002E) for __rt_lib_init_exceptions_1
    libinit.o(.ARM.Collect$$libinit$$00000000) refers (Special) to libinit2.o(.ARM.Collect$$libinit$$00000002) for __rt_lib_init_fp_1
    libinit.o(.ARM.Collect$$libinit$$00000000) refers (Special) to libinit2.o(.ARM.Collect$$libinit$$0000001D) for __rt_lib_init_fp_trap_1
    libinit.o(.ARM.Collect$$libinit$$00000000) refers (Special) to libinit2.o(.ARM.Collect$$libinit$$00000021) for __rt_lib_init_getenv_1
    libinit.o(.ARM.Collect$$libinit$$00000000) refers (Special) to libinit2.o(.ARM.Collect$$libinit$$00000008) for __rt_lib_init_heap_1
    libinit.o(.ARM.Collect$$libinit$$00000000) refers (Special) to libinit2.o(.ARM.Collect$$libinit$$0000000F) for __rt_lib_init_lc_collate_1
    libinit.o(.ARM.Collect$$libinit$$00000000) refers (Special) to libinit2.o(.ARM.Collect$$libinit$$00000011) for __rt_lib_init_lc_ctype_1
    libinit.o(.ARM.Collect$$libinit$$00000000) refers (Special) to libinit2.o(.ARM.Collect$$libinit$$00000013) for __rt_lib_init_lc_monetary_1
    libinit.o(.ARM.Collect$$libinit$$00000000) refers (Special) to libinit2.o(.ARM.Collect$$libinit$$00000015) for __rt_lib_init_lc_numeric_1
    libinit.o(.ARM.Collect$$libinit$$00000000) refers (Special) to libinit2.o(.ARM.Collect$$libinit$$00000017) for __rt_lib_init_lc_time_1
    libinit.o(.ARM.Collect$$libinit$$00000000) refers (Special) to libinit2.o(.ARM.Collect$$libinit$$0000000C) for __rt_lib_init_rand_1
    libinit.o(.ARM.Collect$$libinit$$00000000) refers (Special) to libinit2.o(.ARM.Collect$$libinit$$00000031) for __rt_lib_init_return
    libinit.o(.ARM.Collect$$libinit$$00000000) refers (Special) to libinit2.o(.ARM.Collect$$libinit$$0000001B) for __rt_lib_init_signal_1
    libinit.o(.ARM.Collect$$libinit$$00000000) refers (Special) to libinit2.o(.ARM.Collect$$libinit$$00000023) for __rt_lib_init_stdio_1
    libinit.o(.ARM.Collect$$libinit$$00000000) refers (Special) to libinit2.o(.ARM.Collect$$libinit$$0000000A) for __rt_lib_init_user_alloc_1
    retnan.o(x$fpl$retnan) refers (Special) to usenofp.o(x$fpl$usenofp) for __I$use$fp
    retnan.o(x$fpl$retnan) refers to trapv.o(x$fpl$trapveneer) for __fpl_cmpreturn
    rtexit.o(.ARM.Collect$$rtexit$$00000000) refers (Special) to rtexit2.o(.ARM.Collect$$rtexit$$00000004) for __rt_exit_exit
    rtexit.o(.ARM.Collect$$rtexit$$00000000) refers (Special) to rtexit2.o(.ARM.Collect$$rtexit$$00000003) for __rt_exit_ls
    rtexit.o(.ARM.Collect$$rtexit$$00000000) refers (Special) to rtexit2.o(.ARM.Collect$$rtexit$$00000002) for __rt_exit_prels_1
    rtexit.o(.ARM.exidx) refers (Special) to rtexit2.o(.ARM.Collect$$rtexit$$00000004) for __rt_exit_exit
    rtexit.o(.ARM.exidx) refers (Special) to rtexit2.o(.ARM.Collect$$rtexit$$00000003) for __rt_exit_ls
    rtexit.o(.ARM.exidx) refers (Special) to rtexit2.o(.ARM.Collect$$rtexit$$00000002) for __rt_exit_prels_1
    rtexit.o(.ARM.exidx) refers to rtexit.o(.ARM.Collect$$rtexit$$00000000) for .ARM.Collect$$rtexit$$00000000
    _get_argv_nomalloc.o(.text) refers (Special) to hrguard.o(.text) for __heap_region$guard
    _get_argv_nomalloc.o(.text) refers to defsig_rtmem_outer.o(.text) for __rt_SIGRTMEM
    _get_argv_nomalloc.o(.text) refers to sys_command.o(.text) for _sys_command_string
    trapv.o(x$fpl$trapveneer) refers (Special) to usenofp.o(x$fpl$usenofp) for __I$use$fp
    sys_command.o(.text) refers (Special) to use_no_semi.o(.text) for __I$use$semihosting
    sys_command.o(.text) refers (Special) to indicate_semi.o(.text) for __semihosting_library_function
    rtexit2.o(.ARM.Collect$$rtexit$$00000003) refers to libshutdown.o(.ARM.Collect$$libshutdown$$00000000) for __rt_lib_shutdown
    rtexit2.o(.ARM.Collect$$rtexit$$00000004) refers to sys_exit.o(.text) for _sys_exit
    rtexit2.o(.ARM.exidx) refers to rtexit2.o(.ARM.Collect$$rtexit$$00000001) for .ARM.Collect$$rtexit$$00000001
    rtexit2.o(.ARM.exidx) refers to rtexit2.o(.ARM.Collect$$rtexit$$00000003) for .ARM.Collect$$rtexit$$00000003
    rtexit2.o(.ARM.exidx) refers to rtexit2.o(.ARM.Collect$$rtexit$$00000004) for .ARM.Collect$$rtexit$$00000004
    defsig_rtmem_outer.o(.text) refers to defsig_rtmem_inner.o(.text) for __rt_SIGRTMEM_inner
    defsig_rtmem_outer.o(.text) refers to defsig_exit.o(.text) for __sig_exit
    defsig_rtmem_formal.o(.text) refers to rt_raise.o(.text) for __rt_raise
    sys_exit.o(.text) refers (Special) to use_no_semi.o(.text) for __I$use$semihosting
    sys_exit.o(.text) refers (Special) to indicate_semi.o(.text) for __semihosting_library_function
    rt_raise.o(.text) refers to __raise.o(.text) for __raise
    rt_raise.o(.text) refers to sys_exit.o(.text) for _sys_exit
    defsig_exit.o(.text) refers to sys_exit.o(.text) for _sys_exit
    defsig_rtmem_inner.o(.text) refers to defsig_general.o(.text) for __default_signal_display
    libshutdown.o(.ARM.Collect$$libshutdown$$00000000) refers (Special) to libshutdown2.o(.ARM.Collect$$libshutdown$$00000006) for __rt_lib_shutdown_fp_trap_1
    libshutdown.o(.ARM.Collect$$libshutdown$$00000000) refers (Special) to libshutdown2.o(.ARM.Collect$$libshutdown$$0000000E) for __rt_lib_shutdown_heap_1
    libshutdown.o(.ARM.Collect$$libshutdown$$00000000) refers (Special) to libshutdown2.o(.ARM.Collect$$libshutdown$$0000000F) for __rt_lib_shutdown_return
    libshutdown.o(.ARM.Collect$$libshutdown$$00000000) refers (Special) to libshutdown2.o(.ARM.Collect$$libshutdown$$00000009) for __rt_lib_shutdown_signal_1
    libshutdown.o(.ARM.Collect$$libshutdown$$00000000) refers (Special) to libshutdown2.o(.ARM.Collect$$libshutdown$$00000003) for __rt_lib_shutdown_stdio_1
    libshutdown.o(.ARM.Collect$$libshutdown$$00000000) refers (Special) to libshutdown2.o(.ARM.Collect$$libshutdown$$0000000B) for __rt_lib_shutdown_user_alloc_1
    __raise.o(.text) refers to defsig.o(CL$$defsig) for __default_signal_handler
    defsig_general.o(.text) refers to sys_wrch.o(.text) for _ttywrch
    sys_wrch.o(.text) refers (Special) to use_no_semi.o(.text) for __I$use$semihosting
    sys_wrch.o(.text) refers (Special) to indicate_semi.o(.text) for __semihosting_library_function
    defsig.o(CL$$defsig) refers to defsig_rtmem_inner.o(.text) for __rt_SIGRTMEM_inner
    defsig_abrt_inner.o(.text) refers to defsig_general.o(.text) for __default_signal_display
    defsig_fpe_inner.o(.text) refers to defsig_general.o(.text) for __default_signal_display
    defsig_rtred_inner.o(.text) refers to defsig_general.o(.text) for __default_signal_display
    defsig_stak_inner.o(.text) refers to defsig_general.o(.text) for __default_signal_display
    defsig_pvfn_inner.o(.text) refers to defsig_general.o(.text) for __default_signal_display
    defsig_cppl_inner.o(.text) refers to defsig_general.o(.text) for __default_signal_display
    defsig_segv_inner.o(.text) refers to defsig_general.o(.text) for __default_signal_display
    defsig_other.o(.text) refers to defsig_general.o(.text) for __default_signal_display


==============================================================================

Image Symbol Table

    Local Symbols

    Symbol Name                              Value     Ov Type        Size  Object(Section)

    RESET                                    0x00000000   Section      620  startup_tm4c123.o(RESET)
    ../clib/angel/boardlib.s                 0x00000000   Number         0  boardinit3.o ABSOLUTE
    ../clib/angel/boardlib.s                 0x00000000   Number         0  boardinit2.o ABSOLUTE
    ../clib/angel/boardlib.s                 0x00000000   Number         0  boardinit1.o ABSOLUTE
    ../clib/angel/boardlib.s                 0x00000000   Number         0  boardshut.o ABSOLUTE
    ../clib/angel/handlers.s                 0x00000000   Number         0  __scatter_copy.o ABSOLUTE
    ../clib/angel/handlers.s                 0x00000000   Number         0  __scatter_zi.o ABSOLUTE
    ../clib/angel/kernel.s                   0x00000000   Number         0  rtentry.o ABSOLUTE
    ../clib/angel/kernel.s                   0x00000000   Number         0  rtexit.o ABSOLUTE
    ../clib/angel/kernel.s                   0x00000000   Number         0  rtexit2.o ABSOLUTE
    ../clib/angel/kernel.s                   0x00000000   Number         0  rtentry4.o ABSOLUTE
    ../clib/angel/kernel.s                   0x00000000   Number         0  rtentry2.o ABSOLUTE
    ../clib/angel/rt.s                       0x00000000   Number         0  rt_ctype_table.o ABSOLUTE
    ../clib/angel/rt.s                       0x00000000   Number         0  rt_errno_addr.o ABSOLUTE
    ../clib/angel/rt.s                       0x00000000   Number         0  rt_raise.o ABSOLUTE
    ../clib/angel/rt.s                       0x00000000   Number         0  rt_errno_addr_intlibspace.o ABSOLUTE
    ../clib/angel/rt.s                       0x00000000   Number         0  rt_locale_intlibspace.o ABSOLUTE
    ../clib/angel/rt.s                       0x00000000   Number         0  rt_locale.o ABSOLUTE
    ../clib/angel/scatter.s                  0x00000000   Number         0  __scatter.o ABSOLUTE
    ../clib/angel/startup.s                  0x00000000   Number         0  __main.o ABSOLUTE
    ../clib/angel/sys.s                      0x00000000   Number         0  libspace.o ABSOLUTE
    ../clib/angel/sys.s                      0x00000000   Number         0  sys_stackheap_outer.o ABSOLUTE
    ../clib/angel/sys.s                      0x00000000   Number         0  use_no_semi.o ABSOLUTE
    ../clib/angel/sys.s                      0x00000000   Number         0  indicate_semi.o ABSOLUTE
    ../clib/angel/sysapp.c                   0x00000000   Number         0  sys_exit.o ABSOLUTE
    ../clib/angel/sysapp.c                   0x00000000   Number         0  sys_command.o ABSOLUTE
    ../clib/angel/sysapp.c                   0x00000000   Number         0  sys_wrch.o ABSOLUTE
    ../clib/armsys.c                         0x00000000   Number         0  argv_veneer.o ABSOLUTE
    ../clib/armsys.c                         0x00000000   Number         0  _get_argv_nomalloc.o ABSOLUTE
    ../clib/armsys.c                         0x00000000   Number         0  no_argv.o ABSOLUTE
    ../clib/armsys.c                         0x00000000   Number         0  argv_veneer.o ABSOLUTE
    ../clib/fenv.c                           0x00000000   Number         0  _rserrno.o ABSOLUTE
    ../clib/heapalloc.c                      0x00000000   Number         0  hrguard.o ABSOLUTE
    ../clib/heapaux.c                        0x00000000   Number         0  heapauxi.o ABSOLUTE
    ../clib/libinit.s                        0x00000000   Number         0  libshutdown2.o ABSOLUTE
    ../clib/libinit.s                        0x00000000   Number         0  libinit.o ABSOLUTE
    ../clib/libinit.s                        0x00000000   Number         0  libinit2.o ABSOLUTE
    ../clib/libinit.s                        0x00000000   Number         0  libshutdown.o ABSOLUTE
    ../clib/locale.s                         0x00000000   Number         0  lc_ctype_c.o ABSOLUTE
    ../clib/memcpset.s                       0x00000000   Number         0  strcmpv7m.o ABSOLUTE
    ../clib/signal.c                         0x00000000   Number         0  defsig_pvfn_inner.o ABSOLUTE
    ../clib/signal.c                         0x00000000   Number         0  defsig_rtred_inner.o ABSOLUTE
    ../clib/signal.c                         0x00000000   Number         0  defsig_rtmem_outer.o ABSOLUTE
    ../clib/signal.c                         0x00000000   Number         0  defsig_fpe_inner.o ABSOLUTE
    ../clib/signal.c                         0x00000000   Number         0  defsig_abrt_inner.o ABSOLUTE
    ../clib/signal.c                         0x00000000   Number         0  defsig_exit.o ABSOLUTE
    ../clib/signal.c                         0x00000000   Number         0  defsig_general.o ABSOLUTE
    ../clib/signal.c                         0x00000000   Number         0  __raise.o ABSOLUTE
    ../clib/signal.c                         0x00000000   Number         0  defsig_rtmem_inner.o ABSOLUTE
    ../clib/signal.c                         0x00000000   Number         0  defsig_rtmem_formal.o ABSOLUTE
    ../clib/signal.c                         0x00000000   Number         0  defsig_stak_inner.o ABSOLUTE
    ../clib/signal.c                         0x00000000   Number         0  defsig_other.o ABSOLUTE
    ../clib/signal.c                         0x00000000   Number         0  defsig_segv_inner.o ABSOLUTE
    ../clib/signal.c                         0x00000000   Number         0  defsig_cppl_inner.o ABSOLUTE
    ../clib/signal.s                         0x00000000   Number         0  defsig.o ABSOLUTE
    ../clib/stdlib.c                         0x00000000   Number         0  exit.o ABSOLUTE
    ../clib/string.c                         0x00000000   Number         0  strlen.o ABSOLUTE
    ../fplib/d2f.s                           0x00000000   Number         0  d2f.o ABSOLUTE
    ../fplib/daddsub.s                       0x00000000   Number         0  daddsub_clz.o ABSOLUTE
    ../fplib/dcheck1.s                       0x00000000   Number         0  dcheck1.o ABSOLUTE
    ../fplib/dcmpi.s                         0x00000000   Number         0  dcmpi.o ABSOLUTE
    ../fplib/ddiv.s                          0x00000000   Number         0  ddiv.o ABSOLUTE
    ../fplib/dfix.s                          0x00000000   Number         0  dfix.o ABSOLUTE
    ../fplib/dfixu.s                         0x00000000   Number         0  dfixu.o ABSOLUTE
    ../fplib/dflt.s                          0x00000000   Number         0  dflt_clz.o ABSOLUTE
    ../fplib/dleqf.s                         0x00000000   Number         0  dleqf.o ABSOLUTE
    ../fplib/dmul.s                          0x00000000   Number         0  dmul.o ABSOLUTE
    ../fplib/dnaninf.s                       0x00000000   Number         0  dnaninf.o ABSOLUTE
    ../fplib/dretinf.s                       0x00000000   Number         0  dretinf.o ABSOLUTE
    ../fplib/drleqf.s                        0x00000000   Number         0  drleqf.o ABSOLUTE
    ../fplib/dsqrt.s                         0x00000000   Number         0  dsqrt_umaal.o ABSOLUTE
    ../fplib/f2d.s                           0x00000000   Number         0  f2d.o ABSOLUTE
    ../fplib/faddsub.s                       0x00000000   Number         0  faddsub_clz.o ABSOLUTE
    ../fplib/fcmpi.s                         0x00000000   Number         0  fcmpi.o ABSOLUTE
    ../fplib/feqf.s                          0x00000000   Number         0  feqf.o ABSOLUTE
    ../fplib/ffixu.s                         0x00000000   Number         0  ffixu.o ABSOLUTE
    ../fplib/fflt.s                          0x00000000   Number         0  fflt_clz.o ABSOLUTE
    ../fplib/fnaninf.s                       0x00000000   Number         0  fnaninf.o ABSOLUTE
    ../fplib/fpinit.s                        0x00000000   Number         0  fpinit.o ABSOLUTE
    ../fplib/fretinf.s                       0x00000000   Number         0  fretinf.o ABSOLUTE
    ../fplib/retnan.s                        0x00000000   Number         0  retnan.o ABSOLUTE
    ../fplib/scalbn.s                        0x00000000   Number         0  scalbn.o ABSOLUTE
    ../fplib/trapv.s                         0x00000000   Number         0  trapv.o ABSOLUTE
    ../fplib/usenofp.s                       0x00000000   Number         0  usenofp.o ABSOLUTE
    ../mathlib/acos.c                        0x00000000   Number         0  acos.o ABSOLUTE
    ../mathlib/acos.c                        0x00000000   Number         0  acos_x.o ABSOLUTE
    ../mathlib/cos.c                         0x00000000   Number         0  cos_x.o ABSOLUTE
    ../mathlib/cos.c                         0x00000000   Number         0  cos.o ABSOLUTE
    ../mathlib/cos_i.c                       0x00000000   Number         0  cos_i.o ABSOLUTE
    ../mathlib/dunder.c                      0x00000000   Number         0  dunder.o ABSOLUTE
    ../mathlib/fpclassify.c                  0x00000000   Number         0  fpclassify.o ABSOLUTE
    ../mathlib/poly.c                        0x00000000   Number         0  poly.o ABSOLUTE
    ../mathlib/rred.c                        0x00000000   Number         0  rred.o ABSOLUTE
    ../mathlib/sin.c                         0x00000000   Number         0  sin_x.o ABSOLUTE
    ../mathlib/sin.c                         0x00000000   Number         0  sin.o ABSOLUTE
    ../mathlib/sin_i.c                       0x00000000   Number         0  sin_i_x.o ABSOLUTE
    ../mathlib/sin_i.c                       0x00000000   Number         0  sin_i.o ABSOLUTE
    ../mathlib/sqrt.c                        0x00000000   Number         0  sqrt.o ABSOLUTE
    ../mathlib/sqrt.c                        0x00000000   Number         0  sqrt_x.o ABSOLUTE
    LCD.c                                    0x00000000   Number         0  lcd.o ABSOLUTE
    LED.c                                    0x00000000   Number         0  led.o ABSOLUTE
    SYSTICK.c                                0x00000000   Number         0  systick.o ABSOLUTE
    UART.c                                   0x00000000   Number         0  uart.o ABSOLUTE
    dc.s                                     0x00000000   Number         0  dc.o ABSOLUTE
    main.c                                   0x00000000   Number         0  main.o ABSOLUTE
    startup_TM4C123.s                        0x00000000   Number         0  startup_tm4c123.o ABSOLUTE
    !!!main                                  0x0000026c   Section        8  __main.o(!!!main)
    !!!scatter                               0x00000274   Section       52  __scatter.o(!!!scatter)
    !!handler_copy                           0x000002a8   Section       26  __scatter_copy.o(!!handler_copy)
    !!handler_zi                             0x000002c4   Section       28  __scatter_zi.o(!!handler_zi)
    .ARM.Collect$$libinit$$00000000          0x000002e0   Section        2  libinit.o(.ARM.Collect$$libinit$$00000000)
    .ARM.Collect$$libinit$$00000002          0x000002e2   Section        0  libinit2.o(.ARM.Collect$$libinit$$00000002)
    .ARM.Collect$$libinit$$00000008          0x000002e2   Section        0  libinit2.o(.ARM.Collect$$libinit$$00000008)
    .ARM.Collect$$libinit$$0000000A          0x000002e2   Section        0  libinit2.o(.ARM.Collect$$libinit$$0000000A)
    .ARM.Collect$$libinit$$0000000C          0x000002e2   Section        0  libinit2.o(.ARM.Collect$$libinit$$0000000C)
    .ARM.Collect$$libinit$$0000000D          0x000002e2   Section        6  libinit2.o(.ARM.Collect$$libinit$$0000000D)
    .ARM.Collect$$libinit$$0000000F          0x000002e8   Section        0  libinit2.o(.ARM.Collect$$libinit$$0000000F)
    .ARM.Collect$$libinit$$00000010          0x000002e8   Section       12  libinit2.o(.ARM.Collect$$libinit$$00000010)
    .ARM.Collect$$libinit$$00000011          0x000002f4   Section        0  libinit2.o(.ARM.Collect$$libinit$$00000011)
    .ARM.Collect$$libinit$$00000013          0x000002f4   Section        0  libinit2.o(.ARM.Collect$$libinit$$00000013)
    .ARM.Collect$$libinit$$00000015          0x000002f4   Section        0  libinit2.o(.ARM.Collect$$libinit$$00000015)
    .ARM.Collect$$libinit$$00000017          0x000002f4   Section        0  libinit2.o(.ARM.Collect$$libinit$$00000017)
    .ARM.Collect$$libinit$$00000019          0x000002f4   Section        0  libinit2.o(.ARM.Collect$$libinit$$00000019)
    .ARM.Collect$$libinit$$0000001B          0x000002f4   Section        0  libinit2.o(.ARM.Collect$$libinit$$0000001B)
    .ARM.Collect$$libinit$$0000001D          0x000002f4   Section        0  libinit2.o(.ARM.Collect$$libinit$$0000001D)
    .ARM.Collect$$libinit$$0000001F          0x000002f4   Section        0  libinit2.o(.ARM.Collect$$libinit$$0000001F)
    .ARM.Collect$$libinit$$00000021          0x000002f4   Section        0  libinit2.o(.ARM.Collect$$libinit$$00000021)
    .ARM.Collect$$libinit$$00000023          0x000002f4   Section        0  libinit2.o(.ARM.Collect$$libinit$$00000023)
    .ARM.Collect$$libinit$$0000002A          0x000002f4   Section        0  libinit2.o(.ARM.Collect$$libinit$$0000002A)
    .ARM.Collect$$libinit$$0000002C          0x000002f4   Section        0  libinit2.o(.ARM.Collect$$libinit$$0000002C)
    .ARM.Collect$$libinit$$0000002E          0x000002f4   Section        0  libinit2.o(.ARM.Collect$$libinit$$0000002E)
    .ARM.Collect$$libinit$$00000030          0x000002f4   Section        0  libinit2.o(.ARM.Collect$$libinit$$00000030)
    .ARM.Collect$$libinit$$00000031          0x000002f4   Section        2  libinit2.o(.ARM.Collect$$libinit$$00000031)
    .ARM.Collect$$libshutdown$$00000000      0x000002f6   Section        2  libshutdown.o(.ARM.Collect$$libshutdown$$00000000)
    .ARM.Collect$$libshutdown$$00000003      0x000002f8   Section        0  libshutdown2.o(.ARM.Collect$$libshutdown$$00000003)
    .ARM.Collect$$libshutdown$$00000006      0x000002f8   Section        0  libshutdown2.o(.ARM.Collect$$libshutdown$$00000006)
    .ARM.Collect$$libshutdown$$00000009      0x000002f8   Section        0  libshutdown2.o(.ARM.Collect$$libshutdown$$00000009)
    .ARM.Collect$$libshutdown$$0000000B      0x000002f8   Section        0  libshutdown2.o(.ARM.Collect$$libshutdown$$0000000B)
    .ARM.Collect$$libshutdown$$0000000E      0x000002f8   Section        0  libshutdown2.o(.ARM.Collect$$libshutdown$$0000000E)
    .ARM.Collect$$libshutdown$$0000000F      0x000002f8   Section        2  libshutdown2.o(.ARM.Collect$$libshutdown$$0000000F)
    .ARM.Collect$$rtentry$$00000000          0x000002fa   Section        0  rtentry.o(.ARM.Collect$$rtentry$$00000000)
    .ARM.Collect$$rtentry$$00000002          0x000002fa   Section        0  rtentry2.o(.ARM.Collect$$rtentry$$00000002)
    .ARM.Collect$$rtentry$$00000004          0x000002fa   Section        6  rtentry4.o(.ARM.Collect$$rtentry$$00000004)
    .ARM.Collect$$rtentry$$00000009          0x00000300   Section        0  rtentry2.o(.ARM.Collect$$rtentry$$00000009)
    .ARM.Collect$$rtentry$$0000000A          0x00000300   Section        4  rtentry2.o(.ARM.Collect$$rtentry$$0000000A)
    .ARM.Collect$$rtentry$$0000000C          0x00000304   Section        0  rtentry2.o(.ARM.Collect$$rtentry$$0000000C)
    .ARM.Collect$$rtentry$$0000000D          0x00000304   Section        8  rtentry2.o(.ARM.Collect$$rtentry$$0000000D)
    .ARM.Collect$$rtexit$$00000000           0x0000030c   Section        2  rtexit.o(.ARM.Collect$$rtexit$$00000000)
    .ARM.Collect$$rtexit$$00000002           0x0000030e   Section        0  rtexit2.o(.ARM.Collect$$rtexit$$00000002)
    .ARM.Collect$$rtexit$$00000003           0x0000030e   Section        4  rtexit2.o(.ARM.Collect$$rtexit$$00000003)
    .ARM.Collect$$rtexit$$00000004           0x00000312   Section        6  rtexit2.o(.ARM.Collect$$rtexit$$00000004)
    .text                                    0x00000318   Section      276  startup_tm4c123.o(.text)
    .text                                    0x0000042c   Section        0  main.o(.text)
    .text                                    0x00000a38   Section        0  uart.o(.text)
    .text                                    0x00000c9c   Section        0  led.o(.text)
    .text                                    0x00000d0c   Section        0  systick.o(.text)
    .text                                    0x00000d70   Section        0  lcd.o(.text)
    .text                                    0x00000f80   Section       16  rt_ctype_table.o(.text)
    .text                                    0x00000f90   Section        0  strlen.o(.text)
    .text                                    0x00000fce   Section        0  heapauxi.o(.text)
    .text                                    0x00000fd4   Section        8  rt_locale_intlibspace.o(.text)
    .text                                    0x00000fdc   Section        0  _rserrno.o(.text)
    .text                                    0x00000ff4   Section        8  libspace.o(.text)
    .text                                    0x00000ffc   Section        8  rt_errno_addr_intlibspace.o(.text)
    .text                                    0x00001004   Section      128  strcmpv7m.o(.text)
    .text                                    0x00001084   Section       74  sys_stackheap_outer.o(.text)
    .text                                    0x000010ce   Section        0  exit.o(.text)
    .text                                    0x000010dc   Section        0  sys_exit.o(.text)
    .text                                    0x000010e8   Section        2  use_no_semi.o(.text)
    .text                                    0x000010ea   Section        0  indicate_semi.o(.text)
    i.__ARM_fpclassify                       0x000010ea   Section        0  fpclassify.o(i.__ARM_fpclassify)
    i.__ieee754_rem_pio2                     0x00001114   Section        0  rred.o(i.__ieee754_rem_pio2)
    i.__kernel_cos                           0x0000149c   Section        0  cos_i.o(i.__kernel_cos)
    i.__kernel_poly                          0x00001598   Section        0  poly.o(i.__kernel_poly)
    i.__kernel_sin                           0x00001644   Section        0  sin_i.o(i.__kernel_sin)
    i.__mathlib_dbl_underflow                0x00001730   Section        0  dunder.o(i.__mathlib_dbl_underflow)
    i.acos                                   0x00001740   Section        0  acos.o(i.acos)
    i.cos                                    0x000019c8   Section        0  cos.o(i.cos)
    i.sin                                    0x00001a74   Section        0  sin.o(i.sin)
    i.sqrt                                   0x00001b24   Section        0  sqrt.o(i.sqrt)
    locale$$code                             0x00001b70   Section       44  lc_ctype_c.o(locale$$code)
    x$fpl$d2f                                0x00001b9c   Section       98  d2f.o(x$fpl$d2f)
    x$fpl$dadd                               0x00001c00   Section      336  daddsub_clz.o(x$fpl$dadd)
    _dadd1                                   0x00001c11   Thumb Code     0  daddsub_clz.o(x$fpl$dadd)
    x$fpl$dcheck1                            0x00001d50   Section       16  dcheck1.o(x$fpl$dcheck1)
    x$fpl$dcmpinf                            0x00001d60   Section       24  dcmpi.o(x$fpl$dcmpinf)
    x$fpl$ddiv                               0x00001d78   Section      688  ddiv.o(x$fpl$ddiv)
    ddiv_entry                               0x00001d7f   Thumb Code     0  ddiv.o(x$fpl$ddiv)
    x$fpl$dfix                               0x00002028   Section       94  dfix.o(x$fpl$dfix)
    x$fpl$dfixu                              0x00002088   Section       90  dfixu.o(x$fpl$dfixu)
    x$fpl$dflt                               0x000020e2   Section       46  dflt_clz.o(x$fpl$dflt)
    x$fpl$dfltu                              0x00002110   Section       38  dflt_clz.o(x$fpl$dfltu)
    x$fpl$dleqf                              0x00002138   Section      120  dleqf.o(x$fpl$dleqf)
    x$fpl$dmul                               0x000021b0   Section      340  dmul.o(x$fpl$dmul)
    x$fpl$dnaninf                            0x00002304   Section      156  dnaninf.o(x$fpl$dnaninf)
    x$fpl$dretinf                            0x000023a0   Section       12  dretinf.o(x$fpl$dretinf)
    x$fpl$drleqf                             0x000023ac   Section      108  drleqf.o(x$fpl$drleqf)
    x$fpl$drsb                               0x00002418   Section       22  daddsub_clz.o(x$fpl$drsb)
    x$fpl$dsqrt                              0x00002430   Section      408  dsqrt_umaal.o(x$fpl$dsqrt)
    x$fpl$dsub                               0x000025c8   Section      468  daddsub_clz.o(x$fpl$dsub)
    _dsub1                                   0x000025d9   Thumb Code     0  daddsub_clz.o(x$fpl$dsub)
    x$fpl$f2d                                0x0000279c   Section       86  f2d.o(x$fpl$f2d)
    x$fpl$fadd                               0x000027f4   Section      196  faddsub_clz.o(x$fpl$fadd)
    _fadd1                                   0x00002803   Thumb Code     0  faddsub_clz.o(x$fpl$fadd)
    x$fpl$fcmpinf                            0x000028b8   Section       24  fcmpi.o(x$fpl$fcmpinf)
    x$fpl$feqf                               0x000028d0   Section      104  feqf.o(x$fpl$feqf)
    x$fpl$ffixu                              0x00002938   Section       62  ffixu.o(x$fpl$ffixu)
    x$fpl$ffltu                              0x00002978   Section       38  fflt_clz.o(x$fpl$ffltu)
    x$fpl$fnaninf                            0x0000299e   Section      140  fnaninf.o(x$fpl$fnaninf)
    x$fpl$fretinf                            0x00002a2a   Section       10  fretinf.o(x$fpl$fretinf)
    x$fpl$fsub                               0x00002a34   Section      234  faddsub_clz.o(x$fpl$fsub)
    _fsub1                                   0x00002a43   Thumb Code     0  faddsub_clz.o(x$fpl$fsub)
    x$fpl$retnan                             0x00002b1e   Section      100  retnan.o(x$fpl$retnan)
    x$fpl$scalbn                             0x00002b82   Section       92  scalbn.o(x$fpl$scalbn)
    x$fpl$trapveneer                         0x00002bde   Section       48  trapv.o(x$fpl$trapveneer)
    x$fpl$usenofp                            0x00002c0e   Section        0  usenofp.o(x$fpl$usenofp)
    .constdata                               0x00002c10   Section       80  acos.o(.constdata)
    pS                                       0x00002c10   Data          48  acos.o(.constdata)
    qS                                       0x00002c40   Data          32  acos.o(.constdata)
    .constdata                               0x00002c60   Section       48  cos_i.o(.constdata)
    C                                        0x00002c60   Data          48  cos_i.o(.constdata)
    .constdata                               0x00002c90   Section      200  rred.o(.constdata)
    pio2s                                    0x00002c90   Data          48  rred.o(.constdata)
    twooverpi                                0x00002cc0   Data         152  rred.o(.constdata)
    .constdata                               0x00002d58   Section       40  sin_i.o(.constdata)
    S                                        0x00002d58   Data          40  sin_i.o(.constdata)
    locale$$data                             0x00002da0   Section      272  lc_ctype_c.o(locale$$data)
    __lcctype_c_name                         0x00002da4   Data           2  lc_ctype_c.o(locale$$data)
    __lcctype_c_start                        0x00002dac   Data           0  lc_ctype_c.o(locale$$data)
    __lcctype_c_end                          0x00002eb0   Data           0  lc_ctype_c.o(locale$$data)
    .data                                    0x20000000   Section        5  main.o(.data)
    .bss                                     0x20000008   Section       96  libspace.o(.bss)
    HEAP                                     0x20000068   Section        0  startup_tm4c123.o(HEAP)
    STACK                                    0x20000068   Section      512  startup_tm4c123.o(STACK)
    Heap_Mem                                 0x20000068   Data           0  startup_tm4c123.o(HEAP)
    Stack_Mem                                0x20000068   Data         512  startup_tm4c123.o(STACK)
    __initial_sp                             0x20000268   Data           0  startup_tm4c123.o(STACK)

    Global Symbols

    Symbol Name                              Value     Ov Type        Size  Object(Section)

    BuildAttributes$$THM_ISAv4$E$P$D$K$B$S$7EM$PE$A:L22UL41UL21$X:L11$S22US41US21$IEEE1$IW$USESV6$~STKCKD$USESV7$~SHL$OTIME$ROPI$IEEEX$EBA8$UX$STANDARDLIB$REQ8$PRES8$EABIv2 0x00000000   Number         0  anon$$obj.o ABSOLUTE
    __ARM_use_no_argv                        0x00000000   Number         0  main.o ABSOLUTE
    __Vectors                                0x00000000   Data           4  startup_tm4c123.o(RESET)
    __ARM_exceptions_init                     - Undefined Weak Reference
    __alloca_initialize                       - Undefined Weak Reference
    __cpp_initialize__aeabi_                  - Undefined Weak Reference
    __cxa_finalize                            - Undefined Weak Reference
    __sigvec_lookup                           - Undefined Weak Reference
    _atexit_init                              - Undefined Weak Reference
    _call_atexit_fns                          - Undefined Weak Reference
    _clock_init                               - Undefined Weak Reference
    _fp_trap_init                             - Undefined Weak Reference
    _fp_trap_shutdown                         - Undefined Weak Reference
    _get_lc_collate                           - Undefined Weak Reference
    _get_lc_monetary                          - Undefined Weak Reference
    _get_lc_numeric                           - Undefined Weak Reference
    _get_lc_time                              - Undefined Weak Reference
    _getenv_init                              - Undefined Weak Reference
    _handle_redirection                       - Undefined Weak Reference
    _init_alloc                               - Undefined Weak Reference
    _init_user_alloc                          - Undefined Weak Reference
    _initio                                   - Undefined Weak Reference
    _rand_init                                - Undefined Weak Reference
    _signal_finish                            - Undefined Weak Reference
    _signal_init                              - Undefined Weak Reference
    _terminate_alloc                          - Undefined Weak Reference
    _terminate_user_alloc                     - Undefined Weak Reference
    _terminateio                              - Undefined Weak Reference
    __Vectors_End                            0x0000026c   Data           0  startup_tm4c123.o(RESET)
    __Vectors_Size                           0x0000026c   Number         0  startup_tm4c123.o ABSOLUTE
    __main                                   0x0000026d   Thumb Code     8  __main.o(!!!main)
    __scatterload                            0x00000275   Thumb Code     0  __scatter.o(!!!scatter)
    __scatterload_rt2                        0x00000275   Thumb Code    44  __scatter.o(!!!scatter)
    __scatterload_rt2_thumb_only             0x00000275   Thumb Code     0  __scatter.o(!!!scatter)
    __scatterload_null                       0x00000283   Thumb Code     0  __scatter.o(!!!scatter)
    __scatterload_copy                       0x000002a9   Thumb Code    26  __scatter_copy.o(!!handler_copy)
    __scatterload_zeroinit                   0x000002c5   Thumb Code    28  __scatter_zi.o(!!handler_zi)
    __rt_lib_init                            0x000002e1   Thumb Code     0  libinit.o(.ARM.Collect$$libinit$$00000000)
    __rt_lib_init_fp_1                       0x000002e3   Thumb Code     0  libinit2.o(.ARM.Collect$$libinit$$00000002)
    __rt_lib_init_heap_1                     0x000002e3   Thumb Code     0  libinit2.o(.ARM.Collect$$libinit$$00000008)
    __rt_lib_init_lc_common                  0x000002e3   Thumb Code     0  libinit2.o(.ARM.Collect$$libinit$$0000000D)
    __rt_lib_init_rand_1                     0x000002e3   Thumb Code     0  libinit2.o(.ARM.Collect$$libinit$$0000000C)
    __rt_lib_init_user_alloc_1               0x000002e3   Thumb Code     0  libinit2.o(.ARM.Collect$$libinit$$0000000A)
    __rt_lib_init_lc_collate_1               0x000002e9   Thumb Code     0  libinit2.o(.ARM.Collect$$libinit$$0000000F)
    __rt_lib_init_lc_ctype_2                 0x000002e9   Thumb Code     0  libinit2.o(.ARM.Collect$$libinit$$00000010)
    __rt_lib_init_alloca_1                   0x000002f5   Thumb Code     0  libinit2.o(.ARM.Collect$$libinit$$0000002C)
    __rt_lib_init_argv_1                     0x000002f5   Thumb Code     0  libinit2.o(.ARM.Collect$$libinit$$0000002A)
    __rt_lib_init_atexit_1                   0x000002f5   Thumb Code     0  libinit2.o(.ARM.Collect$$libinit$$00000019)
    __rt_lib_init_clock_1                    0x000002f5   Thumb Code     0  libinit2.o(.ARM.Collect$$libinit$$0000001F)
    __rt_lib_init_cpp_1                      0x000002f5   Thumb Code     0  libinit2.o(.ARM.Collect$$libinit$$00000030)
    __rt_lib_init_exceptions_1               0x000002f5   Thumb Code     0  libinit2.o(.ARM.Collect$$libinit$$0000002E)
    __rt_lib_init_fp_trap_1                  0x000002f5   Thumb Code     0  libinit2.o(.ARM.Collect$$libinit$$0000001D)
    __rt_lib_init_getenv_1                   0x000002f5   Thumb Code     0  libinit2.o(.ARM.Collect$$libinit$$00000021)
    __rt_lib_init_lc_ctype_1                 0x000002f5   Thumb Code     0  libinit2.o(.ARM.Collect$$libinit$$00000011)
    __rt_lib_init_lc_monetary_1              0x000002f5   Thumb Code     0  libinit2.o(.ARM.Collect$$libinit$$00000013)
    __rt_lib_init_lc_numeric_1               0x000002f5   Thumb Code     0  libinit2.o(.ARM.Collect$$libinit$$00000015)
    __rt_lib_init_lc_time_1                  0x000002f5   Thumb Code     0  libinit2.o(.ARM.Collect$$libinit$$00000017)
    __rt_lib_init_return                     0x000002f5   Thumb Code     0  libinit2.o(.ARM.Collect$$libinit$$00000031)
    __rt_lib_init_signal_1                   0x000002f5   Thumb Code     0  libinit2.o(.ARM.Collect$$libinit$$0000001B)
    __rt_lib_init_stdio_1                    0x000002f5   Thumb Code     0  libinit2.o(.ARM.Collect$$libinit$$00000023)
    __rt_lib_shutdown                        0x000002f7   Thumb Code     0  libshutdown.o(.ARM.Collect$$libshutdown$$00000000)
    __rt_lib_shutdown_fp_trap_1              0x000002f9   Thumb Code     0  libshutdown2.o(.ARM.Collect$$libshutdown$$00000006)
    __rt_lib_shutdown_heap_1                 0x000002f9   Thumb Code     0  libshutdown2.o(.ARM.Collect$$libshutdown$$0000000E)
    __rt_lib_shutdown_return                 0x000002f9   Thumb Code     0  libshutdown2.o(.ARM.Collect$$libshutdown$$0000000F)
    __rt_lib_shutdown_signal_1               0x000002f9   Thumb Code     0  libshutdown2.o(.ARM.Collect$$libshutdown$$00000009)
    __rt_lib_shutdown_stdio_1                0x000002f9   Thumb Code     0  libshutdown2.o(.ARM.Collect$$libshutdown$$00000003)
    __rt_lib_shutdown_user_alloc_1           0x000002f9   Thumb Code     0  libshutdown2.o(.ARM.Collect$$libshutdown$$0000000B)
    __rt_entry                               0x000002fb   Thumb Code     0  rtentry.o(.ARM.Collect$$rtentry$$00000000)
    __rt_entry_presh_1                       0x000002fb   Thumb Code     0  rtentry2.o(.ARM.Collect$$rtentry$$00000002)
    __rt_entry_sh                            0x000002fb   Thumb Code     0  rtentry4.o(.ARM.Collect$$rtentry$$00000004)
    __rt_entry_li                            0x00000301   Thumb Code     0  rtentry2.o(.ARM.Collect$$rtentry$$0000000A)
    __rt_entry_postsh_1                      0x00000301   Thumb Code     0  rtentry2.o(.ARM.Collect$$rtentry$$00000009)
    __rt_entry_main                          0x00000305   Thumb Code     0  rtentry2.o(.ARM.Collect$$rtentry$$0000000D)
    __rt_entry_postli_1                      0x00000305   Thumb Code     0  rtentry2.o(.ARM.Collect$$rtentry$$0000000C)
    __rt_exit                                0x0000030d   Thumb Code     0  rtexit.o(.ARM.Collect$$rtexit$$00000000)
    __rt_exit_ls                             0x0000030f   Thumb Code     0  rtexit2.o(.ARM.Collect$$rtexit$$00000003)
    __rt_exit_prels_1                        0x0000030f   Thumb Code     0  rtexit2.o(.ARM.Collect$$rtexit$$00000002)
    __rt_exit_exit                           0x00000313   Thumb Code     0  rtexit2.o(.ARM.Collect$$rtexit$$00000004)
    Reset_Handler                            0x00000319   Thumb Code     8  startup_tm4c123.o(.text)
    NMI_Handler                              0x00000321   Thumb Code     2  startup_tm4c123.o(.text)
    HardFault_Handler                        0x00000323   Thumb Code     2  startup_tm4c123.o(.text)
    MemManage_Handler                        0x00000325   Thumb Code     2  startup_tm4c123.o(.text)
    BusFault_Handler                         0x00000327   Thumb Code     2  startup_tm4c123.o(.text)
    UsageFault_Handler                       0x00000329   Thumb Code     2  startup_tm4c123.o(.text)
    SVC_Handler                              0x0000032b   Thumb Code     2  startup_tm4c123.o(.text)
    DebugMon_Handler                         0x0000032d   Thumb Code     2  startup_tm4c123.o(.text)
    PendSV_Handler                           0x0000032f   Thumb Code     2  startup_tm4c123.o(.text)
    SysTick_Handler                          0x00000331   Thumb Code     2  startup_tm4c123.o(.text)
    GPIOA_Handler                            0x00000333   Thumb Code     2  startup_tm4c123.o(.text)
    GPIOB_Handler                            0x00000335   Thumb Code     2  startup_tm4c123.o(.text)
    GPIOC_Handler                            0x00000337   Thumb Code     2  startup_tm4c123.o(.text)
    GPIOD_Handler                            0x00000339   Thumb Code     2  startup_tm4c123.o(.text)
    GPIOE_Handler                            0x0000033b   Thumb Code     2  startup_tm4c123.o(.text)
    UART0_Handler                            0x0000033d   Thumb Code     2  startup_tm4c123.o(.text)
    UART1_Handler                            0x0000033f   Thumb Code     2  startup_tm4c123.o(.text)
    SSI0_Handler                             0x00000341   Thumb Code     2  startup_tm4c123.o(.text)
    I2C0_Handler                             0x00000343   Thumb Code     2  startup_tm4c123.o(.text)
    PMW0_FAULT_Handler                       0x00000345   Thumb Code     2  startup_tm4c123.o(.text)
    PWM0_0_Handler                           0x00000347   Thumb Code     2  startup_tm4c123.o(.text)
    PWM0_1_Handler                           0x00000349   Thumb Code     2  startup_tm4c123.o(.text)
    PWM0_2_Handler                           0x0000034b   Thumb Code     2  startup_tm4c123.o(.text)
    QEI0_Handler                             0x0000034d   Thumb Code     2  startup_tm4c123.o(.text)
    ADC0SS0_Handler                          0x0000034f   Thumb Code     2  startup_tm4c123.o(.text)
    ADC0SS1_Handler                          0x00000351   Thumb Code     2  startup_tm4c123.o(.text)
    ADC0SS2_Handler                          0x00000353   Thumb Code     2  startup_tm4c123.o(.text)
    ADC0SS3_Handler                          0x00000355   Thumb Code     2  startup_tm4c123.o(.text)
    WDT0_Handler                             0x00000357   Thumb Code     2  startup_tm4c123.o(.text)
    TIMER0A_Handler                          0x00000359   Thumb Code     2  startup_tm4c123.o(.text)
    TIMER0B_Handler                          0x0000035b   Thumb Code     2  startup_tm4c123.o(.text)
    TIMER1A_Handler                          0x0000035d   Thumb Code     2  startup_tm4c123.o(.text)
    TIMER1B_Handler                          0x0000035f   Thumb Code     2  startup_tm4c123.o(.text)
    TIMER2A_Handler                          0x00000361   Thumb Code     2  startup_tm4c123.o(.text)
    TIMER2B_Handler                          0x00000363   Thumb Code     2  startup_tm4c123.o(.text)
    COMP0_Handler                            0x00000365   Thumb Code     2  startup_tm4c123.o(.text)
    COMP1_Handler                            0x00000367   Thumb Code     2  startup_tm4c123.o(.text)
    COMP2_Handler                            0x00000369   Thumb Code     2  startup_tm4c123.o(.text)
    SYSCTL_Handler                           0x0000036b   Thumb Code     2  startup_tm4c123.o(.text)
    FLASH_Handler                            0x0000036d   Thumb Code     2  startup_tm4c123.o(.text)
    GPIOG_Handler                            0x00000371   Thumb Code     2  startup_tm4c123.o(.text)
    GPIOH_Handler                            0x00000373   Thumb Code     2  startup_tm4c123.o(.text)
    UART2_Handler                            0x00000375   Thumb Code     2  startup_tm4c123.o(.text)
    SSI1_Handler                             0x00000377   Thumb Code     2  startup_tm4c123.o(.text)
    TIMER3A_Handler                          0x00000379   Thumb Code     2  startup_tm4c123.o(.text)
    TIMER3B_Handler                          0x0000037b   Thumb Code     2  startup_tm4c123.o(.text)
    I2C1_Handler                             0x0000037d   Thumb Code     2  startup_tm4c123.o(.text)
    QEI1_Handler                             0x0000037f   Thumb Code     2  startup_tm4c123.o(.text)
    CAN0_Handler                             0x00000381   Thumb Code     2  startup_tm4c123.o(.text)
    CAN1_Handler                             0x00000383   Thumb Code     2  startup_tm4c123.o(.text)
    CAN2_Handler                             0x00000385   Thumb Code     2  startup_tm4c123.o(.text)
    HIB_Handler                              0x00000387   Thumb Code     2  startup_tm4c123.o(.text)
    USB0_Handler                             0x00000389   Thumb Code     2  startup_tm4c123.o(.text)
    PWM0_3_Handler                           0x0000038b   Thumb Code     2  startup_tm4c123.o(.text)
    UDMA_Handler                             0x0000038d   Thumb Code     2  startup_tm4c123.o(.text)
    UDMAERR_Handler                          0x0000038f   Thumb Code     2  startup_tm4c123.o(.text)
    ADC1SS0_Handler                          0x00000391   Thumb Code     2  startup_tm4c123.o(.text)
    ADC1SS1_Handler                          0x00000393   Thumb Code     2  startup_tm4c123.o(.text)
    ADC1SS2_Handler                          0x00000395   Thumb Code     2  startup_tm4c123.o(.text)
    ADC1SS3_Handler                          0x00000397   Thumb Code     2  startup_tm4c123.o(.text)
    GPIOJ_Handler                            0x00000399   Thumb Code     2  startup_tm4c123.o(.text)
    GPIOK_Handler                            0x0000039b   Thumb Code     2  startup_tm4c123.o(.text)
    GPIOL_Handler                            0x0000039d   Thumb Code     2  startup_tm4c123.o(.text)
    SSI2_Handler                             0x0000039f   Thumb Code     2  startup_tm4c123.o(.text)
    SSI3_Handler                             0x000003a1   Thumb Code     2  startup_tm4c123.o(.text)
    UART3_Handler                            0x000003a3   Thumb Code     2  startup_tm4c123.o(.text)
    UART4_Handler                            0x000003a5   Thumb Code     2  startup_tm4c123.o(.text)
    UART5_Handler                            0x000003a7   Thumb Code     2  startup_tm4c123.o(.text)
    UART6_Handler                            0x000003a9   Thumb Code     2  startup_tm4c123.o(.text)
    UART7_Handler                            0x000003ab   Thumb Code     2  startup_tm4c123.o(.text)
    I2C2_Handler                             0x000003ad   Thumb Code     2  startup_tm4c123.o(.text)
    I2C3_Handler                             0x000003af   Thumb Code     2  startup_tm4c123.o(.text)
    TIMER4A_Handler                          0x000003b1   Thumb Code     2  startup_tm4c123.o(.text)
    TIMER4B_Handler                          0x000003b3   Thumb Code     2  startup_tm4c123.o(.text)
    TIMER5A_Handler                          0x000003b5   Thumb Code     2  startup_tm4c123.o(.text)
    TIMER5B_Handler                          0x000003b7   Thumb Code     2  startup_tm4c123.o(.text)
    WTIMER0A_Handler                         0x000003b9   Thumb Code     2  startup_tm4c123.o(.text)
    WTIMER0B_Handler                         0x000003bb   Thumb Code     2  startup_tm4c123.o(.text)
    WTIMER1A_Handler                         0x000003bd   Thumb Code     2  startup_tm4c123.o(.text)
    WTIMER1B_Handler                         0x000003bf   Thumb Code     2  startup_tm4c123.o(.text)
    WTIMER2A_Handler                         0x000003c1   Thumb Code     2  startup_tm4c123.o(.text)
    WTIMER2B_Handler                         0x000003c3   Thumb Code     2  startup_tm4c123.o(.text)
    WTIMER3A_Handler                         0x000003c5   Thumb Code     2  startup_tm4c123.o(.text)
    WTIMER3B_Handler                         0x000003c7   Thumb Code     2  startup_tm4c123.o(.text)
    WTIMER4A_Handler                         0x000003c9   Thumb Code     2  startup_tm4c123.o(.text)
    WTIMER4B_Handler                         0x000003cb   Thumb Code     2  startup_tm4c123.o(.text)
    WTIMER5A_Handler                         0x000003cd   Thumb Code     2  startup_tm4c123.o(.text)
    WTIMER5B_Handler                         0x000003cf   Thumb Code     2  startup_tm4c123.o(.text)
    FPU_Handler                              0x000003d1   Thumb Code     2  startup_tm4c123.o(.text)
    I2C4_Handler                             0x000003d3   Thumb Code     2  startup_tm4c123.o(.text)
    I2C5_Handler                             0x000003d5   Thumb Code     2  startup_tm4c123.o(.text)
    GPIOM_Handler                            0x000003d7   Thumb Code     2  startup_tm4c123.o(.text)
    GPION_Handler                            0x000003d9   Thumb Code     2  startup_tm4c123.o(.text)
    QEI2_Handler                             0x000003db   Thumb Code     2  startup_tm4c123.o(.text)
    GPIOP0_Handler                           0x000003dd   Thumb Code     2  startup_tm4c123.o(.text)
    GPIOP1_Handler                           0x000003df   Thumb Code     2  startup_tm4c123.o(.text)
    GPIOP2_Handler                           0x000003e1   Thumb Code     2  startup_tm4c123.o(.text)
    GPIOP3_Handler                           0x000003e3   Thumb Code     2  startup_tm4c123.o(.text)
    GPIOP4_Handler                           0x000003e5   Thumb Code     2  startup_tm4c123.o(.text)
    GPIOP5_Handler                           0x000003e7   Thumb Code     2  startup_tm4c123.o(.text)
    GPIOP6_Handler                           0x000003e9   Thumb Code     2  startup_tm4c123.o(.text)
    GPIOP7_Handler                           0x000003eb   Thumb Code     2  startup_tm4c123.o(.text)
    GPIOQ0_Handler                           0x000003ed   Thumb Code     2  startup_tm4c123.o(.text)
    GPIOQ1_Handler                           0x000003ef   Thumb Code     2  startup_tm4c123.o(.text)
    GPIOQ2_Handler                           0x000003f1   Thumb Code     2  startup_tm4c123.o(.text)
    GPIOQ3_Handler                           0x000003f3   Thumb Code     2  startup_tm4c123.o(.text)
    GPIOQ4_Handler                           0x000003f5   Thumb Code     2  startup_tm4c123.o(.text)
    GPIOQ5_Handler                           0x000003f7   Thumb Code     2  startup_tm4c123.o(.text)
    GPIOQ6_Handler                           0x000003f9   Thumb Code     2  startup_tm4c123.o(.text)
    GPIOQ7_Handler                           0x000003fb   Thumb Code     2  startup_tm4c123.o(.text)
    GPIOR_Handler                            0x000003fd   Thumb Code     2  startup_tm4c123.o(.text)
    GPIOS_Handler                            0x000003ff   Thumb Code     2  startup_tm4c123.o(.text)
    PMW1_0_Handler                           0x00000401   Thumb Code     2  startup_tm4c123.o(.text)
    PWM1_1_Handler                           0x00000403   Thumb Code     2  startup_tm4c123.o(.text)
    PWM1_2_Handler                           0x00000405   Thumb Code     2  startup_tm4c123.o(.text)
    PWM1_3_Handler                           0x00000407   Thumb Code     2  startup_tm4c123.o(.text)
    PWM1_FAULT_Handler                       0x00000409   Thumb Code     2  startup_tm4c123.o(.text)
    __user_initial_stackheap                 0x0000040d   Thumb Code     0  startup_tm4c123.o(.text)
    SystemInit                               0x0000042d   Thumb Code     2  main.o(.text)
    atof_m                                   0x0000042f   Thumb Code   426  main.o(.text)
    deg2rad                                  0x000005d9   Thumb Code    34  main.o(.text)
    rad2deg                                  0x000005fb   Thumb Code    36  main.o(.text)
    total_distance                           0x0000061f   Thumb Code   362  main.o(.text)
    EnableInterrupts                         0x00000789   Thumb Code     2  main.o(.text)
    GPIOF_Handler                            0x0000078b   Thumb Code    40  main.o(.text)
    switch_inter                             0x000007b3   Thumb Code    94  main.o(.text)
    main                                     0x00000811   Thumb Code   520  main.o(.text)
    UART_Init                                0x00000a39   Thumb Code   120  uart.o(.text)
    UART_Read                                0x00000ab1   Thumb Code    20  uart.o(.text)
    UART0_Init                               0x00000ac5   Thumb Code   116  uart.o(.text)
    uart0_available                          0x00000b39   Thumb Code    20  uart.o(.text)
    read                                     0x00000b4d   Thumb Code    24  uart.o(.text)
    UART0_Write                              0x00000b65   Thumb Code    18  uart.o(.text)
    data_line                                0x00000b77   Thumb Code    80  uart.o(.text)
    parsing                                  0x00000bc7   Thumb Code   142  uart.o(.text)
    swap                                     0x00000c55   Thumb Code    38  uart.o(.text)
    portF_Init                               0x00000c9d   Thumb Code    78  led.o(.text)
    LED_ON                                   0x00000ceb   Thumb Code    12  led.o(.text)
    systic_init                              0x00000d0d   Thumb Code    24  systick.o(.text)
    delay                                    0x00000d25   Thumb Code    28  systick.o(.text)
    delay_micro                              0x00000d41   Thumb Code    22  systick.o(.text)
    delay_milli                              0x00000d57   Thumb Code    24  systick.o(.text)
    LCD_Cmd                                  0x00000d71   Thumb Code    60  lcd.o(.text)
    LCD_init                                 0x00000dad   Thumb Code    96  lcd.o(.text)
    LCD_Data                                 0x00000e0d   Thumb Code    42  lcd.o(.text)
    dec_to_str                               0x00000e37   Thumb Code    44  lcd.o(.text)
    number_digits                            0x00000e63   Thumb Code    20  lcd.o(.text)
    LCD_DISTANCE                             0x00000e77   Thumb Code    72  lcd.o(.text)
    LCD_STRING                               0x00000ebf   Thumb Code    36  lcd.o(.text)
    LCD_DISTANCE_float                       0x00000ee3   Thumb Code   114  lcd.o(.text)
    __rt_ctype_table                         0x00000f81   Thumb Code    16  rt_ctype_table.o(.text)
    strlen                                   0x00000f91   Thumb Code    62  strlen.o(.text)
    __use_two_region_memory                  0x00000fcf   Thumb Code     2  heapauxi.o(.text)
    __rt_heap_escrow$2region                 0x00000fd1   Thumb Code     2  heapauxi.o(.text)
    __rt_heap_expand$2region                 0x00000fd3   Thumb Code     2  heapauxi.o(.text)
    __rt_locale                              0x00000fd5   Thumb Code     8  rt_locale_intlibspace.o(.text)
    __read_errno                             0x00000fdd   Thumb Code    10  _rserrno.o(.text)
    __set_errno                              0x00000fe7   Thumb Code    12  _rserrno.o(.text)
    __user_libspace                          0x00000ff5   Thumb Code     8  libspace.o(.text)
    __user_perproc_libspace                  0x00000ff5   Thumb Code     0  libspace.o(.text)
    __user_perthread_libspace                0x00000ff5   Thumb Code     0  libspace.o(.text)
    __aeabi_errno_addr                       0x00000ffd   Thumb Code     8  rt_errno_addr_intlibspace.o(.text)
    __errno$intlibspace                      0x00000ffd   Thumb Code     0  rt_errno_addr_intlibspace.o(.text)
    __rt_errno_addr$intlibspace              0x00000ffd   Thumb Code     0  rt_errno_addr_intlibspace.o(.text)
    strcmp                                   0x00001005   Thumb Code   128  strcmpv7m.o(.text)
    __user_setup_stackheap                   0x00001085   Thumb Code    74  sys_stackheap_outer.o(.text)
    exit                                     0x000010cf   Thumb Code    12  exit.o(.text)
    _sys_exit                                0x000010dd   Thumb Code     8  sys_exit.o(.text)
    __I$use$semihosting                      0x000010e9   Thumb Code     0  use_no_semi.o(.text)
    __use_no_semihosting_swi                 0x000010e9   Thumb Code     2  use_no_semi.o(.text)
    __ARM_fpclassify                         0x000010eb   Thumb Code    40  fpclassify.o(i.__ARM_fpclassify)
    __semihosting_library_function           0x000010eb   Thumb Code     0  indicate_semi.o(.text)
    __ieee754_rem_pio2                       0x00001115   Thumb Code   832  rred.o(i.__ieee754_rem_pio2)
    __kernel_cos                             0x0000149d   Thumb Code   230  cos_i.o(i.__kernel_cos)
    __kernel_poly                            0x00001599   Thumb Code   170  poly.o(i.__kernel_poly)
    __kernel_sin                             0x00001645   Thumb Code   224  sin_i.o(i.__kernel_sin)
    __mathlib_dbl_underflow                  0x00001731   Thumb Code    10  dunder.o(i.__mathlib_dbl_underflow)
    acos                                     0x00001741   Thumb Code   586  acos.o(i.acos)
    cos                                      0x000019c9   Thumb Code   164  cos.o(i.cos)
    sin                                      0x00001a75   Thumb Code   166  sin.o(i.sin)
    sqrt                                     0x00001b25   Thumb Code    76  sqrt.o(i.sqrt)
    _get_lc_ctype                            0x00001b71   Thumb Code    44  lc_ctype_c.o(locale$$code)
    __aeabi_d2f                              0x00001b9d   Thumb Code     0  d2f.o(x$fpl$d2f)
    _d2f                                     0x00001b9d   Thumb Code    98  d2f.o(x$fpl$d2f)
    __aeabi_dadd                             0x00001c01   Thumb Code     0  daddsub_clz.o(x$fpl$dadd)
    _dadd                                    0x00001c01   Thumb Code   332  daddsub_clz.o(x$fpl$dadd)
    __fpl_dcheck_NaN1                        0x00001d51   Thumb Code    10  dcheck1.o(x$fpl$dcheck1)
    __fpl_dcmp_Inf                           0x00001d61   Thumb Code    24  dcmpi.o(x$fpl$dcmpinf)
    __aeabi_ddiv                             0x00001d79   Thumb Code     0  ddiv.o(x$fpl$ddiv)
    _ddiv                                    0x00001d79   Thumb Code   552  ddiv.o(x$fpl$ddiv)
    __aeabi_d2iz                             0x00002029   Thumb Code     0  dfix.o(x$fpl$dfix)
    _dfix                                    0x00002029   Thumb Code    94  dfix.o(x$fpl$dfix)
    __aeabi_d2uiz                            0x00002089   Thumb Code     0  dfixu.o(x$fpl$dfixu)
    _dfixu                                   0x00002089   Thumb Code    90  dfixu.o(x$fpl$dfixu)
    __aeabi_i2d                              0x000020e3   Thumb Code     0  dflt_clz.o(x$fpl$dflt)
    _dflt                                    0x000020e3   Thumb Code    46  dflt_clz.o(x$fpl$dflt)
    __aeabi_ui2d                             0x00002111   Thumb Code     0  dflt_clz.o(x$fpl$dfltu)
    _dfltu                                   0x00002111   Thumb Code    38  dflt_clz.o(x$fpl$dfltu)
    __aeabi_cdcmple                          0x00002139   Thumb Code     0  dleqf.o(x$fpl$dleqf)
    _dcmple                                  0x00002139   Thumb Code   120  dleqf.o(x$fpl$dleqf)
    __fpl_dcmple_InfNaN                      0x0000219b   Thumb Code     0  dleqf.o(x$fpl$dleqf)
    __aeabi_dmul                             0x000021b1   Thumb Code     0  dmul.o(x$fpl$dmul)
    _dmul                                    0x000021b1   Thumb Code   332  dmul.o(x$fpl$dmul)
    __fpl_dnaninf                            0x00002305   Thumb Code   156  dnaninf.o(x$fpl$dnaninf)
    __fpl_dretinf                            0x000023a1   Thumb Code    12  dretinf.o(x$fpl$dretinf)
    __aeabi_cdrcmple                         0x000023ad   Thumb Code     0  drleqf.o(x$fpl$drleqf)
    _drcmple                                 0x000023ad   Thumb Code   108  drleqf.o(x$fpl$drleqf)
    __aeabi_drsub                            0x00002419   Thumb Code     0  daddsub_clz.o(x$fpl$drsb)
    _drsb                                    0x00002419   Thumb Code    22  daddsub_clz.o(x$fpl$drsb)
    _dsqrt                                   0x00002431   Thumb Code   404  dsqrt_umaal.o(x$fpl$dsqrt)
    __aeabi_dsub                             0x000025c9   Thumb Code     0  daddsub_clz.o(x$fpl$dsub)
    _dsub                                    0x000025c9   Thumb Code   464  daddsub_clz.o(x$fpl$dsub)
    __aeabi_f2d                              0x0000279d   Thumb Code     0  f2d.o(x$fpl$f2d)
    _f2d                                     0x0000279d   Thumb Code    86  f2d.o(x$fpl$f2d)
    __aeabi_fadd                             0x000027f5   Thumb Code     0  faddsub_clz.o(x$fpl$fadd)
    _fadd                                    0x000027f5   Thumb Code   196  faddsub_clz.o(x$fpl$fadd)
    __fpl_fcmp_Inf                           0x000028b9   Thumb Code    24  fcmpi.o(x$fpl$fcmpinf)
    __aeabi_cfcmpeq                          0x000028d1   Thumb Code     0  feqf.o(x$fpl$feqf)
    _fcmpeq                                  0x000028d1   Thumb Code   104  feqf.o(x$fpl$feqf)
    __aeabi_f2uiz                            0x00002939   Thumb Code     0  ffixu.o(x$fpl$ffixu)
    _ffixu                                   0x00002939   Thumb Code    62  ffixu.o(x$fpl$ffixu)
    __aeabi_ui2f                             0x00002979   Thumb Code     0  fflt_clz.o(x$fpl$ffltu)
    _ffltu                                   0x00002979   Thumb Code    38  fflt_clz.o(x$fpl$ffltu)
    __fpl_fnaninf                            0x0000299f   Thumb Code   140  fnaninf.o(x$fpl$fnaninf)
    __fpl_fretinf                            0x00002a2b   Thumb Code    10  fretinf.o(x$fpl$fretinf)
    __aeabi_fsub                             0x00002a35   Thumb Code     0  faddsub_clz.o(x$fpl$fsub)
    _fsub                                    0x00002a35   Thumb Code   234  faddsub_clz.o(x$fpl$fsub)
    __fpl_return_NaN                         0x00002b1f   Thumb Code   100  retnan.o(x$fpl$retnan)
    __ARM_scalbn                             0x00002b83   Thumb Code    92  scalbn.o(x$fpl$scalbn)
    __fpl_cmpreturn                          0x00002bdf   Thumb Code    48  trapv.o(x$fpl$trapveneer)
    __I$use$fp                               0x00002c0e   Number         0  usenofp.o(x$fpl$usenofp)
    Region$$Table$$Base                      0x00002d80   Number         0  anon$$obj.o(Region$$Table)
    Region$$Table$$Limit                     0x00002da0   Number         0  anon$$obj.o(Region$$Table)
    __ctype                                  0x00002dad   Data           0  lc_ctype_c.o(locale$$data)
    total_dist                               0x20000000   Data           4  main.o(.data)
    finish                                   0x20000004   Data           1  main.o(.data)
    __libspace_start                         0x20000008   Data          96  libspace.o(.bss)
    __temporary_stack_top$libspace           0x20000068   Data           0  libspace.o(.bss)



==============================================================================

Memory Map of the image

  Image Entry point : 0x00000319

  Load Region LR_1 (Base: 0x00000000, Size: 0x00002eb8, Max: 0xffffffff, ABSOLUTE)

    Execution Region ER_RO (Base: 0x00000000, Size: 0x00002eb0, Max: 0xffffffff, ABSOLUTE)

    Base Addr    Size         Type   Attr      Idx    E Section Name        Object

    0x00000000   0x0000026c   Data   RO            3    RESET               startup_tm4c123.o
    0x0000026c   0x00000008   Code   RO          121  * !!!main             c_w.l(__main.o)
    0x00000274   0x00000034   Code   RO          421    !!!scatter          c_w.l(__scatter.o)
    0x000002a8   0x0000001a   Code   RO          423    !!handler_copy      c_w.l(__scatter_copy.o)
    0x000002c2   0x00000002   PAD
    0x000002c4   0x0000001c   Code   RO          425    !!handler_zi        c_w.l(__scatter_zi.o)
    0x000002e0   0x00000002   Code   RO          338    .ARM.Collect$$libinit$$00000000  c_w.l(libinit.o)
    0x000002e2   0x00000000   Code   RO          271    .ARM.Collect$$libinit$$00000002  c_w.l(libinit2.o)
    0x000002e2   0x00000000   Code   RO          274    .ARM.Collect$$libinit$$00000008  c_w.l(libinit2.o)
    0x000002e2   0x00000000   Code   RO          276    .ARM.Collect$$libinit$$0000000A  c_w.l(libinit2.o)
    0x000002e2   0x00000000   Code   RO          278    .ARM.Collect$$libinit$$0000000C  c_w.l(libinit2.o)
    0x000002e2   0x00000006   Code   RO          279    .ARM.Collect$$libinit$$0000000D  c_w.l(libinit2.o)
    0x000002e8   0x00000000   Code   RO          281    .ARM.Collect$$libinit$$0000000F  c_w.l(libinit2.o)
    0x000002e8   0x0000000c   Code   RO          282    .ARM.Collect$$libinit$$00000010  c_w.l(libinit2.o)
    0x000002f4   0x00000000   Code   RO          283    .ARM.Collect$$libinit$$00000011  c_w.l(libinit2.o)
    0x000002f4   0x00000000   Code   RO          285    .ARM.Collect$$libinit$$00000013  c_w.l(libinit2.o)
    0x000002f4   0x00000000   Code   RO          287    .ARM.Collect$$libinit$$00000015  c_w.l(libinit2.o)
    0x000002f4   0x00000000   Code   RO          289    .ARM.Collect$$libinit$$00000017  c_w.l(libinit2.o)
    0x000002f4   0x00000000   Code   RO          291    .ARM.Collect$$libinit$$00000019  c_w.l(libinit2.o)
    0x000002f4   0x00000000   Code   RO          293    .ARM.Collect$$libinit$$0000001B  c_w.l(libinit2.o)
    0x000002f4   0x00000000   Code   RO          295    .ARM.Collect$$libinit$$0000001D  c_w.l(libinit2.o)
    0x000002f4   0x00000000   Code   RO          297    .ARM.Collect$$libinit$$0000001F  c_w.l(libinit2.o)
    0x000002f4   0x00000000   Code   RO          299    .ARM.Collect$$libinit$$00000021  c_w.l(libinit2.o)
    0x000002f4   0x00000000   Code   RO          301    .ARM.Collect$$libinit$$00000023  c_w.l(libinit2.o)
    0x000002f4   0x00000000   Code   RO          305    .ARM.Collect$$libinit$$0000002A  c_w.l(libinit2.o)
    0x000002f4   0x00000000   Code   RO          307    .ARM.Collect$$libinit$$0000002C  c_w.l(libinit2.o)
    0x000002f4   0x00000000   Code   RO          309    .ARM.Collect$$libinit$$0000002E  c_w.l(libinit2.o)
    0x000002f4   0x00000000   Code   RO          311    .ARM.Collect$$libinit$$00000030  c_w.l(libinit2.o)
    0x000002f4   0x00000002   Code   RO          312    .ARM.Collect$$libinit$$00000031  c_w.l(libinit2.o)
    0x000002f6   0x00000002   Code   RO          379    .ARM.Collect$$libshutdown$$00000000  c_w.l(libshutdown.o)
    0x000002f8   0x00000000   Code   RO          386    .ARM.Collect$$libshutdown$$00000003  c_w.l(libshutdown2.o)
    0x000002f8   0x00000000   Code   RO          389    .ARM.Collect$$libshutdown$$00000006  c_w.l(libshutdown2.o)
    0x000002f8   0x00000000   Code   RO          392    .ARM.Collect$$libshutdown$$00000009  c_w.l(libshutdown2.o)
    0x000002f8   0x00000000   Code   RO          394    .ARM.Collect$$libshutdown$$0000000B  c_w.l(libshutdown2.o)
    0x000002f8   0x00000000   Code   RO          397    .ARM.Collect$$libshutdown$$0000000E  c_w.l(libshutdown2.o)
    0x000002f8   0x00000002   Code   RO          398    .ARM.Collect$$libshutdown$$0000000F  c_w.l(libshutdown2.o)
    0x000002fa   0x00000000   Code   RO          195    .ARM.Collect$$rtentry$$00000000  c_w.l(rtentry.o)
    0x000002fa   0x00000000   Code   RO          249    .ARM.Collect$$rtentry$$00000002  c_w.l(rtentry2.o)
    0x000002fa   0x00000006   Code   RO          261    .ARM.Collect$$rtentry$$00000004  c_w.l(rtentry4.o)
    0x00000300   0x00000000   Code   RO          251    .ARM.Collect$$rtentry$$00000009  c_w.l(rtentry2.o)
    0x00000300   0x00000004   Code   RO          252    .ARM.Collect$$rtentry$$0000000A  c_w.l(rtentry2.o)
    0x00000304   0x00000000   Code   RO          254    .ARM.Collect$$rtentry$$0000000C  c_w.l(rtentry2.o)
    0x00000304   0x00000008   Code   RO          255    .ARM.Collect$$rtentry$$0000000D  c_w.l(rtentry2.o)
    0x0000030c   0x00000002   Code   RO          343    .ARM.Collect$$rtexit$$00000000  c_w.l(rtexit.o)
    0x0000030e   0x00000000   Code   RO          354    .ARM.Collect$$rtexit$$00000002  c_w.l(rtexit2.o)
    0x0000030e   0x00000004   Code   RO          355    .ARM.Collect$$rtexit$$00000003  c_w.l(rtexit2.o)
    0x00000312   0x00000006   Code   RO          356    .ARM.Collect$$rtexit$$00000004  c_w.l(rtexit2.o)
    0x00000318   0x00000114   Code   RO            4  * .text               startup_tm4c123.o
    0x0000042c   0x0000060c   Code   RO           10    .text               main.o
    0x00000a38   0x00000264   Code   RO           65    .text               uart.o
    0x00000c9c   0x00000070   Code   RO           77    .text               led.o
    0x00000d0c   0x00000062   Code   RO           89    .text               systick.o
    0x00000d6e   0x00000002   PAD
    0x00000d70   0x00000210   Code   RO          101    .text               lcd.o
    0x00000f80   0x00000010   Code   RO          115    .text               c_w.l(rt_ctype_table.o)
    0x00000f90   0x0000003e   Code   RO          117    .text               c_w.l(strlen.o)
    0x00000fce   0x00000006   Code   RO          119    .text               c_w.l(heapauxi.o)
    0x00000fd4   0x00000008   Code   RO          199    .text               c_w.l(rt_locale_intlibspace.o)
    0x00000fdc   0x00000016   Code   RO          201    .text               c_w.l(_rserrno.o)
    0x00000ff2   0x00000002   PAD
    0x00000ff4   0x00000008   Code   RO          245    .text               c_w.l(libspace.o)
    0x00000ffc   0x00000008   Code   RO          266    .text               c_w.l(rt_errno_addr_intlibspace.o)
    0x00001004   0x00000080   Code   RO          268    .text               c_w.l(strcmpv7m.o)
    0x00001084   0x0000004a   Code   RO          327    .text               c_w.l(sys_stackheap_outer.o)
    0x000010ce   0x0000000c   Code   RO          329    .text               c_w.l(exit.o)
    0x000010da   0x00000002   PAD
    0x000010dc   0x0000000c   Code   RO          366    .text               c_w.l(sys_exit.o)
    0x000010e8   0x00000002   Code   RO          368    .text               c_w.l(use_no_semi.o)
    0x000010ea   0x00000000   Code   RO          370    .text               c_w.l(indicate_semi.o)
    0x000010ea   0x00000028   Code   RO          325    i.__ARM_fpclassify  m_ws.l(fpclassify.o)
    0x00001112   0x00000002   PAD
    0x00001114   0x00000388   Code   RO          226    i.__ieee754_rem_pio2  m_ws.l(rred.o)
    0x0000149c   0x000000fc   Code   RO          221    i.__kernel_cos      m_ws.l(cos_i.o)
    0x00001598   0x000000aa   Code   RO          224    i.__kernel_poly     m_ws.l(poly.o)
    0x00001642   0x00000002   PAD
    0x00001644   0x000000ec   Code   RO          231    i.__kernel_sin      m_ws.l(sin_i.o)
    0x00001730   0x00000010   Code   RO          323    i.__mathlib_dbl_underflow  m_ws.l(dunder.o)
    0x00001740   0x00000288   Code   RO          170    i.acos              m_ws.l(acos.o)
    0x000019c8   0x000000ac   Code   RO          180    i.cos               m_ws.l(cos.o)
    0x00001a74   0x000000b0   Code   RO          188    i.sin               m_ws.l(sin.o)
    0x00001b24   0x0000004c   Code   RO          238    i.sqrt              m_ws.l(sqrt.o)
    0x00001b70   0x0000002c   Code   RO          204    locale$$code        c_w.l(lc_ctype_c.o)
    0x00001b9c   0x00000062   Code   RO          123    x$fpl$d2f           fz_ws.l(d2f.o)
    0x00001bfe   0x00000002   PAD
    0x00001c00   0x00000150   Code   RO          125    x$fpl$dadd          fz_ws.l(daddsub_clz.o)
    0x00001d50   0x00000010   Code   RO          313    x$fpl$dcheck1       fz_ws.l(dcheck1.o)
    0x00001d60   0x00000018   Code   RO          315    x$fpl$dcmpinf       fz_ws.l(dcmpi.o)
    0x00001d78   0x000002b0   Code   RO          132    x$fpl$ddiv          fz_ws.l(ddiv.o)
    0x00002028   0x0000005e   Code   RO          317    x$fpl$dfix          fz_ws.l(dfix.o)
    0x00002086   0x00000002   PAD
    0x00002088   0x0000005a   Code   RO          135    x$fpl$dfixu         fz_ws.l(dfixu.o)
    0x000020e2   0x0000002e   Code   RO          140    x$fpl$dflt          fz_ws.l(dflt_clz.o)
    0x00002110   0x00000026   Code   RO          139    x$fpl$dfltu         fz_ws.l(dflt_clz.o)
    0x00002136   0x00000002   PAD
    0x00002138   0x00000078   Code   RO          206    x$fpl$dleqf         fz_ws.l(dleqf.o)
    0x000021b0   0x00000154   Code   RO          145    x$fpl$dmul          fz_ws.l(dmul.o)
    0x00002304   0x0000009c   Code   RO          208    x$fpl$dnaninf       fz_ws.l(dnaninf.o)
    0x000023a0   0x0000000c   Code   RO          210    x$fpl$dretinf       fz_ws.l(dretinf.o)
    0x000023ac   0x0000006c   Code   RO          147    x$fpl$drleqf        fz_ws.l(drleqf.o)
    0x00002418   0x00000016   Code   RO          126    x$fpl$drsb          fz_ws.l(daddsub_clz.o)
    0x0000242e   0x00000002   PAD
    0x00002430   0x00000198   Code   RO          321    x$fpl$dsqrt         fz_ws.l(dsqrt_umaal.o)
    0x000025c8   0x000001d4   Code   RO          127    x$fpl$dsub          fz_ws.l(daddsub_clz.o)
    0x0000279c   0x00000056   Code   RO          149    x$fpl$f2d           fz_ws.l(f2d.o)
    0x000027f2   0x00000002   PAD
    0x000027f4   0x000000c4   Code   RO          151    x$fpl$fadd          fz_ws.l(faddsub_clz.o)
    0x000028b8   0x00000018   Code   RO          212    x$fpl$fcmpinf       fz_ws.l(fcmpi.o)
    0x000028d0   0x00000068   Code   RO          157    x$fpl$feqf          fz_ws.l(feqf.o)
    0x00002938   0x0000003e   Code   RO          159    x$fpl$ffixu         fz_ws.l(ffixu.o)
    0x00002976   0x00000002   PAD
    0x00002978   0x00000026   Code   RO          163    x$fpl$ffltu         fz_ws.l(fflt_clz.o)
    0x0000299e   0x0000008c   Code   RO          214    x$fpl$fnaninf       fz_ws.l(fnaninf.o)
    0x00002a2a   0x0000000a   Code   RO          216    x$fpl$fretinf       fz_ws.l(fretinf.o)
    0x00002a34   0x000000ea   Code   RO          153    x$fpl$fsub          fz_ws.l(faddsub_clz.o)
    0x00002b1e   0x00000064   Code   RO          341    x$fpl$retnan        fz_ws.l(retnan.o)
    0x00002b82   0x0000005c   Code   RO          218    x$fpl$scalbn        fz_ws.l(scalbn.o)
    0x00002bde   0x00000030   Code   RO          349    x$fpl$trapveneer    fz_ws.l(trapv.o)
    0x00002c0e   0x00000000   Code   RO          220    x$fpl$usenofp       fz_ws.l(usenofp.o)
    0x00002c0e   0x00000002   PAD
    0x00002c10   0x00000050   Data   RO          171    .constdata          m_ws.l(acos.o)
    0x00002c60   0x00000030   Data   RO          222    .constdata          m_ws.l(cos_i.o)
    0x00002c90   0x000000c8   Data   RO          228    .constdata          m_ws.l(rred.o)
    0x00002d58   0x00000028   Data   RO          232    .constdata          m_ws.l(sin_i.o)
    0x00002d80   0x00000020   Data   RO          419    Region$$Table       anon$$obj.o
    0x00002da0   0x00000110   Data   RO          203    locale$$data        c_w.l(lc_ctype_c.o)


    Execution Region ER_RW (Base: 0x20000000, Size: 0x00000008, Max: 0xffffffff, ABSOLUTE)

    Base Addr    Size         Type   Attr      Idx    E Section Name        Object

    0x20000000   0x00000005   Data   RW           11    .data               main.o


    Execution Region ER_ZI (Base: 0x20000008, Size: 0x00000260, Max: 0xffffffff, ABSOLUTE)

    Base Addr    Size         Type   Attr      Idx    E Section Name        Object

    0x20000008   0x00000060   Zero   RW          246    .bss                c_w.l(libspace.o)
    0x20000068   0x00000000   Zero   RW            2    HEAP                startup_tm4c123.o
    0x20000068   0x00000200   Zero   RW            1    STACK               startup_tm4c123.o


==============================================================================

Image component sizes


      Code (inc. data)   RO Data    RW Data    ZI Data      Debug   Object Name

       528         44          0          0          0       1960   lcd.o
       112         22          0          0          0        548   led.o
      1548         92          0          5          0       7456   main.o
       276         24        620          0        512       5340   startup_tm4c123.o
        98          0          0          0          0        960   systick.o
       612         34          0          0          0       2729   uart.o

    ----------------------------------------------------------------------
      3176        216        652          8        512      18993   Object Totals
         0          0         32          0          0          0   (incl. Generated)
         2          0          0          3          0          0   (incl. Padding)

    ----------------------------------------------------------------------

      Code (inc. data)   RO Data    RW Data    ZI Data      Debug   Library Member Name

         8          0          0          0          0         68   __main.o
        52          8          0          0          0          0   __scatter.o
        26          0          0          0          0          0   __scatter_copy.o
        28          0          0          0          0          0   __scatter_zi.o
        22          0          0          0          0        100   _rserrno.o
        12          0          0          0          0         72   exit.o
         6          0          0          0          0        152   heapauxi.o
         0          0          0          0          0          0   indicate_semi.o
        44         10        272          0          0         76   lc_ctype_c.o
         2          0          0          0          0          0   libinit.o
        20          0          0          0          0          0   libinit2.o
         2          0          0          0          0          0   libshutdown.o
         2          0          0          0          0          0   libshutdown2.o
         8          4          0          0         96         68   libspace.o
        16          4          0          0          0         76   rt_ctype_table.o
         8          4          0          0          0         68   rt_errno_addr_intlibspace.o
         8          4          0          0          0         68   rt_locale_intlibspace.o
         0          0          0          0          0          0   rtentry.o
        12          0          0          0          0          0   rtentry2.o
         6          0          0          0          0          0   rtentry4.o
         2          0          0          0          0          0   rtexit.o
        10          0          0          0          0          0   rtexit2.o
       128          0          0          0          0         68   strcmpv7m.o
        62          0          0          0          0         76   strlen.o
        12          4          0          0          0         68   sys_exit.o
        74          0          0          0          0         80   sys_stackheap_outer.o
         2          0          0          0          0         68   use_no_semi.o
        98          4          0          0          0         92   d2f.o
       826         16          0          0          0        348   daddsub_clz.o
        16          4          0          0          0         68   dcheck1.o
        24          0          0          0          0         68   dcmpi.o
       688        140          0          0          0        208   ddiv.o
        94          4          0          0          0         92   dfix.o
        90          4          0          0          0         92   dfixu.o
        84          0          0          0          0        136   dflt_clz.o
       120          4          0          0          0         92   dleqf.o
       340         12          0          0          0        104   dmul.o
       156          4          0          0          0         92   dnaninf.o
        12          0          0          0          0         68   dretinf.o
       108          0          0          0          0         80   drleqf.o
       408         56          0          0          0        120   dsqrt_umaal.o
        86          4          0          0          0         84   f2d.o
       430          8          0          0          0        168   faddsub_clz.o
        24          0          0          0          0         68   fcmpi.o
       104          4          0          0          0         84   feqf.o
        62          4          0          0          0         84   ffixu.o
        38          0          0          0          0         68   fflt_clz.o
       140          4          0          0          0         84   fnaninf.o
        10          0          0          0          0         68   fretinf.o
       100          0          0          0          0         68   retnan.o
        92          0          0          0          0         68   scalbn.o
        48          0          0          0          0         68   trapv.o
         0          0          0          0          0          0   usenofp.o
       648         62         80          0          0        188   acos.o
       172          8          0          0          0        112   cos.o
       252         22         48          0          0        124   cos_i.o
        16          6          0          0          0         68   dunder.o
        40          0          0          0          0         68   fpclassify.o
       170          0          0          0          0         96   poly.o
       904         72        200          0          0        140   rred.o
       176         10          0          0          0        116   sin.o
       236         12         40          0          0        128   sin_i.o
        76          0          0          0          0         84   sqrt.o

    ----------------------------------------------------------------------
      7484        502        640          0         96       4804   Library Totals
        24          0          0          0          0          0   (incl. Padding)

    ----------------------------------------------------------------------

      Code (inc. data)   RO Data    RW Data    ZI Data      Debug   Library Name

       572         38        272          0         96       1108   c_w.l
      4198        272          0          0          0       2572   fz_ws.l
      2690        192        368          0          0       1124   m_ws.l

    ----------------------------------------------------------------------
      7484        502        640          0         96       4804   Library Totals

    ----------------------------------------------------------------------

==============================================================================


      Code (inc. data)   RO Data    RW Data    ZI Data      Debug   

     10660        718       1292          8        608      20625   Grand Totals
     10660        718       1292          8        608      20625   ELF Image Totals
     10660        718       1292          8          0          0   ROM Totals

==============================================================================

    Total RO  Size (Code + RO Data)                11952 (  11.67kB)
    Total RW  Size (RW Data + ZI Data)               616 (   0.60kB)
    Total ROM Size (Code + RO Data + RW Data)      11960 (  11.68kB)

==============================================================================

