ARM Linker, 5.03 [Build 76] [MDK-ARM Lite]

==============================================================================

Section Cross References

    startup_tm4c123.o(STACK) refers (Special) to heapauxi.o(.text) for __use_two_region_memory
    startup_tm4c123.o(HEAP) refers (Special) to heapauxi.o(.text) for __use_two_region_memory
    startup_tm4c123.o(RESET) refers (Special) to heapauxi.o(.text) for __use_two_region_memory
    startup_tm4c123.o(RESET) refers to startup_tm4c123.o(STACK) for __initial_sp
    startup_tm4c123.o(RESET) refers to startup_tm4c123.o(.text) for Reset_Handler
    startup_tm4c123.o(.text) refers (Special) to heapauxi.o(.text) for __use_two_region_memory
    startup_tm4c123.o(.text) refers to main.o(.text) for SystemInit
    startup_tm4c123.o(.text) refers to __main.o(!!!main) for __main
    startup_tm4c123.o(.text) refers to startup_tm4c123.o(HEAP) for Heap_Mem
    startup_tm4c123.o(.text) refers to startup_tm4c123.o(STACK) for Stack_Mem
    main.o(.text) refers to f2d.o(x$fpl$f2d) for __aeabi_f2d
    main.o(.text) refers to dmul.o(x$fpl$dmul) for __aeabi_dmul
    main.o(.text) refers to faddsub_clz.o(x$fpl$fsub) for __aeabi_fsub
    main.o(.text) refers to ddiv.o(x$fpl$ddiv) for __aeabi_ddiv
    main.o(.text) refers to sin.o(i.sin) for sin
    main.o(.text) refers to cos.o(i.cos) for cos
    main.o(.text) refers to daddsub_clz.o(x$fpl$dadd) for __aeabi_dadd
    main.o(.text) refers to daddsub_clz.o(x$fpl$dsub) for __aeabi_dsub
    main.o(.text) refers to sqrt.o(i.sqrt) for sqrt
    main.o(.text) refers to atan2.o(i.atan2) for atan2
    main.o(.text) refers to dflt_clz.o(x$fpl$dfltu) for __aeabi_ui2d
    main.o(.text) refers to d2f.o(x$fpl$d2f) for __aeabi_d2f
    main.o(.text) refers to uart.o(.text) for UART_Init
    main.o(.text) refers to systick.o(.text) for systic_init
    main.o(.text) refers to lcd.o(.text) for LCD_init
    main.o(.text) refers to atof.o(i.atof) for atof
    main.o(.text) refers to ffixu.o(x$fpl$ffixu) for __aeabi_f2uiz
    uart.o(.text) refers to fflt_clz.o(x$fpl$ffltu) for __aeabi_ui2f
    lcd.o(.text) refers to systick.o(.text) for delay_micro
    lcd.o(.text) refers to strlen.o(.text) for strlen
    lcd.o(.text) refers to dfixu.o(x$fpl$dfixu) for __aeabi_d2uiz
    lcd.o(.text) refers to dflt_clz.o(x$fpl$dfltu) for __aeabi_ui2d
    lcd.o(.text) refers to daddsub_clz.o(x$fpl$drsb) for __aeabi_drsub
    lcd.o(.text) refers to dmul.o(x$fpl$dmul) for __aeabi_dmul
    __main.o(!!!main) refers to rtentry.o(.ARM.Collect$$rtentry$$00000000) for __rt_entry
    d2f.o(x$fpl$d2f) refers (Special) to usenofp.o(x$fpl$usenofp) for __I$use$fp
    d2f.o(x$fpl$d2f) refers to fretinf.o(x$fpl$fretinf) for __fpl_fretinf
    d2f.o(x$fpl$d2f) refers to dnaninf.o(x$fpl$dnaninf) for __fpl_dnaninf
    daddsub_clz.o(x$fpl$dadd) refers (Special) to usenofp.o(x$fpl$usenofp) for __I$use$fp
    daddsub_clz.o(x$fpl$dadd) refers to daddsub_clz.o(x$fpl$dsub) for _dsub1
    daddsub_clz.o(x$fpl$dadd) refers to dretinf.o(x$fpl$dretinf) for __fpl_dretinf
    daddsub_clz.o(x$fpl$dadd) refers to dnaninf.o(x$fpl$dnaninf) for __fpl_dnaninf
    daddsub_clz.o(x$fpl$drsb) refers (Special) to usenofp.o(x$fpl$usenofp) for __I$use$fp
    daddsub_clz.o(x$fpl$drsb) refers to daddsub_clz.o(x$fpl$dadd) for _dadd1
    daddsub_clz.o(x$fpl$drsb) refers to daddsub_clz.o(x$fpl$dsub) for _dsub1
    daddsub_clz.o(x$fpl$dsub) refers (Special) to usenofp.o(x$fpl$usenofp) for __I$use$fp
    daddsub_clz.o(x$fpl$dsub) refers to daddsub_clz.o(x$fpl$dadd) for _dadd1
    daddsub_clz.o(x$fpl$dsub) refers to dnaninf.o(x$fpl$dnaninf) for __fpl_dnaninf
    ddiv.o(x$fpl$drdiv) refers (Special) to usenofp.o(x$fpl$usenofp) for __I$use$fp
    ddiv.o(x$fpl$drdiv) refers to ddiv.o(x$fpl$ddiv) for ddiv_entry
    ddiv.o(x$fpl$ddiv) refers (Special) to usenofp.o(x$fpl$usenofp) for __I$use$fp
    ddiv.o(x$fpl$ddiv) refers to dretinf.o(x$fpl$dretinf) for __fpl_dretinf
    ddiv.o(x$fpl$ddiv) refers to dnaninf.o(x$fpl$dnaninf) for __fpl_dnaninf
    dfixu.o(x$fpl$dfixu) refers (Special) to usenofp.o(x$fpl$usenofp) for __I$use$fp
    dfixu.o(x$fpl$dfixu) refers to dnaninf.o(x$fpl$dnaninf) for __fpl_dnaninf
    dfixu.o(x$fpl$dfixur) refers (Special) to usenofp.o(x$fpl$usenofp) for __I$use$fp
    dfixu.o(x$fpl$dfixur) refers to dnaninf.o(x$fpl$dnaninf) for __fpl_dnaninf
    dflt_clz.o(x$fpl$dfltu) refers (Special) to usenofp.o(x$fpl$usenofp) for __I$use$fp
    dflt_clz.o(x$fpl$dflt) refers (Special) to usenofp.o(x$fpl$usenofp) for __I$use$fp
    dflt_clz.o(x$fpl$dfltn) refers (Special) to usenofp.o(x$fpl$usenofp) for __I$use$fp
    dmul.o(x$fpl$dmul) refers (Special) to usenofp.o(x$fpl$usenofp) for __I$use$fp
    dmul.o(x$fpl$dmul) refers to dretinf.o(x$fpl$dretinf) for __fpl_dretinf
    dmul.o(x$fpl$dmul) refers to dnaninf.o(x$fpl$dnaninf) for __fpl_dnaninf
    f2d.o(x$fpl$f2d) refers (Special) to usenofp.o(x$fpl$usenofp) for __I$use$fp
[...]
    defsig_rtmem_outer.o(.text) refers to defsig_exit.o(.text) for __sig_exit
    defsig_rtmem_formal.o(.text) refers to rt_raise.o(.text) for __rt_raise
    libshutdown.o(.ARM.Collect$$libshutdown$$00000000) refers (Special) to libshutdown2.o(.ARM.Collect$$libshutdown$$00000006) for __rt_lib_shutdown_fp_trap_1
    libshutdown.o(.ARM.Collect$$libshutdown$$00000000) refers (Special) to libshutdown2.o(.ARM.Collect$$libshutdown$$0000000E) for __rt_lib_shutdown_heap_1
    libshutdown.o(.ARM.Collect$$libshutdown$$00000000) refers (Special) to libshutdown2.o(.ARM.Collect$$libshutdown$$0000000F) for __rt_lib_shutdown_return
    libshutdown.o(.ARM.Collect$$libshutdown$$00000000) refers (Special) to libshutdown2.o(.ARM.Collect$$libshutdown$$00000009) for __rt_lib_shutdown_signal_1
    libshutdown.o(.ARM.Collect$$libshutdown$$00000000) refers (Special) to libshutdown2.o(.ARM.Collect$$libshutdown$$00000003) for __rt_lib_shutdown_stdio_1
    libshutdown.o(.ARM.Collect$$libshutdown$$00000000) refers (Special) to libshutdown2.o(.ARM.Collect$$libshutdown$$0000000B) for __rt_lib_shutdown_user_alloc_1
    ldexp.o(i.__softfp_ldexp) refers (Special) to usenofp.o(x$fpl$usenofp) for __I$use$fp
    ldexp.o(i.__softfp_ldexp) refers to ldexp.o(i.ldexp) for ldexp
    ldexp.o(i.__support_ldexp) refers (Special) to usenofp.o(x$fpl$usenofp) for __I$use$fp
    ldexp.o(i.__support_ldexp) refers to ldexp.o(i.ldexp) for ldexp
    ldexp.o(i.ldexp) refers (Special) to usenofp.o(x$fpl$usenofp) for __I$use$fp
    ldexp.o(i.ldexp) refers to deqf.o(x$fpl$deqf) for __aeabi_cdcmpeq
    ldexp.o(i.ldexp) refers to scalbn.o(x$fpl$scalbn) for __ARM_scalbn
    ldexp.o(i.ldexp) refers to _rserrno.o(.text) for __set_errno
    ldexp.o(i.ldexp) refers to dunder.o(i.__mathlib_dbl_underflow) for __mathlib_dbl_underflow
    ldexp_x.o(i.____softfp_ldexp$lsc) refers (Special) to usenofp.o(x$fpl$usenofp) for __I$use$fp
    ldexp_x.o(i.____softfp_ldexp$lsc) refers to ldexp_x.o(i.__ldexp$lsc) for __ldexp$lsc
    ldexp_x.o(i.____support_ldexp$lsc) refers (Special) to usenofp.o(x$fpl$usenofp) for __I$use$fp
    ldexp_x.o(i.____support_ldexp$lsc) refers to ldexp_x.o(i.__ldexp$lsc) for __ldexp$lsc
    ldexp_x.o(i.__ldexp$lsc) refers (Special) to usenofp.o(x$fpl$usenofp) for __I$use$fp
    ldexp_x.o(i.__ldexp$lsc) refers to deqf.o(x$fpl$deqf) for __aeabi_cdcmpeq
    ldexp_x.o(i.__ldexp$lsc) refers to scalbn.o(x$fpl$scalbn) for __ARM_scalbn
    ldexp_x.o(i.__ldexp$lsc) refers to _rserrno.o(.text) for __set_errno
    ldexp_x.o(i.__ldexp$lsc) refers to qnan.o(.constdata) for __mathlib_zero
    rt_raise.o(.text) refers to __raise.o(.text) for __raise
    rt_raise.o(.text) refers to sys_exit.o(.text) for _sys_exit
    defsig_exit.o(.text) refers to sys_exit.o(.text) for _sys_exit
    defsig_rtmem_inner.o(.text) refers to defsig_general.o(.text) for __default_signal_display
    __raise.o(.text) refers to defsig.o(CL$$defsig) for __default_signal_handler
    defsig_general.o(.text) refers to sys_wrch.o(.text) for _ttywrch
    sys_wrch.o(.text) refers (Special) to use_no_semi.o(.text) for __I$use$semihosting
    sys_wrch.o(.text) refers (Special) to indicate_semi.o(.text) for __semihosting_library_function
    defsig.o(CL$$defsig) refers to defsig_rtmem_inner.o(.text) for __rt_SIGRTMEM_inner
    defsig_abrt_inner.o(.text) refers to defsig_general.o(.text) for __default_signal_display
    defsig_fpe_inner.o(.text) refers to defsig_general.o(.text) for __default_signal_display
    defsig_rtred_inner.o(.text) refers to defsig_general.o(.text) for __default_signal_display
    defsig_stak_inner.o(.text) refers to defsig_general.o(.text) for __default_signal_display
    defsig_pvfn_inner.o(.text) refers to defsig_general.o(.text) for __default_signal_display
    defsig_cppl_inner.o(.text) refers to defsig_general.o(.text) for __default_signal_display
    defsig_segv_inner.o(.text) refers to defsig_general.o(.text) for __default_signal_display
    defsig_other.o(.text) refers to defsig_general.o(.text) for __default_signal_display
    scanf_fp.o(i._is_digit) refers (Special) to usenofp.o(x$fpl$usenofp) for __I$use$fp
    scanf_fp.o(i._is_digit) refers (Special) to lc_numeric_c.o(locale$$code) for _get_lc_numeric


==============================================================================

Removing Unused input sections from the image.

    Removing led.o(.text), (112 bytes).

1 unused section(s) (total 112 bytes) removed from the image.

==============================================================================

Image Symbol Table

    Local Symbols

    Symbol Name                              Value     Ov Type        Size  Object(Section)

    RESET                                    0x00000000   Section      620  startup_tm4c123.o(RESET)
    ../clib/angel/boardlib.s                 0x00000000   Number         0  boardinit1.o ABSOLUTE
    ../clib/angel/boardlib.s                 0x00000000   Number         0  boardinit3.o ABSOLUTE
    ../clib/angel/boardlib.s                 0x00000000   Number         0  boardshut.o ABSOLUTE
    ../clib/angel/boardlib.s                 0x00000000   Number         0  boardinit2.o ABSOLUTE
    ../clib/angel/handlers.s                 0x00000000   Number         0  __scatter_zi.o ABSOLUTE
    ../clib/angel/kernel.s                   0x00000000   Number         0  rtentry2.o ABSOLUTE
    ../clib/angel/kernel.s                   0x00000000   Number         0  rtentry4.o ABSOLUTE
    ../clib/angel/kernel.s                   0x00000000   Number         0  rtentry.o ABSOLUTE
    ../clib/angel/kernel.s                   0x00000000   Number         0  rtexit2.o ABSOLUTE
    ../clib/angel/kernel.s                   0x00000000   Number         0  rtexit.o ABSOLUTE
    ../clib/angel/rt.s                       0x00000000   Number         0  rt_locale.o ABSOLUTE
    ../clib/angel/rt.s                       0x00000000   Number         0  rt_errno_addr.o ABSOLUTE
    ../clib/angel/rt.s                       0x00000000   Number         0  rt_ctype_table.o ABSOLUTE
    ../clib/angel/rt.s                       0x00000000   Number         0  rt_locale_intlibspace.o ABSOLUTE
    ../clib/angel/rt.s                       0x00000000   Number         0  rt_errno_addr_intlibspace.o ABSOLUTE
    ../clib/angel/rt.s                       0x00000000   Number         0  rt_raise.o ABSOLUTE
    ../clib/angel/scatter.s                  0x00000000   Number         0  __scatter.o ABSOLUTE
    ../clib/angel/startup.s                  0x00000000   Number         0  __main.o ABSOLUTE
    ../clib/angel/sys.s                      0x00000000   Number         0  indicate_semi.o ABSOLUTE
    ../clib/angel/sys.s                      0x00000000   Number         0  sys_stackheap_outer.o ABSOLUTE
    ../clib/angel/sys.s                      0x00000000   Number         0  libspace.o ABSOLUTE
    ../clib/angel/sys.s                      0x00000000   Number         0  use_no_semi.o ABSOLUTE
    ../clib/angel/sysapp.c                   0x00000000   Number         0  sys_exit.o ABSOLUTE
    ../clib/angel/sysapp.c                   0x00000000   Number         0  sys_command.o ABSOLUTE
    ../clib/angel/sysapp.c                   0x00000000   Number         0  sys_wrch.o ABSOLUTE
    ../clib/armsys.c                         0x00000000   Number         0  argv_veneer.o ABSOLUTE
    ../clib/armsys.c                         0x00000000   Number         0  argv_veneer.o ABSOLUTE
    ../clib/armsys.c                         0x00000000   Number         0  no_argv.o ABSOLUTE
    ../clib/armsys.c                         0x00000000   Number         0  _get_argv_nomalloc.o ABSOLUTE
    ../clib/bigflt.c                         0x00000000   Number         0  bigflt0.o ABSOLUTE
    ../clib/btod.s                           0x00000000   Number         0  btod.o ABSOLUTE
    ../clib/ctype.c                          0x00000000   Number         0  isspace.o ABSOLUTE
    ../clib/fenv.c                           0x00000000   Number         0  _rserrno.o ABSOLUTE
    ../clib/heapalloc.c                      0x00000000   Number         0  hrguard.o ABSOLUTE
    ../clib/heapaux.c                        0x00000000   Number         0  heapauxi.o ABSOLUTE
    ../clib/libinit.s                        0x00000000   Number         0  libinit.o ABSOLUTE
    ../clib/libinit.s                        0x00000000   Number         0  libinit2.o ABSOLUTE
    ../clib/libinit.s                        0x00000000   Number         0  libshutdown.o ABSOLUTE
    ../clib/libinit.s                        0x00000000   Number         0  libshutdown2.o ABSOLUTE
    ../clib/locale.s                         0x00000000   Number         0  lc_ctype_c.o ABSOLUTE
    ../clib/locale.s                         0x00000000   Number         0  lc_numeric_c.o ABSOLUTE
    ../clib/longlong.s                       0x00000000   Number         0  llshl.o ABSOLUTE
    ../clib/memcpset.s                       0x00000000   Number         0  strcmpv7m.o ABSOLUTE
    ../clib/scanf.c                          0x00000000   Number         0  _sgetc.o ABSOLUTE
    ../clib/scanf.c                          0x00000000   Number         0  scanf_hexfp.o ABSOLUTE
    ../clib/scanf.c                          0x00000000   Number         0  scanf_infnan.o ABSOLUTE
    ../clib/scanf.c                          0x00000000   Number         0  strtod.o ABSOLUTE
    ../clib/scanf.c                          0x00000000   Number         0  scanf_fp.o ABSOLUTE
    ../clib/scanf.c                          0x00000000   Number         0  _chval.o ABSOLUTE
    ../clib/signal.c                         0x00000000   Number         0  defsig_rtmem_formal.o ABSOLUTE
    ../clib/signal.c                         0x00000000   Number         0  defsig_general.o ABSOLUTE
    ../clib/signal.c                         0x00000000   Number         0  __raise.o ABSOLUTE
    ../clib/signal.c                         0x00000000   Number         0  defsig_fpe_inner.o ABSOLUTE
    ../clib/signal.c                         0x00000000   Number         0  defsig_rtmem_inner.o ABSOLUTE
    ../clib/signal.c                         0x00000000   Number         0  defsig_stak_inner.o ABSOLUTE
    ../clib/signal.c                         0x00000000   Number         0  defsig_exit.o ABSOLUTE
    ../clib/signal.c                         0x00000000   Number         0  defsig_abrt_inner.o ABSOLUTE
    ../clib/signal.c                         0x00000000   Number         0  defsig_rtred_inner.o ABSOLUTE
    ../clib/signal.c                         0x00000000   Number         0  defsig_other.o ABSOLUTE
    ../clib/signal.c                         0x00000000   Number         0  defsig_segv_inner.o ABSOLUTE
    ../clib/signal.c                         0x00000000   Number         0  defsig_cppl_inner.o ABSOLUTE
    ../clib/signal.c                         0x00000000   Number         0  defsig_pvfn_inner.o ABSOLUTE
    ../clib/signal.c                         0x00000000   Number         0  defsig_rtmem_outer.o ABSOLUTE
    ../clib/signal.s                         0x00000000   Number         0  defsig.o ABSOLUTE
    ../clib/stdlib.c                         0x00000000   Number         0  exit.o ABSOLUTE
    ../clib/string.c                         0x00000000   Number         0  strlen.o ABSOLUTE
    ../fplib/d2f.s                           0x00000000   Number         0  d2f.o ABSOLUTE
    ../fplib/daddsub.s                       0x00000000   Number         0  daddsub_clz.o ABSOLUTE
    ../fplib/dcheck1.s                       0x00000000   Number         0  dcheck1.o ABSOLUTE
    ../fplib/dcmpi.s                         0x00000000   Number         0  dcmpi.o ABSOLUTE
    ../fplib/ddiv.s                          0x00000000   Number         0  ddiv.o ABSOLUTE
    ../fplib/deqf.s                          0x00000000   Number         0  deqf.o ABSOLUTE
    ../fplib/dfix.s                          0x00000000   Number         0  dfix.o ABSOLUTE
    ../fplib/dfixu.s                         0x00000000   Number         0  dfixu.o ABSOLUTE
    ../fplib/dflt.s                          0x00000000   Number         0  dflt_clz.o ABSOLUTE
    ../fplib/dleqf.s                         0x00000000   Number         0  dleqf.o ABSOLUTE
    ../fplib/dmul.s                          0x00000000   Number         0  dmul.o ABSOLUTE
    ../fplib/dnaninf.s                       0x00000000   Number         0  dnaninf.o ABSOLUTE
    ../fplib/dretinf.s                       0x00000000   Number         0  dretinf.o ABSOLUTE
    ../fplib/drleqf.s                        0x00000000   Number         0  drleqf.o ABSOLUTE
    ../fplib/dsqrt.s                         0x00000000   Number         0  dsqrt_umaal.o ABSOLUTE
    ../fplib/f2d.s                           0x00000000   Number         0  f2d.o ABSOLUTE
    ../fplib/faddsub.s                       0x00000000   Number         0  faddsub_clz.o ABSOLUTE
    ../fplib/ffixu.s                         0x00000000   Number         0  ffixu.o ABSOLUTE
    ../fplib/fflt.s                          0x00000000   Number         0  fflt_clz.o ABSOLUTE
    ../fplib/fnaninf.s                       0x00000000   Number         0  fnaninf.o ABSOLUTE
    ../fplib/fpconst.s                       0x00000000   Number         0  fpconst.o ABSOLUTE
    ../fplib/fpinit.s                        0x00000000   Number         0  fpinit.o ABSOLUTE
    ../fplib/fretinf.s                       0x00000000   Number         0  fretinf.o ABSOLUTE
    ../fplib/istatus.s                       0x00000000   Number         0  istatus.o ABSOLUTE
    ../fplib/retnan.s                        0x00000000   Number         0  retnan.o ABSOLUTE
    ../fplib/scalbn.s                        0x00000000   Number         0  scalbn.o ABSOLUTE
    ../fplib/scanf1.s                        0x00000000   Number         0  scanf1.o ABSOLUTE
    ../fplib/scanf2.s                        0x00000000   Number         0  scanf2.o ABSOLUTE
    ../fplib/scanf2a.s                       0x00000000   Number         0  scanf2a.o ABSOLUTE
    ../fplib/scanf2b.s                       0x00000000   Number         0  scanf2b.o ABSOLUTE
    ../fplib/trapv.s                         0x00000000   Number         0  trapv.o ABSOLUTE
    ../fplib/usenofp.s                       0x00000000   Number         0  usenofp.o ABSOLUTE
    ../mathlib/atan.c                        0x00000000   Number         0  atan.o ABSOLUTE
    ../mathlib/atan.c                        0x00000000   Number         0  atan_x.o ABSOLUTE
    ../mathlib/atan2.c                       0x00000000   Number         0  atan2.o ABSOLUTE
    ../mathlib/atan2.c                       0x00000000   Number         0  atan2_x.o ABSOLUTE
    ../mathlib/atof.c                        0x00000000   Number         0  atof.o ABSOLUTE
    ../mathlib/cos.c                         0x00000000   Number         0  cos_x.o ABSOLUTE
    ../mathlib/cos.c                         0x00000000   Number         0  cos.o ABSOLUTE
    ../mathlib/cos_i.c                       0x00000000   Number         0  cos_i.o ABSOLUTE
    ../mathlib/dunder.c                      0x00000000   Number         0  dunder.o ABSOLUTE
    ../mathlib/fpclassify.c                  0x00000000   Number         0  fpclassify.o ABSOLUTE
    ../mathlib/frexp.c                       0x00000000   Number         0  frexp.o ABSOLUTE
    ../mathlib/ldexp.c                       0x00000000   Number         0  ldexp_x.o ABSOLUTE
    ../mathlib/ldexp.c                       0x00000000   Number         0  ldexp.o ABSOLUTE
    ../mathlib/narrow.c                      0x00000000   Number         0  narrow.o ABSOLUTE
    ../mathlib/poly.c                        0x00000000   Number         0  poly.o ABSOLUTE
    ../mathlib/qnan.c                        0x00000000   Number         0  qnan.o ABSOLUTE
    ../mathlib/rred.c                        0x00000000   Number         0  rred.o ABSOLUTE
    ../mathlib/sin.c                         0x00000000   Number         0  sin_x.o ABSOLUTE
    ../mathlib/sin.c                         0x00000000   Number         0  sin.o ABSOLUTE
    ../mathlib/sin_i.c                       0x00000000   Number         0  sin_i_x.o ABSOLUTE
    ../mathlib/sin_i.c                       0x00000000   Number         0  sin_i.o ABSOLUTE
    ../mathlib/sqrt.c                        0x00000000   Number         0  sqrt.o ABSOLUTE
    ../mathlib/sqrt.c                        0x00000000   Number         0  sqrt_x.o ABSOLUTE
    LCD.c                                    0x00000000   Number         0  lcd.o ABSOLUTE
    LED.c                                    0x00000000   Number         0  led.o ABSOLUTE
    SYSTICK.c                                0x00000000   Number         0  systick.o ABSOLUTE
    UART.c                                   0x00000000   Number         0  uart.o ABSOLUTE
    dc.s                                     0x00000000   Number         0  dc.o ABSOLUTE
    main.c                                   0x00000000   Number         0  main.o ABSOLUTE
    startup_TM4C123.s                        0x00000000   Number         0  startup_tm4c123.o ABSOLUTE
    !!!main                                  0x0000026c   Section        8  __main.o(!!!main)
    !!!scatter                               0x00000274   Section       52  __scatter.o(!!!scatter)
    !!handler_zi                             0x000002a8   Section       28  __scatter_zi.o(!!handler_zi)
    .ARM.Collect$$libinit$$00000000          0x000002c4   Section        2  libinit.o(.ARM.Collect$$libinit$$00000000)
    .ARM.Collect$$libinit$$00000002          0x000002c6   Section        0  libinit2.o(.ARM.Collect$$libinit$$00000002)
    .ARM.Collect$$libinit$$00000008          0x000002c6   Section        0  libinit2.o(.ARM.Collect$$libinit$$00000008)
    .ARM.Collect$$libinit$$0000000A          0x000002c6   Section        0  libinit2.o(.ARM.Collect$$libinit$$0000000A)
    .ARM.Collect$$libinit$$0000000C          0x000002c6   Section        0  libinit2.o(.ARM.Collect$$libinit$$0000000C)
    .ARM.Collect$$libinit$$0000000D          0x000002c6   Section        6  libinit2.o(.ARM.Collect$$libinit$$0000000D)
    .ARM.Collect$$libinit$$0000000F          0x000002cc   Section        0  libinit2.o(.ARM.Collect$$libinit$$0000000F)
    .ARM.Collect$$libinit$$00000010          0x000002cc   Section       12  libinit2.o(.ARM.Collect$$libinit$$00000010)
    .ARM.Collect$$libinit$$00000011          0x000002d8   Section        0  libinit2.o(.ARM.Collect$$libinit$$00000011)
    .ARM.Collect$$libinit$$00000013          0x000002d8   Section        0  libinit2.o(.ARM.Collect$$libinit$$00000013)
    .ARM.Collect$$libinit$$00000014          0x000002d8   Section       10  libinit2.o(.ARM.Collect$$libinit$$00000014)
    .ARM.Collect$$libinit$$00000015          0x000002e2   Section        0  libinit2.o(.ARM.Collect$$libinit$$00000015)
    .ARM.Collect$$libinit$$00000017          0x000002e2   Section        0  libinit2.o(.ARM.Collect$$libinit$$00000017)
    .ARM.Collect$$libinit$$00000019          0x000002e2   Section        0  libinit2.o(.ARM.Collect$$libinit$$00000019)
    .ARM.Collect$$libinit$$0000001B          0x000002e2   Section        0  libinit2.o(.ARM.Collect$$libinit$$0000001B)
    .ARM.Collect$$libinit$$0000001D          0x000002e2   Section        0  libinit2.o(.ARM.Collect$$libinit$$0000001D)
    .ARM.Collect$$libinit$$0000001F          0x000002e2   Section        0  libinit2.o(.ARM.Collect$$libinit$$0000001F)
    .ARM.Collect$$libinit$$00000021          0x000002e2   Section        0  libinit2.o(.ARM.Collect$$libinit$$00000021)
    .ARM.Collect$$libinit$$00000023          0x000002e2   Section        0  libinit2.o(.ARM.Collect$$libinit$$00000023)
    .ARM.Collect$$libinit$$0000002A          0x000002e2   Section        0  libinit2.o(.ARM.Collect$$libinit$$0000002A)
    .ARM.Collect$$libinit$$0000002C          0x000002e2   Section        0  libinit2.o(.ARM.Collect$$libinit$$0000002C)
    .ARM.Collect$$libinit$$0000002E          0x000002e2   Section        0  libinit2.o(.ARM.Collect$$libinit$$0000002E)
    .ARM.Collect$$libinit$$00000030          0x000002e2   Section        0  libinit2.o(.ARM.Collect$$libinit$$00000030)
    .ARM.Collect$$libinit$$00000031          0x000002e2   Section        2  libinit2.o(.ARM.Collect$$libinit$$00000031)
    .ARM.Collect$$libshutdown$$00000000      0x000002e4   Section        2  libshutdown.o(.ARM.Collect$$libshutdown$$00000000)
    .ARM.Collect$$libshutdown$$00000003      0x000002e6   Section        0  libshutdown2.o(.ARM.Collect$$libshutdown$$00000003)
    .ARM.Collect$$libshutdown$$00000006      0x000002e6   Section        0  libshutdown2.o(.ARM.Collect$$libshutdown$$00000006)
    .ARM.Collect$$libshutdown$$00000009      0x000002e6   Section        0  libshutdown2.o(.ARM.Collect$$libshutdown$$00000009)
    .ARM.Collect$$libshutdown$$0000000B      0x000002e6   Section        0  libshutdown2.o(.ARM.Collect$$libshutdown$$0000000B)
    .ARM.Collect$$libshutdown$$0000000E      0x000002e6   Section        0  libshutdown2.o(.ARM.Collect$$libshutdown$$0000000E)
    .ARM.Collect$$libshutdown$$0000000F      0x000002e6   Section        2  libshutdown2.o(.ARM.Collect$$libshutdown$$0000000F)
    .ARM.Collect$$rtentry$$00000000          0x000002e8   Section        0  rtentry.o(.ARM.Collect$$rtentry$$00000000)
    .ARM.Collect$$rtentry$$00000002          0x000002e8   Section        0  rtentry2.o(.ARM.Collect$$rtentry$$00000002)
    .ARM.Collect$$rtentry$$00000004          0x000002e8   Section        6  rtentry4.o(.ARM.Collect$$rtentry$$00000004)
    .ARM.Collect$$rtentry$$00000009          0x000002ee   Section        0  rtentry2.o(.ARM.Collect$$rtentry$$00000009)
    .ARM.Collect$$rtentry$$0000000A          0x000002ee   Section        4  rtentry2.o(.ARM.Collect$$rtentry$$0000000A)
    .ARM.Collect$$rtentry$$0000000C          0x000002f2   Section        0  rtentry2.o(.ARM.Collect$$rtentry$$0000000C)
    .ARM.Collect$$rtentry$$0000000D          0x000002f2   Section        8  rtentry2.o(.ARM.Collect$$rtentry$$0000000D)
    .ARM.Collect$$rtexit$$00000000           0x000002fa   Section        2  rtexit.o(.ARM.Collect$$rtexit$$00000000)
    .ARM.Collect$$rtexit$$00000002           0x000002fc   Section        0  rtexit2.o(.ARM.Collect$$rtexit$$00000002)
    .ARM.Collect$$rtexit$$00000003           0x000002fc   Section        4  rtexit2.o(.ARM.Collect$$rtexit$$00000003)
    .ARM.Collect$$rtexit$$00000004           0x00000300   Section        6  rtexit2.o(.ARM.Collect$$rtexit$$00000004)
    .text                                    0x00000308   Section      276  startup_tm4c123.o(.text)
    .text                                    0x0000041c   Section        0  main.o(.text)
    .text                                    0x00000798   Section        0  uart.o(.text)
    .text                                    0x00000a68   Section        0  systick.o(.text)
    .text                                    0x00000acc   Section        0  lcd.o(.text)
    .text                                    0x00000cdc   Section        0  strlen.o(.text)
    .text                                    0x00000d1a   Section        0  heapauxi.o(.text)
    .text                                    0x00000d20   Section        0  _rserrno.o(.text)
    .text                                    0x00000d38   Section        0  strtod.o(.text)
    _local_sscanf                            0x00000d39   Thumb Code    60  strtod.o(.text)
    .text                                    0x00000dd8   Section        8  rt_errno_addr_intlibspace.o(.text)
    .text                                    0x00000de0   Section        0  isspace.o(.text)
    .text                                    0x00000df2   Section        0  _sgetc.o(.text)
    .text                                    0x00000e34   Section        8  libspace.o(.text)
    .text                                    0x00000e3c   Section       74  sys_stackheap_outer.o(.text)
    .text                                    0x00000e88   Section       16  rt_ctype_table.o(.text)
    .text                                    0x00000e98   Section        0  scanf_fp.o(.text)
    _fp_value                                0x00000e99   Thumb Code   504  scanf_fp.o(.text)
    .text                                    0x0000133c   Section        0  exit.o(.text)
    .text                                    0x00001348   Section      128  strcmpv7m.o(.text)
    .text                                    0x000013c8   Section        8  rt_locale_intlibspace.o(.text)
    .text                                    0x000013d0   Section        0  bigflt0.o(.text)
    .text                                    0x000014b4   Section        0  scanf_hexfp.o(.text)
    .text                                    0x000017c8   Section        0  scanf_infnan.o(.text)
    .text                                    0x00001904   Section        0  sys_exit.o(.text)
    .text                                    0x00001910   Section       38  llshl.o(.text)
    .text                                    0x00001936   Section        0  _chval.o(.text)
    .text                                    0x00001952   Section        2  use_no_semi.o(.text)
    .text                                    0x00001954   Section        0  indicate_semi.o(.text)
    CL$$btod_div_common                      0x00001954   Section      824  btod.o(CL$$btod_div_common)
    CL$$btod_e2d                             0x00001c8c   Section       84  btod.o(CL$$btod_e2d)
    CL$$btod_e2e                             0x00001ce0   Section      198  btod.o(CL$$btod_e2e)
    CL$$btod_ediv                            0x00001da6   Section       40  btod.o(CL$$btod_ediv)
    CL$$btod_edivd                           0x00001dce   Section       40  btod.o(CL$$btod_edivd)
    CL$$btod_emul                            0x00001df6   Section       40  btod.o(CL$$btod_emul)
    CL$$btod_emuld                           0x00001e1e   Section       40  btod.o(CL$$btod_emuld)
    CL$$btod_mult_common                     0x00001e46   Section      580  btod.o(CL$$btod_mult_common)
    i.__ARM_fpclassify                       0x0000208a   Section        0  fpclassify.o(i.__ARM_fpclassify)
    i.__ieee754_rem_pio2                     0x000020b4   Section        0  rred.o(i.__ieee754_rem_pio2)
    i.__kernel_cos                           0x0000243c   Section        0  cos_i.o(i.__kernel_cos)
    i.__kernel_poly                          0x00002538   Section        0  poly.o(i.__kernel_poly)
    i.__kernel_sin                           0x000025e4   Section        0  sin_i.o(i.__kernel_sin)
    i.__mathlib_dbl_underflow                0x000026d0   Section        0  dunder.o(i.__mathlib_dbl_underflow)
    i.__mathlib_narrow                       0x000026e0   Section        0  narrow.o(i.__mathlib_narrow)
    i.__mathlib_tofloat                      0x000026f0   Section        0  narrow.o(i.__mathlib_tofloat)
    i.__support_ldexp                        0x00002778   Section        0  ldexp.o(i.__support_ldexp)
    i._is_digit                              0x0000278e   Section        0  scanf_fp.o(i._is_digit)
    i.atan                                   0x0000279c   Section        0  atan.o(i.atan)
    i.atan2                                  0x000029c0   Section        0  atan2.o(i.atan2)
    i.atof                                   0x00002b40   Section        0  atof.o(i.atof)
    i.cos                                    0x00002b6c   Section        0  cos.o(i.cos)
    i.frexp                                  0x00002c18   Section        0  frexp.o(i.frexp)
    i.ldexp                                  0x00002c70   Section        0  ldexp.o(i.ldexp)
    i.sin                                    0x00002cf0   Section        0  sin.o(i.sin)
    i.sqrt                                   0x00002da0   Section        0  sqrt.o(i.sqrt)
    locale$$code                             0x00002dec   Section       44  lc_numeric_c.o(locale$$code)
    locale$$code                             0x00002e18   Section       44  lc_ctype_c.o(locale$$code)
    x$fpl$d2f                                0x00002e44   Section       98  d2f.o(x$fpl$d2f)
    x$fpl$dadd                               0x00002ea8   Section      336  daddsub_clz.o(x$fpl$dadd)
    _dadd1                                   0x00002eb9   Thumb Code     0  daddsub_clz.o(x$fpl$dadd)
    x$fpl$dcheck1                            0x00002ff8   Section       16  dcheck1.o(x$fpl$dcheck1)
    x$fpl$dcmpinf                            0x00003008   Section       24  dcmpi.o(x$fpl$dcmpinf)
    x$fpl$ddiv                               0x00003020   Section      688  ddiv.o(x$fpl$ddiv)
    ddiv_entry                               0x00003027   Thumb Code     0  ddiv.o(x$fpl$ddiv)
    x$fpl$deqf                               0x000032d0   Section      120  deqf.o(x$fpl$deqf)
    x$fpl$dfix                               0x00003348   Section       94  dfix.o(x$fpl$dfix)
    x$fpl$dfixu                              0x000033a8   Section       90  dfixu.o(x$fpl$dfixu)
    x$fpl$dflt                               0x00003402   Section       46  dflt_clz.o(x$fpl$dflt)
    x$fpl$dfltu                              0x00003430   Section       38  dflt_clz.o(x$fpl$dfltu)
    x$fpl$dleqf                              0x00003458   Section      120  dleqf.o(x$fpl$dleqf)
    x$fpl$dmul                               0x000034d0   Section      340  dmul.o(x$fpl$dmul)
    x$fpl$dnaninf                            0x00003624   Section      156  dnaninf.o(x$fpl$dnaninf)
    x$fpl$dretinf                            0x000036c0   Section       12  dretinf.o(x$fpl$dretinf)
    x$fpl$drleqf                             0x000036cc   Section      108  drleqf.o(x$fpl$drleqf)
    x$fpl$drsb                               0x00003738   Section       22  daddsub_clz.o(x$fpl$drsb)
    x$fpl$dsqrt                              0x00003750   Section      408  dsqrt_umaal.o(x$fpl$dsqrt)
    x$fpl$dsub                               0x000038e8   Section      468  daddsub_clz.o(x$fpl$dsub)
    _dsub1                                   0x000038f9   Thumb Code     0  daddsub_clz.o(x$fpl$dsub)
    x$fpl$f2d                                0x00003abc   Section       86  f2d.o(x$fpl$f2d)
    x$fpl$fadd                               0x00003b14   Section      196  faddsub_clz.o(x$fpl$fadd)
    _fadd1                                   0x00003b23   Thumb Code     0  faddsub_clz.o(x$fpl$fadd)
    x$fpl$ffixu                              0x00003bd8   Section       62  ffixu.o(x$fpl$ffixu)
    x$fpl$ffltu                              0x00003c18   Section       38  fflt_clz.o(x$fpl$ffltu)
    x$fpl$fnaninf                            0x00003c3e   Section      140  fnaninf.o(x$fpl$fnaninf)
    x$fpl$fretinf                            0x00003cca   Section       10  fretinf.o(x$fpl$fretinf)
    x$fpl$fsub                               0x00003cd4   Section      234  faddsub_clz.o(x$fpl$fsub)
    _fsub1                                   0x00003ce3   Thumb Code     0  faddsub_clz.o(x$fpl$fsub)
    x$fpl$retnan                             0x00003dbe   Section      100  retnan.o(x$fpl$retnan)
    x$fpl$scalbn                             0x00003e22   Section       92  scalbn.o(x$fpl$scalbn)
    x$fpl$scanf1                             0x00003e7e   Section        4  scanf1.o(x$fpl$scanf1)
    x$fpl$scanf2                             0x00003e82   Section        8  scanf2.o(x$fpl$scanf2)
    x$fpl$trapveneer                         0x00003e8a   Section       48  trapv.o(x$fpl$trapveneer)
    x$fpl$usenofp                            0x00003eba   Section        0  usenofp.o(x$fpl$usenofp)
    .constdata                               0x00003ec0   Section      152  atan.o(.constdata)
    atanhi                                   0x00003ec0   Data          32  atan.o(.constdata)
    atanlo                                   0x00003ee0   Data          32  atan.o(.constdata)
    aTodd                                    0x00003f00   Data          40  atan.o(.constdata)
    aTeven                                   0x00003f28   Data          48  atan.o(.constdata)
    .constdata                               0x00003f58   Section       48  cos_i.o(.constdata)
    C                                        0x00003f58   Data          48  cos_i.o(.constdata)
    .constdata                               0x00003f88   Section        8  qnan.o(.constdata)
    .constdata                               0x00003f90   Section      200  rred.o(.constdata)
    pio2s                                    0x00003f90   Data          48  rred.o(.constdata)
    twooverpi                                0x00003fc0   Data         152  rred.o(.constdata)
    .constdata                               0x00004058   Section       40  sin_i.o(.constdata)
    S                                        0x00004058   Data          40  sin_i.o(.constdata)
    .constdata                               0x00004080   Section      148  bigflt0.o(.constdata)
    tenpwrs_x                                0x00004080   Data          60  bigflt0.o(.constdata)
    tenpwrs_i                                0x000040bc   Data          64  bigflt0.o(.constdata)
    c$$dinf                                  0x00004124   Section        8  fpconst.o(c$$dinf)
    locale$$data                             0x0000412c   Section       28  lc_numeric_c.o(locale$$data)
    __lcnum_c_name                           0x00004130   Data           2  lc_numeric_c.o(locale$$data)
    __lcnum_c_start                          0x00004138   Data           0  lc_numeric_c.o(locale$$data)
    __lcnum_c_point                          0x00004144   Data           0  lc_numeric_c.o(locale$$data)
    __lcnum_c_thousands                      0x00004146   Data           0  lc_numeric_c.o(locale$$data)
    __lcnum_c_grouping                       0x00004147   Data           0  lc_numeric_c.o(locale$$data)
    locale$$data                             0x00004148   Section      272  lc_ctype_c.o(locale$$data)
    __lcnum_c_end                            0x00004148   Data           0  lc_numeric_c.o(locale$$data)
    __lcctype_c_name                         0x0000414c   Data           2  lc_ctype_c.o(locale$$data)
    __lcctype_c_start                        0x00004154   Data           0  lc_ctype_c.o(locale$$data)
    __lcctype_c_end                          0x00004258   Data           0  lc_ctype_c.o(locale$$data)
    .bss                                     0x20000000   Section       96  libspace.o(.bss)
    HEAP                                     0x20000060   Section        0  startup_tm4c123.o(HEAP)
    STACK                                    0x20000060   Section      512  startup_tm4c123.o(STACK)
    Heap_Mem                                 0x20000060   Data           0  startup_tm4c123.o(HEAP)
    Stack_Mem                                0x20000060   Data         512  startup_tm4c123.o(STACK)
    __initial_sp                             0x20000260   Data           0  startup_tm4c123.o(STACK)

    Global Symbols

    Symbol Name                              Value     Ov Type        Size  Object(Section)

    BuildAttributes$$THM_ISAv4$E$P$D$K$B$S$7EM$PE$A:L22UL41UL21$X:L11$S22US41US21$IEEE1$IW$USESV6$~STKCKD$USESV7$~SHL$OTIME$ROPI$IEEEX$EBA8$UX$STANDARDLIB$REQ8$PRES8$EABIv2 0x00000000   Number         0  anon$$obj.o ABSOLUTE
    __ARM_use_no_argv                        0x00000000   Number         0  main.o ABSOLUTE
    __Vectors                                0x00000000   Data           4  startup_tm4c123.o(RESET)
    __ARM_exceptions_init                     - Undefined Weak Reference
    __alloca_initialize                       - Undefined Weak Reference
    __cpp_initialize__aeabi_                  - Undefined Weak Reference
    __cxa_finalize                            - Undefined Weak Reference
    __sigvec_lookup                           - Undefined Weak Reference
    _atexit_init                              - Undefined Weak Reference
    _call_atexit_fns                          - Undefined Weak Reference
    _clock_init                               - Undefined Weak Reference
    _fp_trap_init                             - Undefined Weak Reference
    _fp_trap_shutdown                         - Undefined Weak Reference
    _get_lc_collate                           - Undefined Weak Reference
    _get_lc_monetary                          - Undefined Weak Reference
    _get_lc_time                              - Undefined Weak Reference
    _getenv_init                              - Undefined Weak Reference
    _handle_redirection                       - Undefined Weak Reference
    _init_alloc                               - Undefined Weak Reference
    _init_user_alloc                          - Undefined Weak Reference
    _initio                                   - Undefined Weak Reference
    _rand_init                                - Undefined Weak Reference
    _signal_finish                            - Undefined Weak Reference
    _signal_init                              - Undefined Weak Reference
    _terminate_alloc                          - Undefined Weak Reference
    _terminate_user_alloc                     - Undefined Weak Reference
    _terminateio                              - Undefined Weak Reference
    __Vectors_End                            0x0000026c   Data           0  startup_tm4c123.o(RESET)
    __Vectors_Size                           0x0000026c   Number         0  startup_tm4c123.o ABSOLUTE
    __main                                   0x0000026d   Thumb Code     8  __main.o(!!!main)
    __scatterload                            0x00000275   Thumb Code     0  __scatter.o(!!!scatter)
    __scatterload_rt2                        0x00000275   Thumb Code    44  __scatter.o(!!!scatter)
    __scatterload_rt2_thumb_only             0x00000275   Thumb Code     0  __scatter.o(!!!scatter)
    __scatterload_null                       0x00000283   Thumb Code     0  __scatter.o(!!!scatter)
    __scatterload_zeroinit                   0x000002a9   Thumb Code    28  __scatter_zi.o(!!handler_zi)
    __rt_lib_init                            0x000002c5   Thumb Code     0  libinit.o(.ARM.Collect$$libinit$$00000000)
    __rt_lib_init_fp_1                       0x000002c7   Thumb Code     0  libinit2.o(.ARM.Collect$$libinit$$00000002)
    __rt_lib_init_heap_1                     0x000002c7   Thumb Code     0  libinit2.o(.ARM.Collect$$libinit$$00000008)
    __rt_lib_init_lc_common                  0x000002c7   Thumb Code     0  libinit2.o(.ARM.Collect$$libinit$$0000000D)
    __rt_lib_init_rand_1                     0x000002c7   Thumb Code     0  libinit2.o(.ARM.Collect$$libinit$$0000000C)
    __rt_lib_init_user_alloc_1               0x000002c7   Thumb Code     0  libinit2.o(.ARM.Collect$$libinit$$0000000A)
    __rt_lib_init_lc_collate_1               0x000002cd   Thumb Code     0  libinit2.o(.ARM.Collect$$libinit$$0000000F)
    __rt_lib_init_lc_ctype_2                 0x000002cd   Thumb Code     0  libinit2.o(.ARM.Collect$$libinit$$00000010)
    __rt_lib_init_lc_ctype_1                 0x000002d9   Thumb Code     0  libinit2.o(.ARM.Collect$$libinit$$00000011)
    __rt_lib_init_lc_monetary_1              0x000002d9   Thumb Code     0  libinit2.o(.ARM.Collect$$libinit$$00000013)
    __rt_lib_init_lc_numeric_2               0x000002d9   Thumb Code     0  libinit2.o(.ARM.Collect$$libinit$$00000014)
    __rt_lib_init_alloca_1                   0x000002e3   Thumb Code     0  libinit2.o(.ARM.Collect$$libinit$$0000002C)
    __rt_lib_init_argv_1                     0x000002e3   Thumb Code     0  libinit2.o(.ARM.Collect$$libinit$$0000002A)
    __rt_lib_init_atexit_1                   0x000002e3   Thumb Code     0  libinit2.o(.ARM.Collect$$libinit$$00000019)
    __rt_lib_init_clock_1                    0x000002e3   Thumb Code     0  libinit2.o(.ARM.Collect$$libinit$$0000001F)
    __rt_lib_init_cpp_1                      0x000002e3   Thumb Code     0  libinit2.o(.ARM.Collect$$libinit$$00000030)
    __rt_lib_init_exceptions_1               0x000002e3   Thumb Code     0  libinit2.o(.ARM.Collect$$libinit$$0000002E)
    __rt_lib_init_fp_trap_1                  0x000002e3   Thumb Code     0  libinit2.o(.ARM.Collect$$libinit$$0000001D)
    __rt_lib_init_getenv_1                   0x000002e3   Thumb Code     0  libinit2.o(.ARM.Collect$$libinit$$00000021)
    __rt_lib_init_lc_numeric_1               0x000002e3   Thumb Code     0  libinit2.o(.ARM.Collect$$libinit$$00000015)
    __rt_lib_init_lc_time_1                  0x000002e3   Thumb Code     0  libinit2.o(.ARM.Collect$$libinit$$00000017)
    __rt_lib_init_return                     0x000002e3   Thumb Code     0  libinit2.o(.ARM.Collect$$libinit$$00000031)
    __rt_lib_init_signal_1                   0x000002e3   Thumb Code     0  libinit2.o(.ARM.Collect$$libinit$$0000001B)
    __rt_lib_init_stdio_1                    0x000002e3   Thumb Code     0  libinit2.o(.ARM.Collect$$libinit$$00000023)
    __rt_lib_shutdown                        0x000002e5   Thumb Code     0  libshutdown.o(.ARM.Collect$$libshutdown$$00000000)
    __rt_lib_shutdown_fp_trap_1              0x000002e7   Thumb Code     0  libshutdown2.o(.ARM.Collect$$libshutdown$$00000006)
    __rt_lib_shutdown_heap_1                 0x000002e7   Thumb Code     0  libshutdown2.o(.ARM.Collect$$libshutdown$$0000000E)
    __rt_lib_shutdown_return                 0x000002e7   Thumb Code     0  libshutdown2.o(.ARM.Collect$$libshutdown$$0000000F)
    __rt_lib_shutdown_signal_1               0x000002e7   Thumb Code     0  libshutdown2.o(.ARM.Collect$$libshutdown$$00000009)
    __rt_lib_shutdown_stdio_1                0x000002e7   Thumb Code     0  libshutdown2.o(.ARM.Collect$$libshutdown$$00000003)
    __rt_lib_shutdown_user_alloc_1           0x000002e7   Thumb Code     0  libshutdown2.o(.ARM.Collect$$libshutdown$$0000000B)
    __rt_entry                               0x000002e9   Thumb Code     0  rtentry.o(.ARM.Collect$$rtentry$$00000000)
    __rt_entry_presh_1                       0x000002e9   Thumb Code     0  rtentry2.o(.ARM.Collect$$rtentry$$00000002)
    __rt_entry_sh                            0x000002e9   Thumb Code     0  rtentry4.o(.ARM.Collect$$rtentry$$00000004)
    __rt_entry_li                            0x000002ef   Thumb Code     0  rtentry2.o(.ARM.Collect$$rtentry$$0000000A)
    __rt_entry_postsh_1                      0x000002ef   Thumb Code     0  rtentry2.o(.ARM.Collect$$rtentry$$00000009)
    __rt_entry_main                          0x000002f3   Thumb Code     0  rtentry2.o(.ARM.Collect$$rtentry$$0000000D)
    __rt_entry_postli_1                      0x000002f3   Thumb Code     0  rtentry2.o(.ARM.Collect$$rtentry$$0000000C)
    __rt_exit                                0x000002fb   Thumb Code     0  rtexit.o(.ARM.Collect$$rtexit$$00000000)
    __rt_exit_ls                             0x000002fd   Thumb Code     0  rtexit2.o(.ARM.Collect$$rtexit$$00000003)
    __rt_exit_prels_1                        0x000002fd   Thumb Code     0  rtexit2.o(.ARM.Collect$$rtexit$$00000002)
    __rt_exit_exit                           0x00000301   Thumb Code     0  rtexit2.o(.ARM.Collect$$rtexit$$00000004)
    Reset_Handler                            0x00000309   Thumb Code     8  startup_tm4c123.o(.text)
    NMI_Handler                              0x00000311   Thumb Code     2  startup_tm4c123.o(.text)
    HardFault_Handler                        0x00000313   Thumb Code     2  startup_tm4c123.o(.text)
    MemManage_Handler                        0x00000315   Thumb Code     2  startup_tm4c123.o(.text)
    BusFault_Handler                         0x00000317   Thumb Code     2  startup_tm4c123.o(.text)
    UsageFault_Handler                       0x00000319   Thumb Code     2  startup_tm4c123.o(.text)
    SVC_Handler                              0x0000031b   Thumb Code     2  startup_tm4c123.o(.text)
    DebugMon_Handler                         0x0000031d   Thumb Code     2  startup_tm4c123.o(.text)
    PendSV_Handler                           0x0000031f   Thumb Code     2  startup_tm4c123.o(.text)
    SysTick_Handler                          0x00000321   Thumb Code     2  startup_tm4c123.o(.text)
    GPIOA_Handler                            0x00000323   Thumb Code     2  startup_tm4c123.o(.text)
    GPIOB_Handler                            0x00000325   Thumb Code     2  startup_tm4c123.o(.text)
    GPIOC_Handler                            0x00000327   Thumb Code     2  startup_tm4c123.o(.text)
    GPIOD_Handler                            0x00000329   Thumb Code     2  startup_tm4c123.o(.text)
    GPIOE_Handler                            0x0000032b   Thumb Code     2  startup_tm4c123.o(.text)
    UART0_Handler                            0x0000032d   Thumb Code     2  startup_tm4c123.o(.text)
    UART1_Handler                            0x0000032f   Thumb Code     2  startup_tm4c123.o(.text)
    SSI0_Handler                             0x00000331   Thumb Code     2  startup_tm4c123.o(.text)
    I2C0_Handler                             0x00000333   Thumb Code     2  startup_tm4c123.o(.text)
    PMW0_FAULT_Handler                       0x00000335   Thumb Code     2  startup_tm4c123.o(.text)
    PWM0_0_Handler                           0x00000337   Thumb Code     2  startup_tm4c123.o(.text)
    PWM0_1_Handler                           0x00000339   Thumb Code     2  startup_tm4c123.o(.text)
    PWM0_2_Handler                           0x0000033b   Thumb Code     2  startup_tm4c123.o(.text)
    QEI0_Handler                             0x0000033d   Thumb Code     2  startup_tm4c123.o(.text)
    ADC0SS0_Handler                          0x0000033f   Thumb Code     2  startup_tm4c123.o(.text)
    ADC0SS1_Handler                          0x00000341   Thumb Code     2  startup_tm4c123.o(.text)
    ADC0SS2_Handler                          0x00000343   Thumb Code     2  startup_tm4c123.o(.text)
    ADC0SS3_Handler                          0x00000345   Thumb Code     2  startup_tm4c123.o(.text)
    WDT0_Handler                             0x00000347   Thumb Code     2  startup_tm4c123.o(.text)
    TIMER0A_Handler                          0x00000349   Thumb Code     2  startup_tm4c123.o(.text)
    TIMER0B_Handler                          0x0000034b   Thumb Code     2  startup_tm4c123.o(.text)
    TIMER1A_Handler                          0x0000034d   Thumb Code     2  startup_tm4c123.o(.text)
    TIMER1B_Handler                          0x0000034f   Thumb Code     2  startup_tm4c123.o(.text)
    TIMER2A_Handler                          0x00000351   Thumb Code     2  startup_tm4c123.o(.text)
    TIMER2B_Handler                          0x00000353   Thumb Code     2  startup_tm4c123.o(.text)
    COMP0_Handler                            0x00000355   Thumb Code     2  startup_tm4c123.o(.text)
    COMP1_Handler                            0x00000357   Thumb Code     2  startup_tm4c123.o(.text)
    COMP2_Handler                            0x00000359   Thumb Code     2  startup_tm4c123.o(.text)
    SYSCTL_Handler                           0x0000035b   Thumb Code     2  startup_tm4c123.o(.text)
    FLASH_Handler                            0x0000035d   Thumb Code     2  startup_tm4c123.o(.text)
    GPIOF_Handler                            0x0000035f   Thumb Code     2  startup_tm4c123.o(.text)
    GPIOG_Handler                            0x00000361   Thumb Code     2  startup_tm4c123.o(.text)
    GPIOH_Handler                            0x00000363   Thumb Code     2  startup_tm4c123.o(.text)
    UART2_Handler                            0x00000365   Thumb Code     2  startup_tm4c123.o(.text)
    SSI1_Handler                             0x00000367   Thumb Code     2  startup_tm4c123.o(.text)
    TIMER3A_Handler                          0x00000369   Thumb Code     2  startup_tm4c123.o(.text)
    TIMER3B_Handler                          0x0000036b   Thumb Code     2  startup_tm4c123.o(.text)
    I2C1_Handler                             0x0000036d   Thumb Code     2  startup_tm4c123.o(.text)
    QEI1_Handler                             0x0000036f   Thumb Code     2  startup_tm4c123.o(.text)
    CAN0_Handler                             0x00000371   Thumb Code     2  startup_tm4c123.o(.text)
    CAN1_Handler                             0x00000373   Thumb Code     2  startup_tm4c123.o(.text)
    CAN2_Handler                             0x00000375   Thumb Code     2  startup_tm4c123.o(.text)
    HIB_Handler                              0x00000377   Thumb Code     2  startup_tm4c123.o(.text)
    USB0_Handler                             0x00000379   Thumb Code     2  startup_tm4c123.o(.text)
    PWM0_3_Handler                           0x0000037b   Thumb Code     2  startup_tm4c123.o(.text)
    UDMA_Handler                             0x0000037d   Thumb Code     2  startup_tm4c123.o(.text)
    UDMAERR_Handler                          0x0000037f   Thumb Code     2  startup_tm4c123.o(.text)
    ADC1SS0_Handler                          0x00000381   Thumb Code     2  startup_tm4c123.o(.text)
    ADC1SS1_Handler                          0x00000383   Thumb Code     2  startup_tm4c123.o(.text)
    ADC1SS2_Handler                          0x00000385   Thumb Code     2  startup_tm4c123.o(.text)
    ADC1SS3_Handler                          0x00000387   Thumb Code     2  startup_tm4c123.o(.text)
    GPIOJ_Handler                            0x00000389   Thumb Code     2  startup_tm4c123.o(.text)
    GPIOK_Handler                            0x0000038b   Thumb Code     2  startup_tm4c123.o(.text)
    GPIOL_Handler                            0x0000038d   Thumb Code     2  startup_tm4c123.o(.text)
    SSI2_Handler                             0x0000038f   Thumb Code     2  startup_tm4c123.o(.text)
    SSI3_Handler                             0x00000391   Thumb Code     2  startup_tm4c123.o(.text)
    UART3_Handler                            0x00000393   Thumb Code     2  startup_tm4c123.o(.text)
    UART4_Handler                            0x00000395   Thumb Code     2  startup_tm4c123.o(.text)
    UART5_Handler                            0x00000397   Thumb Code     2  startup_tm4c123.o(.text)
    UART6_Handler                            0x00000399   Thumb Code     2  startup_tm4c123.o(.text)
    UART7_Handler                            0x0000039b   Thumb Code     2  startup_tm4c123.o(.text)
    I2C2_Handler                             0x0000039d   Thumb Code     2  startup_tm4c123.o(.text)
    I2C3_Handler                             0x0000039f   Thumb Code     2  startup_tm4c123.o(.text)
    TIMER4A_Handler                          0x000003a1   Thumb Code     2  startup_tm4c123.o(.text)
    TIMER4B_Handler                          0x000003a3   Thumb Code     2  startup_tm4c123.o(.text)
    TIMER5A_Handler                          0x000003a5   Thumb Code     2  startup_tm4c123.o(.text)
    TIMER5B_Handler                          0x000003a7   Thumb Code     2  startup_tm4c123.o(.text)
    WTIMER0A_Handler                         0x000003a9   Thumb Code     2  startup_tm4c123.o(.text)
    WTIMER0B_Handler                         0x000003ab   Thumb Code     2  startup_tm4c123.o(.text)
    WTIMER1A_Handler                         0x000003ad   Thumb Code     2  startup_tm4c123.o(.text)
    WTIMER1B_Handler                         0x000003af   Thumb Code     2  startup_tm4c123.o(.text)
    WTIMER2A_Handler                         0x000003b1   Thumb Code     2  startup_tm4c123.o(.text)
    WTIMER2B_Handler                         0x000003b3   Thumb Code     2  startup_tm4c123.o(.text)
    WTIMER3A_Handler                         0x000003b5   Thumb Code     2  startup_tm4c123.o(.text)
    WTIMER3B_Handler                         0x000003b7   Thumb Code     2  startup_tm4c123.o(.text)
    WTIMER4A_Handler                         0x000003b9   Thumb Code     2  startup_tm4c123.o(.text)
    WTIMER4B_Handler                         0x000003bb   Thumb Code     2  startup_tm4c123.o(.text)
    WTIMER5A_Handler                         0x000003bd   Thumb Code     2  startup_tm4c123.o(.text)
    WTIMER5B_Handler                         0x000003bf   Thumb Code     2  startup_tm4c123.o(.text)
    FPU_Handler                              0x000003c1   Thumb Code     2  startup_tm4c123.o(.text)
    I2C4_Handler                             0x000003c3   Thumb Code     2  startup_tm4c123.o(.text)
    I2C5_Handler                             0x000003c5   Thumb Code     2  startup_tm4c123.o(.text)
    GPIOM_Handler                            0x000003c7   Thumb Code     2  startup_tm4c123.o(.text)
    GPION_Handler                            0x000003c9   Thumb Code     2  startup_tm4c123.o(.text)
    QEI2_Handler                             0x000003cb   Thumb Code     2  startup_tm4c123.o(.text)
    GPIOP0_Handler                           0x000003cd   Thumb Code     2  startup_tm4c123.o(.text)
    GPIOP1_Handler                           0x000003cf   Thumb Code     2  startup_tm4c123.o(.text)
    GPIOP2_Handler                           0x000003d1   Thumb Code     2  startup_tm4c123.o(.text)
    GPIOP3_Handler                           0x000003d3   Thumb Code     2  startup_tm4c123.o(.text)
    GPIOP4_Handler                           0x000003d5   Thumb Code     2  startup_tm4c123.o(.text)
    GPIOP5_Handler                           0x000003d7   Thumb Code     2  startup_tm4c123.o(.text)
    GPIOP6_Handler                           0x000003d9   Thumb Code     2  startup_tm4c123.o(.text)
    GPIOP7_Handler                           0x000003db   Thumb Code     2  startup_tm4c123.o(.text)
    GPIOQ0_Handler                           0x000003dd   Thumb Code     2  startup_tm4c123.o(.text)
    GPIOQ1_Handler                           0x000003df   Thumb Code     2  startup_tm4c123.o(.text)
    GPIOQ2_Handler                           0x000003e1   Thumb Code     2  startup_tm4c123.o(.text)
    GPIOQ3_Handler                           0x000003e3   Thumb Code     2  startup_tm4c123.o(.text)
    GPIOQ4_Handler                           0x000003e5   Thumb Code     2  startup_tm4c123.o(.text)
    GPIOQ5_Handler                           0x000003e7   Thumb Code     2  startup_tm4c123.o(.text)
    GPIOQ6_Handler                           0x000003e9   Thumb Code     2  startup_tm4c123.o(.text)
    GPIOQ7_Handler                           0x000003eb   Thumb Code     2  startup_tm4c123.o(.text)
    GPIOR_Handler                            0x000003ed   Thumb Code     2  startup_tm4c123.o(.text)
    GPIOS_Handler                            0x000003ef   Thumb Code     2  startup_tm4c123.o(.text)
    PMW1_0_Handler                           0x000003f1   Thumb Code     2  startup_tm4c123.o(.text)
    PWM1_1_Handler                           0x000003f3   Thumb Code     2  startup_tm4c123.o(.text)
    PWM1_2_Handler                           0x000003f5   Thumb Code     2  startup_tm4c123.o(.text)
    PWM1_3_Handler                           0x000003f7   Thumb Code     2  startup_tm4c123.o(.text)
    PWM1_FAULT_Handler                       0x000003f9   Thumb Code     2  startup_tm4c123.o(.text)
    __user_initial_stackheap                 0x000003fd   Thumb Code     0  startup_tm4c123.o(.text)
    SystemInit                               0x0000041d   Thumb Code     2  main.o(.text)
    total_distance                           0x0000041f   Thumb Code   436  main.o(.text)
    main                                     0x000005d3   Thumb Code   412  main.o(.text)
    UART_Init                                0x00000799   Thumb Code   120  uart.o(.text)
    UART_Read                                0x00000811   Thumb Code    20  uart.o(.text)
    uart0_init                               0x00000825   Thumb Code   108  uart.o(.text)
    UART0_Init                               0x00000891   Thumb Code   116  uart.o(.text)
    uart0_available                          0x00000905   Thumb Code    20  uart.o(.text)
    read                                     0x00000919   Thumb Code    24  uart.o(.text)
    UART0_Write                              0x00000931   Thumb Code    18  uart.o(.text)
    data_line                                0x00000943   Thumb Code    80  uart.o(.text)
    parsing                                  0x00000993   Thumb Code   142  uart.o(.text)
    swap                                     0x00000a21   Thumb Code    38  uart.o(.text)
    systic_init                              0x00000a69   Thumb Code    24  systick.o(.text)
    delay                                    0x00000a81   Thumb Code    28  systick.o(.text)
    delay_micro                              0x00000a9d   Thumb Code    22  systick.o(.text)
    delay_milli                              0x00000ab3   Thumb Code    24  systick.o(.text)
    LCD_Cmd                                  0x00000acd   Thumb Code    60  lcd.o(.text)
    LCD_init                                 0x00000b09   Thumb Code    96  lcd.o(.text)
    LCD_Data                                 0x00000b69   Thumb Code    42  lcd.o(.text)
    dec_to_str                               0x00000b93   Thumb Code    44  lcd.o(.text)
    number_digits                            0x00000bbf   Thumb Code    20  lcd.o(.text)
    LCD_DISTANCE                             0x00000bd3   Thumb Code    72  lcd.o(.text)
    LCD_STRING                               0x00000c1b   Thumb Code    36  lcd.o(.text)
    LCD_DISTANCE_float                       0x00000c3f   Thumb Code   114  lcd.o(.text)
    strlen                                   0x00000cdd   Thumb Code    62  strlen.o(.text)
    __use_two_region_memory                  0x00000d1b   Thumb Code     2  heapauxi.o(.text)
    __rt_heap_escrow$2region                 0x00000d1d   Thumb Code     2  heapauxi.o(.text)
    __rt_heap_expand$2region                 0x00000d1f   Thumb Code     2  heapauxi.o(.text)
    __read_errno                             0x00000d21   Thumb Code    10  _rserrno.o(.text)
    __set_errno                              0x00000d2b   Thumb Code    12  _rserrno.o(.text)
    __strtod_int                             0x00000d75   Thumb Code    88  strtod.o(.text)
    __aeabi_errno_addr                       0x00000dd9   Thumb Code     8  rt_errno_addr_intlibspace.o(.text)
    __errno$intlibspace                      0x00000dd9   Thumb Code     0  rt_errno_addr_intlibspace.o(.text)
    __rt_errno_addr$intlibspace              0x00000dd9   Thumb Code     0  rt_errno_addr_intlibspace.o(.text)
    isspace                                  0x00000de1   Thumb Code    18  isspace.o(.text)
    _sgetc                                   0x00000df3   Thumb Code    30  _sgetc.o(.text)
    _sbackspace                              0x00000e11   Thumb Code    34  _sgetc.o(.text)
    __user_libspace                          0x00000e35   Thumb Code     8  libspace.o(.text)
    __user_perproc_libspace                  0x00000e35   Thumb Code     0  libspace.o(.text)
    __user_perthread_libspace                0x00000e35   Thumb Code     0  libspace.o(.text)
    __user_setup_stackheap                   0x00000e3d   Thumb Code    74  sys_stackheap_outer.o(.text)
    __rt_ctype_table                         0x00000e89   Thumb Code    16  rt_ctype_table.o(.text)
    _scanf_really_real                       0x00001091   Thumb Code   672  scanf_fp.o(.text)
    exit                                     0x0000133d   Thumb Code    12  exit.o(.text)
    strcmp                                   0x00001349   Thumb Code   128  strcmpv7m.o(.text)
    __rt_locale                              0x000013c9   Thumb Code     8  rt_locale_intlibspace.o(.text)
    _btod_etento                             0x000013d1   Thumb Code   222  bigflt0.o(.text)
    _scanf_really_hex_real                   0x000014b5   Thumb Code   776  scanf_hexfp.o(.text)
    _scanf_really_infnan                     0x000017c9   Thumb Code   298  scanf_infnan.o(.text)
    _sys_exit                                0x00001905   Thumb Code     8  sys_exit.o(.text)
    __aeabi_llsl                             0x00001911   Thumb Code     0  llshl.o(.text)
    _ll_shift_l                              0x00001911   Thumb Code    38  llshl.o(.text)
    _chval                                   0x00001937   Thumb Code    28  _chval.o(.text)
    __I$use$semihosting                      0x00001953   Thumb Code     0  use_no_semi.o(.text)
    __use_no_semihosting_swi                 0x00001953   Thumb Code     2  use_no_semi.o(.text)
    __btod_div_common                        0x00001955   Thumb Code   696  btod.o(CL$$btod_div_common)
    __semihosting_library_function           0x00001955   Thumb Code     0  indicate_semi.o(.text)
    _e2d                                     0x00001c8d   Thumb Code    80  btod.o(CL$$btod_e2d)
    _e2e                                     0x00001ce1   Thumb Code   198  btod.o(CL$$btod_e2e)
    _btod_ediv                               0x00001da7   Thumb Code    40  btod.o(CL$$btod_ediv)
    _btod_edivd                              0x00001dcf   Thumb Code    40  btod.o(CL$$btod_edivd)
    _btod_emul                               0x00001df7   Thumb Code    40  btod.o(CL$$btod_emul)
    _btod_emuld                              0x00001e1f   Thumb Code    40  btod.o(CL$$btod_emuld)
    __btod_mult_common                       0x00001e47   Thumb Code   580  btod.o(CL$$btod_mult_common)
    __ARM_fpclassify                         0x0000208b   Thumb Code    40  fpclassify.o(i.__ARM_fpclassify)
    __ieee754_rem_pio2                       0x000020b5   Thumb Code   832  rred.o(i.__ieee754_rem_pio2)
    __kernel_cos                             0x0000243d   Thumb Code   230  cos_i.o(i.__kernel_cos)
    __kernel_poly                            0x00002539   Thumb Code   170  poly.o(i.__kernel_poly)
    __kernel_sin                             0x000025e5   Thumb Code   224  sin_i.o(i.__kernel_sin)
    __mathlib_dbl_underflow                  0x000026d1   Thumb Code    10  dunder.o(i.__mathlib_dbl_underflow)
    __mathlib_narrow                         0x000026e1   Thumb Code    16  narrow.o(i.__mathlib_narrow)
    __mathlib_tofloat                        0x000026f1   Thumb Code   132  narrow.o(i.__mathlib_tofloat)
    __support_ldexp                          0x00002779   Thumb Code    22  ldexp.o(i.__support_ldexp)
    _is_digit                                0x0000278f   Thumb Code    14  scanf_fp.o(i._is_digit)
    atan                                     0x0000279d   Thumb Code   478  atan.o(i.atan)
    atan2                                    0x000029c1   Thumb Code   346  atan2.o(i.atan2)
    atof                                     0x00002b41   Thumb Code    42  atof.o(i.atof)
    cos                                      0x00002b6d   Thumb Code   164  cos.o(i.cos)
    frexp                                    0x00002c19   Thumb Code    80  frexp.o(i.frexp)
    ldexp                                    0x00002c71   Thumb Code   126  ldexp.o(i.ldexp)
    sin                                      0x00002cf1   Thumb Code   166  sin.o(i.sin)
    sqrt                                     0x00002da1   Thumb Code    76  sqrt.o(i.sqrt)
    _get_lc_numeric                          0x00002ded   Thumb Code    44  lc_numeric_c.o(locale$$code)
    _get_lc_ctype                            0x00002e19   Thumb Code    44  lc_ctype_c.o(locale$$code)
    __aeabi_d2f                              0x00002e45   Thumb Code     0  d2f.o(x$fpl$d2f)
    _d2f                                     0x00002e45   Thumb Code    98  d2f.o(x$fpl$d2f)
    __aeabi_dadd                             0x00002ea9   Thumb Code     0  daddsub_clz.o(x$fpl$dadd)
    _dadd                                    0x00002ea9   Thumb Code   332  daddsub_clz.o(x$fpl$dadd)
    __fpl_dcheck_NaN1                        0x00002ff9   Thumb Code    10  dcheck1.o(x$fpl$dcheck1)
    __fpl_dcmp_Inf                           0x00003009   Thumb Code    24  dcmpi.o(x$fpl$dcmpinf)
    __aeabi_ddiv                             0x00003021   Thumb Code     0  ddiv.o(x$fpl$ddiv)
    _ddiv                                    0x00003021   Thumb Code   552  ddiv.o(x$fpl$ddiv)
    __aeabi_cdcmpeq                          0x000032d1   Thumb Code     0  deqf.o(x$fpl$deqf)
    _dcmpeq                                  0x000032d1   Thumb Code   120  deqf.o(x$fpl$deqf)
    __aeabi_d2iz                             0x00003349   Thumb Code     0  dfix.o(x$fpl$dfix)
    _dfix                                    0x00003349   Thumb Code    94  dfix.o(x$fpl$dfix)
    __aeabi_d2uiz                            0x000033a9   Thumb Code     0  dfixu.o(x$fpl$dfixu)
    _dfixu                                   0x000033a9   Thumb Code    90  dfixu.o(x$fpl$dfixu)
    __aeabi_i2d                              0x00003403   Thumb Code     0  dflt_clz.o(x$fpl$dflt)
    _dflt                                    0x00003403   Thumb Code    46  dflt_clz.o(x$fpl$dflt)
    __aeabi_ui2d                             0x00003431   Thumb Code     0  dflt_clz.o(x$fpl$dfltu)
    _dfltu                                   0x00003431   Thumb Code    38  dflt_clz.o(x$fpl$dfltu)
    __aeabi_cdcmple                          0x00003459   Thumb Code     0  dleqf.o(x$fpl$dleqf)
    _dcmple                                  0x00003459   Thumb Code   120  dleqf.o(x$fpl$dleqf)
    __fpl_dcmple_InfNaN                      0x000034bb   Thumb Code     0  dleqf.o(x$fpl$dleqf)
    __aeabi_dmul                             0x000034d1   Thumb Code     0  dmul.o(x$fpl$dmul)
    _dmul                                    0x000034d1   Thumb Code   332  dmul.o(x$fpl$dmul)
    __fpl_dnaninf                            0x00003625   Thumb Code   156  dnaninf.o(x$fpl$dnaninf)
    __fpl_dretinf                            0x000036c1   Thumb Code    12  dretinf.o(x$fpl$dretinf)
    __aeabi_cdrcmple                         0x000036cd   Thumb Code     0  drleqf.o(x$fpl$drleqf)
    _drcmple                                 0x000036cd   Thumb Code   108  drleqf.o(x$fpl$drleqf)
    __aeabi_drsub                            0x00003739   Thumb Code     0  daddsub_clz.o(x$fpl$drsb)
    _drsb                                    0x00003739   Thumb Code    22  daddsub_clz.o(x$fpl$drsb)
    _dsqrt                                   0x00003751   Thumb Code   404  dsqrt_umaal.o(x$fpl$dsqrt)
    __aeabi_dsub                             0x000038e9   Thumb Code     0  daddsub_clz.o(x$fpl$dsub)
    _dsub                                    0x000038e9   Thumb Code   464  daddsub_clz.o(x$fpl$dsub)
    __aeabi_f2d                              0x00003abd   Thumb Code     0  f2d.o(x$fpl$f2d)
    _f2d                                     0x00003abd   Thumb Code    86  f2d.o(x$fpl$f2d)
    __aeabi_fadd                             0x00003b15   Thumb Code     0  faddsub_clz.o(x$fpl$fadd)
    _fadd                                    0x00003b15   Thumb Code   196  faddsub_clz.o(x$fpl$fadd)
    __aeabi_f2uiz                            0x00003bd9   Thumb Code     0  ffixu.o(x$fpl$ffixu)
    _ffixu                                   0x00003bd9   Thumb Code    62  ffixu.o(x$fpl$ffixu)
    __aeabi_ui2f                             0x00003c19   Thumb Code     0  fflt_clz.o(x$fpl$ffltu)
    _ffltu                                   0x00003c19   Thumb Code    38  fflt_clz.o(x$fpl$ffltu)
    __fpl_fnaninf                            0x00003c3f   Thumb Code   140  fnaninf.o(x$fpl$fnaninf)
    __fpl_fretinf                            0x00003ccb   Thumb Code    10  fretinf.o(x$fpl$fretinf)
    __aeabi_fsub                             0x00003cd5   Thumb Code     0  faddsub_clz.o(x$fpl$fsub)
    _fsub                                    0x00003cd5   Thumb Code   234  faddsub_clz.o(x$fpl$fsub)
    __fpl_return_NaN                         0x00003dbf   Thumb Code   100  retnan.o(x$fpl$retnan)
    __ARM_scalbn                             0x00003e23   Thumb Code    92  scalbn.o(x$fpl$scalbn)
    _scanf_real                              0x00003e7f   Thumb Code     4  scanf1.o(x$fpl$scanf1)
    _scanf_hex_real                          0x00003e83   Thumb Code     4  scanf2.o(x$fpl$scanf2)
    _scanf_infnan                            0x00003e87   Thumb Code     4  scanf2.o(x$fpl$scanf2)
    __fpl_cmpreturn                          0x00003e8b   Thumb Code    48  trapv.o(x$fpl$trapveneer)
    __I$use$fp                               0x00003eba   Number         0  usenofp.o(x$fpl$usenofp)
    __mathlib_zero                           0x00003f88   Data           8  qnan.o(.constdata)
    Region$$Table$$Base                      0x00004114   Number         0  anon$$obj.o(Region$$Table)
    Region$$Table$$Limit                     0x00004124   Number         0  anon$$obj.o(Region$$Table)
    __aeabi_HUGE_VAL                         0x00004124   Data           0  fpconst.o(c$$dinf)
    __aeabi_HUGE_VALL                        0x00004124   Data           0  fpconst.o(c$$dinf)
    __aeabi_INFINITY                         0x00004124   Data           0  fpconst.o(c$$dinf)
    __dInf                                   0x00004124   Data           0  fpconst.o(c$$dinf)
    __huge_val                               0x00004124   Data           0  fpconst.o(c$$dinf)
    __ctype                                  0x00004155   Data           0  lc_ctype_c.o(locale$$data)
    __libspace_start                         0x20000000   Data          96  libspace.o(.bss)
    __temporary_stack_top$libspace           0x20000060   Data           0  libspace.o(.bss)



==============================================================================

Memory Map of the image

  Image Entry point : 0x00000309

  Load Region LR_1 (Base: 0x00000000, Size: 0x00004258, Max: 0xffffffff, ABSOLUTE)

    Execution Region ER_RO (Base: 0x00000000, Size: 0x00004258, Max: 0xffffffff, ABSOLUTE)

    Base Addr    Size         Type   Attr      Idx    E Section Name        Object

    0x00000000   0x0000026c   Data   RO            3    RESET               startup_tm4c123.o
    0x0000026c   0x00000008   Code   RO          106  * !!!main             c_w.l(__main.o)
    0x00000274   0x00000034   Code   RO          500    !!!scatter          c_w.l(__scatter.o)
    0x000002a8   0x0000001c   Code   RO          502    !!handler_zi        c_w.l(__scatter_zi.o)
    0x000002c4   0x00000002   Code   RO          294    .ARM.Collect$$libinit$$00000000  c_w.l(libinit.o)
    0x000002c6   0x00000000   Code   RO          296    .ARM.Collect$$libinit$$00000002  c_w.l(libinit2.o)
    0x000002c6   0x00000000   Code   RO          299    .ARM.Collect$$libinit$$00000008  c_w.l(libinit2.o)
    0x000002c6   0x00000000   Code   RO          301    .ARM.Collect$$libinit$$0000000A  c_w.l(libinit2.o)
    0x000002c6   0x00000000   Code   RO          303    .ARM.Collect$$libinit$$0000000C  c_w.l(libinit2.o)
    0x000002c6   0x00000006   Code   RO          304    .ARM.Collect$$libinit$$0000000D  c_w.l(libinit2.o)
    0x000002cc   0x00000000   Code   RO          306    .ARM.Collect$$libinit$$0000000F  c_w.l(libinit2.o)
    0x000002cc   0x0000000c   Code   RO          307    .ARM.Collect$$libinit$$00000010  c_w.l(libinit2.o)
    0x000002d8   0x00000000   Code   RO          308    .ARM.Collect$$libinit$$00000011  c_w.l(libinit2.o)
    0x000002d8   0x00000000   Code   RO          310    .ARM.Collect$$libinit$$00000013  c_w.l(libinit2.o)
    0x000002d8   0x0000000a   Code   RO          311    .ARM.Collect$$libinit$$00000014  c_w.l(libinit2.o)
    0x000002e2   0x00000000   Code   RO          312    .ARM.Collect$$libinit$$00000015  c_w.l(libinit2.o)
    0x000002e2   0x00000000   Code   RO          314    .ARM.Collect$$libinit$$00000017  c_w.l(libinit2.o)
    0x000002e2   0x00000000   Code   RO          316    .ARM.Collect$$libinit$$00000019  c_w.l(libinit2.o)
    0x000002e2   0x00000000   Code   RO          318    .ARM.Collect$$libinit$$0000001B  c_w.l(libinit2.o)
    0x000002e2   0x00000000   Code   RO          320    .ARM.Collect$$libinit$$0000001D  c_w.l(libinit2.o)
    0x000002e2   0x00000000   Code   RO          322    .ARM.Collect$$libinit$$0000001F  c_w.l(libinit2.o)
    0x000002e2   0x00000000   Code   RO          324    .ARM.Collect$$libinit$$00000021  c_w.l(libinit2.o)
    0x000002e2   0x00000000   Code   RO          326    .ARM.Collect$$libinit$$00000023  c_w.l(libinit2.o)
    0x000002e2   0x00000000   Code   RO          330    .ARM.Collect$$libinit$$0000002A  c_w.l(libinit2.o)
    0x000002e2   0x00000000   Code   RO          332    .ARM.Collect$$libinit$$0000002C  c_w.l(libinit2.o)
    0x000002e2   0x00000000   Code   RO          334    .ARM.Collect$$libinit$$0000002E  c_w.l(libinit2.o)
    0x000002e2   0x00000000   Code   RO          336    .ARM.Collect$$libinit$$00000030  c_w.l(libinit2.o)
    0x000002e2   0x00000002   Code   RO          337    .ARM.Collect$$libinit$$00000031  c_w.l(libinit2.o)
    0x000002e4   0x00000002   Code   RO          437    .ARM.Collect$$libshutdown$$00000000  c_w.l(libshutdown.o)
    0x000002e6   0x00000000   Code   RO          461    .ARM.Collect$$libshutdown$$00000003  c_w.l(libshutdown2.o)
    0x000002e6   0x00000000   Code   RO          464    .ARM.Collect$$libshutdown$$00000006  c_w.l(libshutdown2.o)
    0x000002e6   0x00000000   Code   RO          467    .ARM.Collect$$libshutdown$$00000009  c_w.l(libshutdown2.o)
    0x000002e6   0x00000000   Code   RO          469    .ARM.Collect$$libshutdown$$0000000B  c_w.l(libshutdown2.o)
    0x000002e6   0x00000000   Code   RO          472    .ARM.Collect$$libshutdown$$0000000E  c_w.l(libshutdown2.o)
    0x000002e6   0x00000002   Code   RO          473    .ARM.Collect$$libshutdown$$0000000F  c_w.l(libshutdown2.o)
    0x000002e8   0x00000000   Code   RO          186    .ARM.Collect$$rtentry$$00000000  c_w.l(rtentry.o)
    0x000002e8   0x00000000   Code   RO          232    .ARM.Collect$$rtentry$$00000002  c_w.l(rtentry2.o)
    0x000002e8   0x00000006   Code   RO          244    .ARM.Collect$$rtentry$$00000004  c_w.l(rtentry4.o)
    0x000002ee   0x00000000   Code   RO          234    .ARM.Collect$$rtentry$$00000009  c_w.l(rtentry2.o)
    0x000002ee   0x00000004   Code   RO          235    .ARM.Collect$$rtentry$$0000000A  c_w.l(rtentry2.o)
    0x000002f2   0x00000000   Code   RO          237    .ARM.Collect$$rtentry$$0000000C  c_w.l(rtentry2.o)
    0x000002f2   0x00000008   Code   RO          238    .ARM.Collect$$rtentry$$0000000D  c_w.l(rtentry2.o)
    0x000002fa   0x00000002   Code   RO          340    .ARM.Collect$$rtexit$$00000000  c_w.l(rtexit.o)
    0x000002fc   0x00000000   Code   RO          399    .ARM.Collect$$rtexit$$00000002  c_w.l(rtexit2.o)
    0x000002fc   0x00000004   Code   RO          400    .ARM.Collect$$rtexit$$00000003  c_w.l(rtexit2.o)
    0x00000300   0x00000006   Code   RO          401    .ARM.Collect$$rtexit$$00000004  c_w.l(rtexit2.o)
    0x00000306   0x00000002   PAD
    0x00000308   0x00000114   Code   RO            4  * .text               startup_tm4c123.o
    0x0000041c   0x0000037c   Code   RO           10    .text               main.o
    0x00000798   0x000002d0   Code   RO           52    .text               uart.o
    0x00000a68   0x00000062   Code   RO           76    .text               systick.o
    0x00000aca   0x00000002   PAD
    0x00000acc   0x00000210   Code   RO           88    .text               lcd.o
    0x00000cdc   0x0000003e   Code   RO          102    .text               c_w.l(strlen.o)
    0x00000d1a   0x00000006   Code   RO          104    .text               c_w.l(heapauxi.o)
    0x00000d20   0x00000016   Code   RO          187    .text               c_w.l(_rserrno.o)
    0x00000d36   0x00000002   PAD
    0x00000d38   0x000000a0   Code   RO          189    .text               c_w.l(strtod.o)
    0x00000dd8   0x00000008   Code   RO          249    .text               c_w.l(rt_errno_addr_intlibspace.o)
    0x00000de0   0x00000012   Code   RO          251    .text               c_w.l(isspace.o)
    0x00000df2   0x00000040   Code   RO          253    .text               c_w.l(_sgetc.o)
    0x00000e32   0x00000002   PAD
    0x00000e34   0x00000008   Code   RO          274    .text               c_w.l(libspace.o)
    0x00000e3c   0x0000004a   Code   RO          277    .text               c_w.l(sys_stackheap_outer.o)
    0x00000e86   0x00000002   PAD
    0x00000e88   0x00000010   Code   RO          279    .text               c_w.l(rt_ctype_table.o)
    0x00000e98   0x000004a4   Code   RO          281    .text               c_w.l(scanf_fp.o)
    0x0000133c   0x0000000c   Code   RO          285    .text               c_w.l(exit.o)
    0x00001348   0x00000080   Code   RO          287    .text               c_w.l(strcmpv7m.o)
    0x000013c8   0x00000008   Code   RO          345    .text               c_w.l(rt_locale_intlibspace.o)
    0x000013d0   0x000000e4   Code   RO          347    .text               c_w.l(bigflt0.o)
    0x000014b4   0x00000314   Code   RO          405    .text               c_w.l(scanf_hexfp.o)
    0x000017c8   0x0000013c   Code   RO          407    .text               c_w.l(scanf_infnan.o)
    0x00001904   0x0000000c   Code   RO          423    .text               c_w.l(sys_exit.o)
    0x00001910   0x00000026   Code   RO          427    .text               c_w.l(llshl.o)
    0x00001936   0x0000001c   Code   RO          429    .text               c_w.l(_chval.o)
    0x00001952   0x00000002   Code   RO          450    .text               c_w.l(use_no_semi.o)
    0x00001954   0x00000000   Code   RO          452    .text               c_w.l(indicate_semi.o)
    0x00001954   0x00000338   Code   RO          360    CL$$btod_div_common  c_w.l(btod.o)
    0x00001c8c   0x00000054   Code   RO          358    CL$$btod_e2d        c_w.l(btod.o)
    0x00001ce0   0x000000c6   Code   RO          357    CL$$btod_e2e        c_w.l(btod.o)
    0x00001da6   0x00000028   Code   RO          354    CL$$btod_ediv       c_w.l(btod.o)
    0x00001dce   0x00000028   Code   RO          356    CL$$btod_edivd      c_w.l(btod.o)
    0x00001df6   0x00000028   Code   RO          353    CL$$btod_emul       c_w.l(btod.o)
    0x00001e1e   0x00000028   Code   RO          355    CL$$btod_emuld      c_w.l(btod.o)
    0x00001e46   0x00000244   Code   RO          359    CL$$btod_mult_common  c_w.l(btod.o)
    0x0000208a   0x00000028   Code   RO          270    i.__ARM_fpclassify  m_ws.l(fpclassify.o)
    0x000020b2   0x00000002   PAD
    0x000020b4   0x00000388   Code   RO          220    i.__ieee754_rem_pio2  m_ws.l(rred.o)
    0x0000243c   0x000000fc   Code   RO          216    i.__kernel_cos      m_ws.l(cos_i.o)
    0x00002538   0x000000aa   Code   RO          272    i.__kernel_poly     m_ws.l(poly.o)
    0x000025e2   0x00000002   PAD
    0x000025e4   0x000000ec   Code   RO          225    i.__kernel_sin      m_ws.l(sin_i.o)
    0x000026d0   0x00000010   Code   RO          268    i.__mathlib_dbl_underflow  m_ws.l(dunder.o)
    0x000026e0   0x00000010   Code   RO          392    i.__mathlib_narrow  m_ws.l(narrow.o)
    0x000026f0   0x00000088   Code   RO          393    i.__mathlib_tofloat  m_ws.l(narrow.o)
    0x00002778   0x00000016   Code   RO          439    i.__support_ldexp   m_ws.l(ldexp.o)
    0x0000278e   0x0000000e   Code   RO          283    i._is_digit         c_w.l(scanf_fp.o)
    0x0000279c   0x00000224   Code   RO          207    i.atan              m_ws.l(atan.o)
    0x000029c0   0x00000180   Code   RO          151    i.atan2             m_ws.l(atan2.o)
    0x00002b40   0x0000002a   Code   RO          159    i.atof              m_ws.l(atof.o)
    0x00002b6a   0x00000002   PAD
    0x00002b6c   0x000000ac   Code   RO          163    i.cos               m_ws.l(cos.o)
    0x00002c18   0x00000058   Code   RO          418    i.frexp             m_ws.l(frexp.o)
    0x00002c70   0x0000007e   Code   RO          440    i.ldexp             m_ws.l(ldexp.o)
    0x00002cee   0x00000002   PAD
    0x00002cf0   0x000000b0   Code   RO          171    i.sin               m_ws.l(sin.o)
    0x00002da0   0x0000004c   Code   RO          179    i.sqrt              m_ws.l(sqrt.o)
    0x00002dec   0x0000002c   Code   RO          256    locale$$code        c_w.l(lc_numeric_c.o)
    0x00002e18   0x0000002c   Code   RO          373    locale$$code        c_w.l(lc_ctype_c.o)
    0x00002e44   0x00000062   Code   RO          108    x$fpl$d2f           fz_ws.l(d2f.o)
    0x00002ea6   0x00000002   PAD
    0x00002ea8   0x00000150   Code   RO          110    x$fpl$dadd          fz_ws.l(daddsub_clz.o)
    0x00002ff8   0x00000010   Code   RO          258    x$fpl$dcheck1       fz_ws.l(dcheck1.o)
    0x00003008   0x00000018   Code   RO          260    x$fpl$dcmpinf       fz_ws.l(dcmpi.o)
    0x00003020   0x000002b0   Code   RO          117    x$fpl$ddiv          fz_ws.l(ddiv.o)
    0x000032d0   0x00000078   Code   RO          413    x$fpl$deqf          fz_ws.l(deqf.o)
    0x00003348   0x0000005e   Code   RO          262    x$fpl$dfix          fz_ws.l(dfix.o)
    0x000033a6   0x00000002   PAD
    0x000033a8   0x0000005a   Code   RO          120    x$fpl$dfixu         fz_ws.l(dfixu.o)
    0x00003402   0x0000002e   Code   RO          125    x$fpl$dflt          fz_ws.l(dflt_clz.o)
    0x00003430   0x00000026   Code   RO          124    x$fpl$dfltu         fz_ws.l(dflt_clz.o)
    0x00003456   0x00000002   PAD
    0x00003458   0x00000078   Code   RO          191    x$fpl$dleqf         fz_ws.l(dleqf.o)
    0x000034d0   0x00000154   Code   RO          130    x$fpl$dmul          fz_ws.l(dmul.o)
    0x00003624   0x0000009c   Code   RO          193    x$fpl$dnaninf       fz_ws.l(dnaninf.o)
    0x000036c0   0x0000000c   Code   RO          195    x$fpl$dretinf       fz_ws.l(dretinf.o)
    0x000036cc   0x0000006c   Code   RO          415    x$fpl$drleqf        fz_ws.l(drleqf.o)
    0x00003738   0x00000016   Code   RO          111    x$fpl$drsb          fz_ws.l(daddsub_clz.o)
    0x0000374e   0x00000002   PAD
    0x00003750   0x00000198   Code   RO          197    x$fpl$dsqrt         fz_ws.l(dsqrt_umaal.o)
    0x000038e8   0x000001d4   Code   RO          112    x$fpl$dsub          fz_ws.l(daddsub_clz.o)
    0x00003abc   0x00000056   Code   RO          132    x$fpl$f2d           fz_ws.l(f2d.o)
    0x00003b12   0x00000002   PAD
    0x00003b14   0x000000c4   Code   RO          134    x$fpl$fadd          fz_ws.l(faddsub_clz.o)
    0x00003bd8   0x0000003e   Code   RO          140    x$fpl$ffixu         fz_ws.l(ffixu.o)
    0x00003c16   0x00000002   PAD
    0x00003c18   0x00000026   Code   RO          144    x$fpl$ffltu         fz_ws.l(fflt_clz.o)
    0x00003c3e   0x0000008c   Code   RO          199    x$fpl$fnaninf       fz_ws.l(fnaninf.o)
    0x00003cca   0x0000000a   Code   RO          201    x$fpl$fretinf       fz_ws.l(fretinf.o)
    0x00003cd4   0x000000ea   Code   RO          136    x$fpl$fsub          fz_ws.l(faddsub_clz.o)
    0x00003dbe   0x00000064   Code   RO          338    x$fpl$retnan        fz_ws.l(retnan.o)
    0x00003e22   0x0000005c   Code   RO          203    x$fpl$scalbn        fz_ws.l(scalbn.o)
    0x00003e7e   0x00000004   Code   RO          266    x$fpl$scanf1        fz_ws.l(scanf1.o)
    0x00003e82   0x00000008   Code   RO          384    x$fpl$scanf2        fz_ws.l(scanf2.o)
    0x00003e8a   0x00000030   Code   RO          390    x$fpl$trapveneer    fz_ws.l(trapv.o)
    0x00003eba   0x00000000   Code   RO          205    x$fpl$usenofp       fz_ws.l(usenofp.o)
    0x00003eba   0x00000006   PAD
    0x00003ec0   0x00000098   Data   RO          208    .constdata          m_ws.l(atan.o)
    0x00003f58   0x00000030   Data   RO          217    .constdata          m_ws.l(cos_i.o)
    0x00003f88   0x00000008   Data   RO          219    .constdata          m_ws.l(qnan.o)
    0x00003f90   0x000000c8   Data   RO          222    .constdata          m_ws.l(rred.o)
    0x00004058   0x00000028   Data   RO          226    .constdata          m_ws.l(sin_i.o)
    0x00004080   0x00000094   Data   RO          348    .constdata          c_w.l(bigflt0.o)
    0x00004114   0x00000010   Data   RO          498    Region$$Table       anon$$obj.o
    0x00004124   0x00000008   Data   RO          377    c$$dinf             fz_ws.l(fpconst.o)
    0x0000412c   0x0000001c   Data   RO          255    locale$$data        c_w.l(lc_numeric_c.o)
    0x00004148   0x00000110   Data   RO          372    locale$$data        c_w.l(lc_ctype_c.o)


    Execution Region ER_RW (Base: 0x20000000, Size: 0x00000000, Max: 0xffffffff, ABSOLUTE)

    **** No section assigned to this execution region ****


    Execution Region ER_ZI (Base: 0x20000000, Size: 0x00000260, Max: 0xffffffff, ABSOLUTE)

    Base Addr    Size         Type   Attr      Idx    E Section Name        Object

    0x20000000   0x00000060   Zero   RW          275    .bss                c_w.l(libspace.o)
    0x20000060   0x00000000   Zero   RW            2    HEAP                startup_tm4c123.o
    0x20000060   0x00000200   Zero   RW            1    STACK               startup_tm4c123.o


==============================================================================

Image component sizes


      Code (inc. data)   RO Data    RW Data    ZI Data      Debug   Object Name

       528         44          0          0          0       1996   lcd.o
       892         42          0          0          0       6001   main.o
       276         24        620          0        512       5376   startup_tm4c123.o
        98          0          0          0          0       1000   systick.o
       720         34          0          0          0       2888   uart.o

    ----------------------------------------------------------------------
      2516        144        636          0        512      17261   Object Totals
         0          0         16          0          0          0   (incl. Generated)
         2          0          0          0          0          0   (incl. Padding)

    ----------------------------------------------------------------------

      Code (inc. data)   RO Data    RW Data    ZI Data      Debug   Library Member Name

         8          0          0          0          0         68   __main.o
        52          8          0          0          0          0   __scatter.o
        28          0          0          0          0          0   __scatter_zi.o
        28          0          0          0          0         68   _chval.o
        22          0          0          0          0        100   _rserrno.o
        64          0          0          0          0         84   _sgetc.o
       228          6        148          0          0         96   bigflt0.o
      1846        132          0          0          0        736   btod.o
        12          0          0          0          0         72   exit.o
         6          0          0          0          0        152   heapauxi.o
         0          0          0          0          0          0   indicate_semi.o
        18          0          0          0          0         76   isspace.o
        44         10        272          0          0         76   lc_ctype_c.o
        44         10         28          0          0         76   lc_numeric_c.o
         2          0          0          0          0          0   libinit.o
        30          0          0          0          0          0   libinit2.o
         2          0          0          0          0          0   libshutdown.o
         2          0          0          0          0          0   libshutdown2.o
         8          4          0          0         96         68   libspace.o
        38          0          0          0          0         68   llshl.o
        16          4          0          0          0         76   rt_ctype_table.o
         8          4          0          0          0         68   rt_errno_addr_intlibspace.o
         8          4          0          0          0         68   rt_locale_intlibspace.o
         0          0          0          0          0          0   rtentry.o
        12          0          0          0          0          0   rtentry2.o
         6          0          0          0          0          0   rtentry4.o
         2          0          0          0          0          0   rtexit.o
        10          0          0          0          0          0   rtexit2.o
      1202         12          0          0          0        216   scanf_fp.o
       788         12          0          0          0        100   scanf_hexfp.o
       316         18          0          0          0        100   scanf_infnan.o
       128          0          0          0          0         68   strcmpv7m.o
        62          0          0          0          0         76   strlen.o
       160         12          0          0          0        120   strtod.o
        12          4          0          0          0         68   sys_exit.o
        74          0          0          0          0         80   sys_stackheap_outer.o
         2          0          0          0          0         68   use_no_semi.o
        98          4          0          0          0         92   d2f.o
       826         16          0          0          0        348   daddsub_clz.o
        16          4          0          0          0         68   dcheck1.o
        24          0          0          0          0         68   dcmpi.o
       688        140          0          0          0        208   ddiv.o
       120          4          0          0          0         92   deqf.o
        94          4          0          0          0         92   dfix.o
        90          4          0          0          0         92   dfixu.o
        84          0          0          0          0        136   dflt_clz.o
       120          4          0          0          0         92   dleqf.o
       340         12          0          0          0        104   dmul.o
       156          4          0          0          0         92   dnaninf.o
        12          0          0          0          0         68   dretinf.o
       108          0          0          0          0         80   drleqf.o
       408         56          0          0          0        120   dsqrt_umaal.o
        86          4          0          0          0         84   f2d.o
       430          8          0          0          0        168   faddsub_clz.o
        62          4          0          0          0         84   ffixu.o
        38          0          0          0          0         68   fflt_clz.o
       140          4          0          0          0         84   fnaninf.o
         0          0          8          0          0          0   fpconst.o
        10          0          0          0          0         68   fretinf.o
       100          0          0          0          0         68   retnan.o
        92          0          0          0          0         68   scalbn.o
         4          0          0          0          0         68   scanf1.o
         8          0          0          0          0         84   scanf2.o
        48          0          0          0          0         68   trapv.o
         0          0          0          0          0          0   usenofp.o
       548         70        152          0          0        124   atan.o
       384         38          0          0          0        144   atan2.o
        42          0          0          0          0         84   atof.o
       172          8          0          0          0        112   cos.o
       252         22         48          0          0        124   cos_i.o
        16          6          0          0          0         68   dunder.o
        40          0          0          0          0         68   fpclassify.o
        88          8          0          0          0         76   frexp.o
       148          0          0          0          0        160   ldexp.o
       152          4          0          0          0        160   narrow.o
       170          0          0          0          0         96   poly.o
         0          0          8          0          0          0   qnan.o
       904         72        200          0          0        140   rred.o
       176         10          0          0          0        116   sin.o
       236         12         40          0          0        128   sin_i.o
        76          0          0          0          0         84   sqrt.o

    ----------------------------------------------------------------------
     12928        762        904          0         96       7196   Library Totals
        34          0          0          0          0          0   (incl. Padding)

    ----------------------------------------------------------------------

      Code (inc. data)   RO Data    RW Data    ZI Data      Debug   Library Name

      5288        240        448          0         96       2848   c_w.l
      4202        272          8          0          0       2664   fz_ws.l
      3404        250        448          0          0       1684   m_ws.l

    ----------------------------------------------------------------------
     12928        762        904          0         96       7196   Library Totals

    ----------------------------------------------------------------------

==============================================================================


      Code (inc. data)   RO Data    RW Data    ZI Data      Debug   

     15444        906       1540          0        608      20037   Grand Totals
     15444        906       1540          0        608      20037   ELF Image Totals
     15444        906       1540          0          0          0   ROM Totals

==============================================================================

    Total RO  Size (Code + RO Data)                16984 (  16.59kB)
    Total RW  Size (RW Data + ZI Data)               608 (   0.59kB)
    Total ROM Size (Code + RO Data + RW Data)      16984 (  16.59kB)

==============================================================================

