<html>
<body>
<pre>
<h1>µVision Build Log</h1>
<h2>Project:</h2>
E:\GPS_Tracking_System\GPS_TermProject.uvproj
Project File Date:  06/11/2021

<h2>Output:</h2>
Build target 'Target 1'
compiling main.c...
main.c(88): warning:  #68-D: integer conversion resulted in a change of sign
        } while (size == -1);
main.c(117): warning:  #68-D: integer conversion resulted in a change of sign
                        } while (size == -1);
main.c: 2 warnings, 0 errors
linking...
Program Size: Code=14996 RO-data=1556 RW-data=0 ZI-data=608  
".\GPS_TermProject.axf" - 0 Error(s), 2 Warning(s).
ors
compiling UART.c...
linking...
.\GPS_TermProject.axf: Error: L6218E: Undefined symbol uart0_Write (referred from main.o).
Not enough information to list image symbols.
Finished: 1 information, 0 warning and 1 error messages.
".\GPS_TermProject.axf" - 1 Error(s), 3 Warning(s).
Target not created
Error: Could not load file 'E:\GPS_Tracking_System\GPS_TermProject.axf'. Debugger aborted !
rs
compiling UART.c...
UART.c(38): warning:  #177-D: variable "I_FBRD" was declared but never referenced
        double I_FBRD;
UART.c: 1 warning, 0 errors
compiling LED.c...
compiling SYSTICK.c...
compiling LCD.c...
SYSTICK.h(4): warning:  #1-D: last line of file ends without a newline
  void delay_micro(uint32_t time);
LCD.c(79): warning:  #550-D: variable "up" was set but never used
        uint8_t up ;
LCD.c: 2 warnings, 0 errors
linking...
Program Size: Code=15004 RO-data=1540 RW-data=0 ZI-data=608  
".\GPS_TermProject.axf" - 0 Error(s), 10 Warning(s).
